--------- beginning of /dev/log/main
I/DEBUG   ( 1324): debuggerd: Jun 20 2013 10:28:32
--------- beginning of /dev/log/system
I/usb_portd( 1335): USB cable is connected, config 1
E/usb_portd( 1335): Event_FindParam(): Parameter 'SWITCH_NAME' not found
E/usb_portd( 1335): Event_FindParam(): Parameter 'SWITCH_STATE' not found
I/NPS_MOBEX( 1326): task Start
I/NPS_MOBEX( 1326): wscMessageGet msgid:4097
I/Vold    ( 1322): Vold 2.1 (the revenge) firing up
I/Vold    ( 1322): Volume::setState -> Volume sdcard /mnt/sdcard state changed from -1 (Initializing) to 0 (No-Media)
I/dun_mgr ( 1362): No such file or directory, The input option is right!!
I/dun_mgr ( 1362): Original_SimId:1
I/dun_mgr ( 1362): external at command: at*msetsim=1
I/dun_mgr ( 1362): AT command: AT
D/DirectVolume( 1322): DirectVolume::handleBlockEvent -> mCurrentlyMMCRootPath /devices/platform/bcm_sdhc.3/mmc_host/mmc1
D/DirectVolume( 1322): DirectVolume::handleBlockEvent-> ::NlActionAdd:: major 179,minor 0 (disk)
E/Vold    ( 1322): Volume::createDeviceNode -> group(1015,sdcard_rw) 
D/DirectVolume( 1322): DirectVolume::handleDiskAdded -> mDiskMajor 179, mDiskMinor 0, NPARTS:1
I/Vold    ( 1322): Volume::setState -> Volume sdcard /mnt/sdcard state changed from 0 (No-Media) to 2 (Pending)
D/DirectVolume( 1322): DirectVolume::handleBlockEvent-> ::NlActionAdd:: major 179,minor 1 (partition)
E/Vold    ( 1322): Volume::createDeviceNode -> group(1015,sdcard_rw) 
D/DirectVolume( 1322): DirectVolume::handlePartitionAdded -> major 179, minor 1, PARTN 1
I/Vold    ( 1322): Volume::setState -> Volume sdcard /mnt/sdcard state changed from 2 (Pending) to 1 (Idle-Unmounted)
I/atx     ( 1380): [atx: TryConnectSocket to atxd]
D/Vold    ( 1322): VolumeManager::handleSwitchEvent -> Changed USB status SWITCH_NAME(usb_mass_storage),SWITCH_STATE(offline) 
W/Vold    ( 1322): Ignoring unknown switch 'usb_mass_storage'
E/PowerOnSound( 1321): nRingerMode = 2 volume = 0 
D/Vold    ( 1322): VolumeManager::handleSwitchEvent -> Changed USB status SWITCH_NAME(usb_mass_storage),SWITCH_STATE(online) 
W/Vold    ( 1322): Ignoring unknown switch 'usb_mass_storage'
I/atx     ( 1380): [TryConnectAtxd]: attempting to connect again [1 of 20 tries]...
D/AndroidRuntime( 1327): 
D/AndroidRuntime( 1327): >>>>>> AndroidRuntime START com.android.internal.os.ZygoteInit <<<<<<
D/AndroidRuntime( 1327): CheckJNI is OFF
I/AndroidRuntime( 1327): JNI options: '-Xjniopts:warnonly'
E/AndroidRuntime( 1327): feature code ==> cannot open file
D/gps_ril_BRCM( 1325): BrcmLbsRilAsn1_init
D/gps_ril_BRCM( 1325): ril_state_init
D/gps_ril_BRCM( 1325): ril_thread_init
D/gps_ril_BRCM( 1325): RIL LCSAPI thread running
D/gps_ril_BRCM( 1325): ril_lcsapi_init
D/gps_ril_BRCM( 1325): ril_lcsapi_init, socket path=/data/rilgps.socket 
D/gps_ril_BRCM( 1325): ril_state_thread, fd = 21
I/dun_mgr ( 1362): AT command: AT
V/AudioHardwareALSA( 1328): Property get mixerMasterProp[i].propName = alsa.mixer.playback.master -- info->name = Speaker
V/AudioHardwareALSA( 1328): element name - Speaker info->name - Speaker hasVolume[i](elem) = 1
V/AudioHardwareALSA( 1328): element info->volume - 15
V/AudioHardwareALSA( 1328): Mixer: master 'Speaker' found.
V/AudioHardwareALSA( 1328): Property get mixerProp[j][i].propName = alsa.mixer.playback.earpiece -- info->name = Earpiece
V/AudioHardwareALSA( 1328): element name - Speaker info->name - Earpiece hasVolume[i](elem) = 1
V/AudioHardwareALSA( 1328): element name - Mic info->name - Earpiece hasVolume[i](elem) = 0
V/AudioHardwareALSA( 1328): element name - BTHeadset info->name - Earpiece hasVolume[i](elem) = 1
V/AudioHardwareALSA( 1328): element name - Earpiece info->name - Earpiece hasVolume[i](elem) = 1
V/AudioHardwareALSA( 1328): element info->volume - 5
V/AudioHardwareALSA( 1328): Mixer: route 'Earpiece' found.
V/AudioHardwareALSA( 1328): Property get mixerProp[j][i].propName = alsa.mixer.playback.speaker -- info->name = Speaker
V/AudioHardwareALSA( 1328): element name - Speaker info->name - Speaker hasVolume[i](elem) = 1
V/AudioHardwareALSA( 1328): element info->volume - 15
V/AudioHardwareALSA( 1328): Mixer: route 'Speaker' found.
V/AudioHardwareALSA( 1328): Property get mixerProp[j][i].propName = alsa.mixer.playback.headset -- info->name = Headset
V/AudioHardwareALSA( 1328): element name - Speaker info->name - Headset hasVolume[i](elem) = 1
V/AudioHardwareALSA( 1328): element name - Mic info->name - Headset hasVolume[i](elem) = 0
V/AudioHardwareALSA( 1328): element name - BTHeadset info->name - Headset hasVolume[i](elem) = 1
V/AudioHardwareALSA( 1328): element name - Earpiece info->name - Headset hasVolume[i](elem) = 1
V/AudioHardwareALSA( 1328): element name - Headset info->name - Headset hasVolume[i](elem) = 1
V/AudioHardwareALSA( 1328): element info->volume - 15
V/AudioHardwareALSA( 1328): Mixer: route 'Headset' found.
V/AudioHardwareALSA( 1328): Property get mixerProp[j][i].propName = alsa.mixer.playback.bt.sco -- info->name = BTHeadset
V/AudioHardwareALSA( 1328): element name - Speaker info->name - BTHeadset hasVolume[i](elem) = 1
V/AudioHardwareALSA( 1328): element name - Mic info->name - BTHeadset hasVolume[i](elem) = 0
V/AudioHardwareALSA( 1328): element name - BTHeadset info->name - BTHeadset hasVolume[i](elem) = 1
V/AudioHardwareALSA( 1328): element info->volume - 40
V/AudioHardwareALSA( 1328): Mixer: route 'BTHeadset' found.
V/AudioHardwareALSA( 1328): Property get mixerProp[j][i].propName = alsa.mixer.playback.bt.a2dp -- info->name = BTHeadset
V/AudioHardwareALSA( 1328): element name - Speaker info->name - BTHeadset hasVolume[i](elem) = 1
V/AudioHardwareALSA( 1328): element name - Mic info->name - BTHeadset hasVolume[i](elem) = 0
V/AudioHardwareALSA( 1328): element name - BTHeadset info->name - BTHeadset hasVolume[i](elem) = 1
V/AudioHardwareALSA( 1328): element info->volume - 40
V/AudioHardwareALSA( 1328): Mixer: route 'BTHeadset' found.
V/AudioHardwareALSA( 1328): Property get mixerMasterProp[i].propName = alsa.mixer.capture.master -- info->name = Mic
V/AudioHardwareALSA( 1328): element name - Speaker info->name - Mic hasVolume[i](elem) = 0
V/AudioHardwareALSA( 1328): element name - Mic info->name - Mic hasVolume[i](elem) = 1
V/AudioHardwareALSA( 1328): element info->volume - 5
V/AudioHardwareALSA( 1328): Mixer: master 'Mic' found.
V/AudioHardwareALSA( 1328): Property get mixerProp[j][i].propName = alsa.mixer.capture.earpiece -- info->name = Mic
V/AudioHardwareALSA( 1328): element name - Speaker info->name - Mic hasVolume[i](elem) = 0
V/AudioHardwareALSA( 1328): element name - Mic info->name - Mic hasVolume[i](elem) = 1
V/AudioHardwareALSA( 1328): element info->volume - 5
V/AudioHardwareALSA( 1328): Mixer: route 'Mic' found.
V/AudioHardwareALSA( 1328): Property get mixerProp[j][i].propName = alsa.mixer.capture.speaker -- info->name = Mic
V/AudioHardwareALSA( 1328): element name - Speaker info->name - Mic hasVolume[i](elem) = 0
V/AudioHardwareALSA( 1328): element name - Mic info->name - Mic hasVolume[i](elem) = 1
V/AudioHardwareALSA( 1328): element info->volume - 5
V/AudioHardwareALSA( 1328): Mixer: route 'Mic' found.
V/AudioHardwareALSA( 1328): Property get mixerProp[j][i].propName = alsa.mixer.capture.headset -- info->name = Mic
V/AudioHardwareALSA( 1328): element name - Speaker info->name - Mic hasVolume[i](elem) = 0
V/AudioHardwareALSA( 1328): element name - Mic info->name - Mic hasVolume[i](elem) = 1
V/AudioHardwareALSA( 1328): element info->volume - 5
V/AudioHardwareALSA( 1328): Mixer: route 'Mic' found.
V/AudioHardwareALSA( 1328): Property get mixerProp[j][i].propName = alsa.mixer.capture.bt.sco -- info->name = BTHeadset
V/AudioHardwareALSA( 1328): element name - Speaker info->name - BTHeadset hasVolume[i](elem) = 0
V/AudioHardwareALSA( 1328): element name - Mic info->name - BTHeadset hasVolume[i](elem) = 1
V/AudioHardwareALSA( 1328): element name - BTHeadset info->name - BTHeadset hasVolume[i](elem) = 1
V/AudioHardwareALSA( 1328): element info->volume - 40
V/AudioHardwareALSA( 1328): Mixer: route 'BTHeadset' found.
V/AudioHardwareALSA( 1328): Property get mixerProp[j][i].propName = alsa.mixer.capture.bt.a2dp -- info->name = BTHeadset
V/AudioHardwareALSA( 1328): element name - Speaker info->name - BTHeadset hasVolume[i](elem) = 0
V/AudioHardwareALSA( 1328): element name - Mic info->name - BTHeadset hasVolume[i](elem) = 1
V/AudioHardwareALSA( 1328): element name - BTHeadset info->name - BTHeadset hasVolume[i](elem) = 1
V/AudioHardwareALSA( 1328): element info->volume - 40
V/AudioHardwareALSA( 1328): Mixer: route 'BTHeadset' found.
V/AudioHardwareALSA( 1328): mixer initialized.
D/ALSA_Default( 1328): ALSA_DEFAULT::s_init()
D/AudioHardwareALSA( 1328): AudioHardwareALSA::setMode() mode 0, mMode 0
E/BrcmCameraHwInterface( 1328): Default project have one sensor 
E/AudioPolicyService( 1328): Using hardware specific audio policy
V/AudioFlinger( 1328): registerClient() client 0x6f138, pid 1328
E/AudioFlinger( 1328): openOutput(), Device 2, SamplingRate 0, Format 0, Channels 0, flags 0
D/AudioHardwareALSA( 1328): openOutputStream called for devices: 0x00000002
D/ALSA_Default( 1328): ALSA_DEFAULT close..START
D/ALSA_Default( 1328): ALSA_DEFAULT close..END
D/ALSA_Default( 1328): open called for devices 00000002 in mode 0...
D/ALSA_Default( 1328): deviceName:voip_on[0], gvs_on[0], device[0x2]
V/ALSA_Default( 1328): Set PLAYBACK PCM format to S16_LE (Signed 16 bit Little Endian)
V/ALSA_Default( 1328): Using 2 channels for PLAYBACK.
V/ALSA_Default( 1328): Set device 0 sample rate to 44100 HZ
V/ALSA_Default( 1328): Buffer size: 4096
V/ALSA_Default( 1328): Delay: 92879
D/ALSA_Default( 1328): startThreshold=2048 stopThreshold=4096
V/ALSA_Default( 1328): setSoftwareParams Enable Timestamp
D/ALSA_Default( 1328): Initialized ALSA PLAYBACK device AndroidPlayback_Speaker_normal
V/ALSAStreamOps( 1328): ALSAStreamOps constructor
D/AcousticEQ( 1328): Band 01
D/AcousticEQ( 1328): Acoustic_coeff[0] = [15363]
D/AcousticEQ( 1328): Acoustic_coeff[1] = [-17701]
D/AcousticEQ( 1328): Acoustic_coeff[2] = [13716]
D/AcousticEQ( 1328): Acoustic_coeff[3] = [17701]
D/AcousticEQ( 1328): Acoustic_coeff[4] = [-12695]
D/AcousticEQ( 1328): Acoustic_coeff[5] = [-7]
D/AcousticEQ( 1328): Acoustic_coeff[6] = [15310]
D/AcousticEQ( 1328): Acoustic_coeff[7] = [-15672]
D/AcousticEQ( 1328): Acoustic_coeff[8] = [13577]
D/AcousticEQ( 1328): Acoustic_coeff[9] = [15672]
D/AcousticEQ( 1328): Acoustic_coeff[10] = [-12504]
D/AcousticEQ( 1328): Acoustic_coeff[11] = [-7]
D/AcousticEQ( 1328): Acoustic_coeff[12] = [15155]
D/AcousticEQ( 1328): Acoustic_coeff[13] = [-5525]
D/AcousticEQ( 1328): Acoustic_coeff[14] = [13171]
D/AcousticEQ( 1328): Acoustic_coeff[15] = [5525]
D/AcousticEQ( 1328): Acoustic_coeff[16] = [-11942]
D/AcousticEQ( 1328): Acoustic_coeff[17] = [-7]
D/AcousticEQ( 1328): Acoustic_coeff[18] = [15171]
D/AcousticEQ( 1328): Acoustic_coeff[19] = [7346]
D/AcousticEQ( 1328): Acoustic_coeff[20] = [13213]
D/AcousticEQ( 1328): Acoustic_coeff[21] = [-7346]
D/AcousticEQ( 1328): Acoustic_coeff[22] = [-12000]
D/AcousticEQ( 1328): Acoustic_coeff[23] = [-7]
D/AcousticEQ( 1328): Acoustic_coeff[24] = [15231]
D/AcousticEQ( 1328): Acoustic_coeff[25] = [11763]
D/AcousticEQ( 1328): Acoustic_coeff[26] = [13369]
D/AcousticEQ( 1328): Acoustic_coeff[27] = [-11763]
D/AcousticEQ( 1328): Acoustic_coeff[28] = [-12215]
D/AcousticEQ( 1328): Acoustic_coeff[29] = [-7]
D/AcousticEQ( 1328): Acoustic_coeff[30] = [15861]
D/AcousticEQ( 1328): Acoustic_coeff[31] = [28528]
D/AcousticEQ( 1328): Acoustic_coeff[32] = [15017]
D/AcousticEQ( 1328): Acoustic_coeff[33] = [-28528]
D/AcousticEQ( 1328): Acoustic_coeff[34] = [-14494]
D/AcousticEQ( 1328): Acoustic_coeff[35] = [-7]
D/AcousticEQ( 1328): Acoustic_coeff[36] = [17540]
D/AcousticEQ( 1328): Acoustic_coeff[37] = [-26123]
D/AcousticEQ( 1328): Acoustic_coeff[38] = [19406]
D/AcousticEQ( 1328): Acoustic_coeff[39] = [26123]
D/AcousticEQ( 1328): Acoustic_coeff[40] = [-20562]
D/AcousticEQ( 1328): Acoustic_coeff[41] = [-7]
D/AcousticEQ( 1328): Band 02
D/AcousticEQ( 1328): Acoustic_coeff[0] = [15915]
D/AcousticEQ( 1328): Acoustic_coeff[1] = [-18317]
D/AcousticEQ( 1328): Acoustic_coeff[2] = [14972]
D/AcousticEQ( 1328): Acoustic_coeff[3] = [18317]
D/AcousticEQ( 1328): Acoustic_coeff[4] = [-14503]
D/AcousticEQ( 1328): Acoustic_coeff[5] = [-6]
D/AcousticEQ( 1328): Acoustic_coeff[6] = [15890]
D/AcousticEQ( 1328): Acoustic_coeff[7] = [-16145]
D/AcousticEQ( 1328): Acoustic_coeff[8] = [14896]
D/AcousticEQ( 1328): Acoustic_coeff[9] = [16145]
D/AcousticEQ( 1328): Acoustic_coeff[10] = [-14402]
D/AcousticEQ( 1328): Acoustic_coeff[11] = [-6]
D/AcousticEQ( 1328): Acoustic_coeff[12] = [15817]
D/AcousticEQ( 1328): Acoustic_coeff[13] = [-5065]
D/AcousticEQ( 1328): Acoustic_coeff[14] = [14677]
D/AcousticEQ( 1328): Acoustic_coeff[15] = [5065]
D/AcousticEQ( 1328): Acoustic_coeff[16] = [-14110]
D/AcousticEQ( 1328): Acoustic_coeff[17] = [-6]
D/AcousticEQ( 1328): Acoustic_coeff[18] = [15834]
D/AcousticEQ( 1328): Acoustic_coeff[19] = [9063]
D/AcousticEQ( 1328): Acoustic_coeff[20] = [14727]
D/AcousticEQ( 1328): Acoustic_coeff[21] = [-9063]
D/AcousticEQ( 1328): Acoustic_coeff[22] = [-14177]
D/AcousticEQ( 1328): Acoustic_coeff[23] = [-6]
D/AcousticEQ( 1328): Acoustic_coeff[24] = [15867]
D/AcousticEQ( 1328): Acoustic_coeff[25] = [13808]
D/AcousticEQ( 1328): Acoustic_coeff[26] = [14828]
D/AcousticEQ( 1328): Acoustic_coeff[27] = [-13808]
D/AcousticEQ( 1328): Acoustic_coeff[28] = [-14311]
D/AcousticEQ( 1328): Acoustic_coeff[29] = [-6]
D/AcousticEQ( 1328): Acoustic_coeff[30] = [16186]
D/AcousticEQ( 1328): Acoustic_coeff[31] = [30211]
D/AcousticEQ( 1328): Acoustic_coeff[32] = [15789]
D/AcousticEQ( 1328): Acoustic_coeff[33] = [-30211]
D/AcousticEQ( 1328): Acoustic_coeff[34] = [-15592]
D/AcousticEQ( 1328): Acoustic_coeff[35] = [-6]
D/AcousticEQ( 1328): Acoustic_coeff[36] = [16785]
D/AcousticEQ( 1328): Acoustic_coeff[37] = [-26996]
D/AcousticEQ( 1328): Acoustic_coeff[38] = [17592]
D/AcousticEQ( 1328): Acoustic_coeff[39] = [26996]
D/AcousticEQ( 1328): Acoustic_coeff[40] = [-17994]
D/AcousticEQ( 1328): Acoustic_coeff[41] = [-6]
D/AcousticEQ( 1328): Band 03
D/AcousticEQ( 1328): Acoustic_coeff[0] = [14170]
D/AcousticEQ( 1328): Acoustic_coeff[1] = [-9723]
D/AcousticEQ( 1328): Acoustic_coeff[2] = [11240]
D/AcousticEQ( 1328): Acoustic_coeff[3] = [9723]
D/AcousticEQ( 1328): Acoustic_coeff[4] = [-9026]
D/AcousticEQ( 1328): Acoustic_coeff[5] = [-8]
D/AcousticEQ( 1328): Acoustic_coeff[6] = [14106]
D/AcousticEQ( 1328): Acoustic_coeff[7] = [-7168]
D/AcousticEQ( 1328): Acoustic_coeff[8] = [11091]
D/AcousticEQ( 1328): Acoustic_coeff[9] = [7168]
D/AcousticEQ( 1328): Acoustic_coeff[10] = [-8813]
D/AcousticEQ( 1328): Acoustic_coeff[11] = [-8]
D/AcousticEQ( 1328): Acoustic_coeff[12] = [14065]
D/AcousticEQ( 1328): Acoustic_coeff[13] = [4890]
D/AcousticEQ( 1328): Acoustic_coeff[14] = [10998]
D/AcousticEQ( 1328): Acoustic_coeff[15] = [-4890]
D/AcousticEQ( 1328): Acoustic_coeff[16] = [-8679]
D/AcousticEQ( 1328): Acoustic_coeff[17] = [-8]
D/AcousticEQ( 1328): Acoustic_coeff[18] = [14595]
D/AcousticEQ( 1328): Acoustic_coeff[19] = [18967]
D/AcousticEQ( 1328): Acoustic_coeff[20] = [12228]
D/AcousticEQ( 1328): Acoustic_coeff[21] = [-18967]
D/AcousticEQ( 1328): Acoustic_coeff[22] = [-10439]
D/AcousticEQ( 1328): Acoustic_coeff[23] = [-8]
D/AcousticEQ( 1328): Acoustic_coeff[24] = [14944]
D/AcousticEQ( 1328): Acoustic_coeff[25] = [23452]
D/AcousticEQ( 1328): Acoustic_coeff[26] = [13039]
D/AcousticEQ( 1328): Acoustic_coeff[27] = [-23452]
D/AcousticEQ( 1328): Acoustic_coeff[28] = [-11599]
D/AcousticEQ( 1328): Acoustic_coeff[29] = [-8]
D/AcousticEQ( 1328): Acoustic_coeff[30] = [17728]
D/AcousticEQ( 1328): Acoustic_coeff[31] = [-31136]
D/AcousticEQ( 1328): Acoustic_coeff[32] = [19506]
D/AcousticEQ( 1328): Acoustic_coeff[33] = [31136]
D/AcousticEQ( 1328): Acoustic_coeff[34] = [-20850]
D/AcousticEQ( 1328): Acoustic_coeff[35] = [-8]
D/AcousticEQ( 1328): Acoustic_coeff[36] = [14595]
D/AcousticEQ( 1328): Acoustic_coeff[37] = [-18966]
D/AcousticEQ( 1328): Acoustic_coeff[38] = [12228]
D/AcousticEQ( 1328): Acoustic_coeff[39] = [18966]
D/AcousticEQ( 1328): Acoustic_coeff[40] = [-10439]
D/AcousticEQ( 1328): Acoustic_coeff[41] = [-8]
D/AcousticEQ( 1328): mBandEnable[0] = [1]
D/AcousticEQ( 1328): mBandEnable[1] = [0]
D/AcousticEQ( 1328): mBandEnable[2] = [0]
D/AcousticEQ( 1328): AM-LITE using mOnOff = [1]
D/ALSAStreamOps( 1328): ALSAStreamOps::set format=0 channel=0 rate=0
D/ALSAStreamOps( 1328): ALSAStreamOps::set #1channel=12
D/ALSAStreamOps( 1328): ALSAStreamOps::set #2 rate=44100
D/ALSAStreamOps( 1328): ALSAStreamOps::set #3 format=1
E/AudioFlinger( 1328): openOutput() openOutputStream returned output 0x6f1a8, SamplingRate 44100, Format 1, Channels c, status 0
D/ALSAStreamOps( 1328): ALSAStreamOps::sampleRate 44100
D/ALSAStreamOps( 1328):  ALSAStreamOps::channels count 2, mHandle->curDev 0x2 
D/ALSAStreamOps( 1328):  ALSAStreamOps::channels count 2, mHandle->curDev 0x2 
E/ALSAStreamOps( 1328): ALSAStreamOps::bufferSize mHandle->bufferSize 4096, bytes 8192 
I/atx     ( 1380): [TryConnectAtxd]: attempting to connect again [2 of 20 tries]...
V/AudioFlinger( 1328): openOutput() created mixer output: ID 1 thread 0x6f228
V/AudioFlinger( 1328): PlaybackThread::audioConfigChanged_l, thread 0x6f228, event 0, param 0
V/ALSAStreamOps( 1328):  ALSAStreamOps::setParameters() routing=2, mode 0
V/ALSAStreamOps( 1328): routing device = 0x2
V/AudioHardwareALSA( 1328): getNREConoff - mNREConoff: 0
D/ALSA_Default( 1328): route called for devices 00000002 in mode 0...
D/ALSA_Default( 1328): route for_recording  handle->handle 0x6f3f0, handle->curDev 0x2
D/ALSA_Default( 1328): extra_devices - 0 devices- 2  mode - 0
D/AudioPolicyManagerBase( 1328): getDeviceForStrategy: STRATEGY_MEDIA, mPhoneState: 0
D/AudioPolicyManagerBase( 1328): getDeviceForStrategy: STRATEGY_MEDIA, AudioSystem::FORCE_SPEAKER: 
D/AudioPolicyManagerBase( 1328): getDeviceForStrategy: STRATEGY_MEDIA, AudioSystem::FORCE_NONE: 
D/AudioPolicyManagerBase( 1328): getDeviceForStrategy: STRATEGY_MEDIA, device:2 device2: 2 
D/AudioPolicyManagerBase( 1328): getDeviceForStrategy: STRATEGY_MEDIA, mPhoneState: 0
D/AudioPolicyManagerBase( 1328): getDeviceForStrategy: STRATEGY_MEDIA, AudioSystem::FORCE_SPEAKER: 
D/AudioPolicyManagerBase( 1328): getDeviceForStrategy: STRATEGY_MEDIA, AudioSystem::FORCE_NONE: 
D/AudioPolicyManagerBase( 1328): getDeviceForStrategy: STRATEGY_MEDIA, device:2 device2: 2 
D/AudioPolicyManagerBase( 1328): getDeviceForStrategy: STRATEGY_MEDIA, mPhoneState: 0
D/AudioPolicyManagerBase( 1328): getDeviceForStrategy: STRATEGY_MEDIA, AudioSystem::FORCE_SPEAKER: 
D/AudioPolicyManagerBase( 1328): getDeviceForStrategy: STRATEGY_MEDIA, AudioSystem::FORCE_NONE: 
D/AudioPolicyManagerBase( 1328): getDeviceForStrategy: STRATEGY_MEDIA, device:2 device2: 2 
E/AudioPolicyManager( 1328): CscCheck : SWA Operator.
V/AudioPolicyManager( 1328): setSystemProperty() property ro.camera.sound.forced, value 0
V/AudioPolicyManager( 1328): ENFORCED_AUDIBLE can be muted
V/AudioFlinger( 1328): Audio hardware entering standby, mixer 0x6f228, mSuspended 0
D/AudioStreamOutALSA( 1328): AudioStreamOutALSA::standby--pause
V/AudioFlinger( 1328): MixerThread 0x6f228 TID 1491 going to sleep
D/LibQmg_native( 1327): register_android_app_LibQmg
I/SamplingProfilerIntegration( 1327): Profiler is disabled.
I/Zygote  ( 1327): !@beginofpreloadClasses()
I/Zygote  ( 1327): Preloading classes...
E/Zygote  ( 1327): setreuid() failed. errno: 30
D/dalvikvm( 1327): GC_EXPLICIT freed 50K, 76% free 254K/1024K, external 0K/0K, paused 3ms
D/dalvikvm( 1327): GC_EXPLICIT freed 1K, 71% free 304K/1024K, external 0K/0K, paused 2ms
D/dalvikvm( 1327): GC_EXPLICIT freed 20K, 68% free 337K/1024K, external 0K/0K, paused 3ms
D/dalvikvm( 1327): GC_EXPLICIT freed 16K, 64% free 375K/1024K, external 0K/0K, paused 3ms
D/dalvikvm( 1327): GC_EXPLICIT freed 25K, 61% free 404K/1024K, external 0K/0K, paused 4ms
D/SKIA_FONT( 1327): load_system_fonts(), name = Droid Sans, style = 0, uniqueID = 1
D/SKIA_FONT( 1327): load_system_fonts(), name = Droid Sans, style = 1, uniqueID = 2
D/SKIA_FONT( 1327): load_system_fonts(), name = Droid Serif, style = 0, uniqueID = 3
D/SKIA_FONT( 1327): load_system_fonts(), name = Droid Serif, style = 1, uniqueID = 4
D/SKIA_FONT( 1327): load_system_fonts(), name = Droid Serif, style = 2, uniqueID = 5
D/SKIA_FONT( 1327): load_system_fonts(), name = Droid Serif, style = 3, uniqueID = 6
D/SKIA_FONT( 1327): load_system_fonts(), name = Droid Sans Mono, style = 0, uniqueID = 7
D/SKIA_FONT( 1327): load_system_fonts(), name = Droid Sans Arabic, style = 0, uniqueID = 8
D/SKIA_FONT( 1327): load_system_fonts(), name = Droid Sans Hebrew, style = 0, uniqueID = 9
D/SKIA_FONT( 1327): load_system_fonts(), name = SamsungArmenian, style = 0, uniqueID = 10
D/SKIA_FONT( 1327): load_system_fonts(), name = SamsungGeorgian, style = 0, uniqueID = 11
D/SKIA_FONT( 1327): load_system_fonts(), name = Droid Sans Thai, style = 0, uniqueID = 12
D/SKIA_FONT( 1327): load_system_fonts(), name = HelveM_Telugu, style = 0, uniqueID = 13
D/SKIA_FONT( 1327): load_system_fonts(), name = Droid Sans Fallback, style = 0, uniqueID = 14
D/SKIA_FONT( 1327): load_system_fonts(), oldSansUID = 0, newSansUID = 1
D/SKIA_FONT( 1327): load_system_fonts(), oldSansBoldUID = 0, newSansBoldUID = 2
D/dalvikvm( 1327): GC_EXPLICIT freed 23K, 55% free 464K/1024K, external 0K/0K, paused 7ms
I/atx     ( 1380): [TryConnectAtxd]: attempting to connect again [3 of 20 tries]...
D/dalvikvm( 1327): GC_EXPLICIT freed 101K, 45% free 572K/1024K, external 0K/0K, paused 7ms
D/dalvikvm( 1327): GC_EXPLICIT freed 273K, 26% free 911K/1219K, external 0K/0K, paused 13ms
D/dalvikvm( 1327): GC_EXPLICIT freed 20K, 23% free 948K/1219K, external 0K/0K, paused 10ms
D/dalvikvm( 1327): GC_EXPLICIT freed 33K, 19% free 1042K/1283K, external 0K/0K, paused 10ms
D/dalvikvm( 1327): GC_EXPLICIT freed 47K, 7% free 1325K/1411K, external 0K/0K, paused 16ms
D/dalvikvm( 1327): GC_EXPLICIT freed 24K, 5% free 1354K/1411K, external 0K/0K, paused 16ms
D/dalvikvm( 1327): GC_EXPLICIT freed 28K, 7% free 1380K/1475K, external 0K/0K, paused 17ms
D/dalvikvm( 1327): GC_EXPLICIT freed 11K, 4% free 1422K/1475K, external 0K/0K, paused 17ms
W/Zygote  ( 1327): Class not found for preloading: android.widget.TextView$3
I/atx     ( 1380): [TryConnectAtxd]: attempting to connect again [4 of 20 tries]...
D/dalvikvm( 1327): GC_EXPLICIT freed 27K, 6% free 1449K/1539K, external 0K/0K, paused 17ms
D/dalvikvm( 1327): GC_EXPLICIT freed 30K, 5% free 1475K/1539K, external 0K/0K, paused 17ms
D/dalvikvm( 1327): GC_EXPLICIT freed 26K, 3% free 1506K/1539K, external 0K/0K, paused 17ms
D/dalvikvm( 1327): GC_EXPLICIT freed 45K, 6% free 1517K/1603K, external 0K/0K, paused 35ms
I/atxd    ( 1506): Starting atxd listener loop...
D/        ( 1506):    atcconfig_db[0].E = 1
D/        ( 1506):    atcconfig_db[1].E = 1
D/        ( 1506):    atcconfig_db[2].E = 1
D/        ( 1506):    atcconfig_db[3].E = 1
D/        ( 1506):    atcconfig_db[4].E = 1
D/        ( 1506):    atcconfig_db[5].E = 1
D/        ( 1506):    atcconfig_db[6].E = 1
D/        ( 1506):    atcconfig_db[7].E = 1
D/        ( 1506):    atcconfig_db[8].E = 1
D/        ( 1506):    atcconfig_db[9].E = 1
D/dalvikvm( 1327): GC_EXPLICIT freed 67K, 8% free 1538K/1667K, external 0K/0K, paused 19ms
I/dun_mgr ( 1362): AT command: AT
I/atx     ( 1380): [TryConnectAtxd]: attempting to connect again [5 of 20 tries]...
I/atx     ( 1380): [InitSocket]: successful, s_sd_atxDaemon=0x12
E/atx     ( 1380): UART_SetupTerminal unable to store old settings: retval=-1, errno=22
E/atx     ( 1380): UART_SetupTerminal failed: retval=-1, errno=22
I/atx     ( 1380): pcsync_init
I/at      ( 1506): AT_ProcessV24ATString invalid channel 99
I/at      ( 1506): AT_ProcessV24ATString invalid channel 99
I/at      ( 1506): AT_ProcessV24ATString invalid channel 99
I/at      ( 1506): AT_ProcessV24ATString invalid channel 99
I/at      ( 1506): AT_ProcessV24ATString invalid channel 99
I/at      ( 1506): AT_ProcessV24ATString invalid channel 99
I/at      ( 1506): AT_ProcessV24ATString invalid channel 99
I/at      ( 1506): AT_ProcessV24ATString invalid channel 99
I/at      ( 1506): AT_ProcessV24ATString invalid channel 99
I/at      ( 1506): AT_ProcessV24ATString invalid channel 99
I/at      ( 1506): AT_ProcessV24ATString invalid channel 99
I/at      ( 1506): AT_ProcessV24ATString invalid channel 99
I/at      ( 1506): AT_ProcessV24ATString invalid channel 99
I/at      ( 1506): AT_ProcessV24ATString invalid channel 99
I/at      ( 1506): AT_ProcessV24ATString invalid channel 99
I/at      ( 1506): AT_ProcessV24ATString invalid channel 99
I/at      ( 1506): AT_ProcessV24ATString invalid channel 99
I/at      ( 1506): AT_ProcessV24ATString invalid channel 99
I/at      ( 1506): AT_ProcessV24ATString invalid channel 99
I/at      ( 1506): AT_ProcessV24ATString invalid channel 99
I/at      ( 1506): AT_ProcessV24ATString invalid channel 99
I/at      ( 1506): AT_ProcessV24ATString invalid channel 99
D/dalvikvm( 1327): GC_FOR_MALLOC freed 2840K, 56% free 2282K/5123K, external 0K/0K, paused 108ms
D/AndroidRuntime( 1514): 
D/AndroidRuntime( 1514): >>>>>> AndroidRuntime START com.android.internal.os.RuntimeInit <<<<<<
D/AndroidRuntime( 1514): CheckJNI is OFF
I/AndroidRuntime( 1514): JNI options: '-Xjniopts:warnonly'
E/AndroidRuntime( 1514): feature code ==> cannot open file
D/LibQmg_native( 1514): register_android_app_LibQmg
D/AndroidRuntime( 1514): Calling main entry com.android.commands.am.Am
D/AndroidRuntime( 1514): Shutting down VM
D/dalvikvm( 1514): GC_CONCURRENT freed 103K, 70% free 311K/1024K, external 0K/0K, paused 1ms+1ms
D/dalvikvm( 1514): Debugger has detached; object registry had 1 entries
I/AndroidRuntime( 1514): NOTE: attach of thread 'Binder Thread #3' failed
I/atx     ( 1380): pcsync_socket_init : completed
I/at      ( 1506): open driver brcm_atc fd - 12
I/atxd    ( 1506): [HandleClientCommandPacket] register client at socket 9
I/at      ( 1506): GetAvailableDevID: devID=9, available devID=0
E/atxd    ( 1506): [RegisterClient]: devID=9
I/at      ( 1506): SERIALMGR_RegisterClient: inDevID=9
I/at      ( 1506): Serial_OpenDevice: devID=9
I/at      ( 1506): Serial_OpenDevice: openResult=1
I/atxd    ( 1506): RegisterClient: atCh 0, devID 9, allowUnsolEvents 0, flags 0xd
D/        ( 1506): AT_SetDefaultParms; i=0 chan=0
D/        ( 1506):    atcconfig_db[0].E = 1
I/at      ( 1506): AT_URILC_RegisterCallbacks[0]: clientID=2
I/atxd    ( 1506): RegisterClient: Enable ATD over ACM
I/atxd    ( 1506): RegisterClient: dun_mgr initiated
I/atx     ( 1380): __pcsync_monitor_thread ...
I/at      ( 1506): SERIALMGR_RX_Entry: devID=9, BEGIN
D/dalvikvm( 1327): GC_EXPLICIT freed 2447K, 51% free 2535K/5123K, external 0K/0K, paused 51ms
D/dalvikvm( 1327): GC_EXPLICIT freed 149K, 50% free 2599K/5123K, external 0K/0K, paused 35ms
D/        ( 1506): AT_IsEchoOn: ch=0 AT_GetChannelCfg(0)->E=1
I/dun_mgr ( 1362): atx response: ...
D/dalvikvm( 1327): GC_EXPLICIT freed 73K, 49% free 2625K/5123K, external 0K/0K, paused 34ms
D/        ( 1506): AT_IsEchoOn: ch=0 AT_GetChannelCfg(0)->E=1
I/dun_mgr ( 1362): atx response: ...
D/dalvikvm( 1327): GC_EXPLICIT freed 37K, 49% free 2642K/5123K, external 0K/0K, paused 35ms
D/dalvikvm( 1327): GC_EXPLICIT freed 31K, 48% free 2666K/5123K, external 0K/0K, paused 34ms
I/dun_mgr ( 1362): AT command: AT
D/        ( 1506): AT_IsEchoOn: ch=0 AT_GetChannelCfg(0)->E=1
I/at      ( 1506): ATcmd:0 at 3
I/at      ( 1506): AT_ProcessCharParserDataInd at cmd sent state=4 
I/dun_mgr ( 1362): atx response: ...
D/        ( 1506): AT_IsEchoOn: ch=0 AT_GetChannelCfg(0)->E=1
I/dun_mgr ( 1362): atx response: ...
D/dalvikvm( 1327): GC_EXPLICIT freed 38K, 48% free 2688K/5123K, external 0K/0K, paused 38ms
I/Zygote  ( 1327): ...preloaded 1832 classes in 5320ms.
E/Zygote  ( 1327): setreuid() failed. errno: 17
I/Zygote  ( 1327): !@endofpreloadClasses()
D/dalvikvm( 1327): GC_EXPLICIT freed 19K, 48% free 2687K/5123K, external 0K/0K, paused 34ms
I/Zygote  ( 1327): Preloading resources...
D/        ( 1506): AT_IsEchoOn: ch=0 AT_GetChannelCfg(0)->E=1
I/dun_mgr ( 1362): atx response: ...
D/dalvikvm( 1327): GC_EXTERNAL_ALLOC freed <1K, 48% free 2688K/5123K, external 0K/0K, paused 36ms
D/        ( 1506): AT_IsEchoOn: ch=0 AT_GetChannelCfg(0)->E=1
I/dun_mgr ( 1362): atx response: ...
D/dalvikvm( 1327): GC_EXPLICIT freed 16K, 47% free 2728K/5123K, external 250K/517K, paused 35ms
D/        ( 1506): AT_IsEchoOn: ch=0 AT_GetChannelCfg(0)->E=1
I/dun_mgr ( 1362): atx response: ...
I/Zygote  ( 1327): ...preloaded 51 resources in 261ms.
D/dalvikvm( 1327): GC_EXPLICIT freed 22K, 47% free 2763K/5123K, external 412K/517K, paused 36ms
I/Zygote  ( 1327): ...preloaded 15 resources in 48ms.
I/Zygote  ( 1327): !@endofpreloadResources()
D/        ( 1506): AT_IsEchoOn: ch=0 AT_GetChannelCfg(0)->E=1
I/dun_mgr ( 1362): atx response: ...
D/dalvikvm( 1327): GC_EXPLICIT freed 10K, 47% free 2760K/5123K, external 412K/517K, paused 38ms
D/dalvikvm( 1327): GC_EXPLICIT freed 2K, 47% free 2757K/5123K, external 412K/517K, paused 35ms
D/dalvikvm( 1327): GC_EXPLICIT freed <1K, 47% free 2757K/5123K, external 412K/517K, paused 35ms
I/Zygote  ( 1327): Accepting command socket connections
D/        ( 1506): AT_IsEchoOn: ch=0 AT_GetChannelCfg(0)->E=1
I/dun_mgr ( 1362): atx response: ...
D/        ( 1506): AT_IsEchoOn: ch=0 AT_GetChannelCfg(0)->E=1
I/dun_mgr ( 1362): atx response: ...
E/BatteryService( 1527): batteryPresentPath not found
E/sysproc ( 1527): opengl_init(): Cannot load library: load_library[1105]: Library '/system/lib/egl/libGLES_hgl_server.so' not found
E/sysproc ( 1527): khronos_server_init() failed
I/SurfaceFlinger( 1527): FB : physAddr [0x93500000][0x9354b000], virtAddr[0x46e8c000][0x46ed7000]
I/SurfaceFlinger( 1527): FB : mWidth[240], mHeight[320], mFormat[5]
D/SurfaceFlinger( 1527): TC::YUV will be converted to RGBA
D/SurfaceFlinger( 1527): Horz Tiles[8] Vert Tiles[10]
D/SurfaceFlinger( 1527): Physical Memory allocated pAddr[0x94400000] vAddr[0x46f24000] size[630784]
D/SurfaceFlinger( 1527): shader_pAddr[0x94401000] size[0x00002000]
D/SurfaceFlinger( 1527): render_cle_pAddr[0x94404000] size[0x0000a000]
D/SurfaceFlinger( 1527): bin_cle_pAddr[0x9440f000] size[0x00006000]
I/dun_mgr ( 1362): AT command: AT+CGMI
D/        ( 1506): AT_IsEchoOn: ch=0 AT_GetChannelCfg(0)->E=1
I/at      ( 1506): ATcmd:0 at+CGMI 8
I/at      ( 1506): AT_ProcessCharParserDataInd at cmd sent state=4 
I/dun_mgr ( 1362): atx response: ...
I/at      ( 1506): ProcessATCmd: bypass to the CP: at+CGMI, len=7, cmdParmBuf=, curCmdStr=+CGMI, pConcatCmd=
I/at      ( 1506): ATC_KERNEL_Get_AT_RESP - 
I/at      ( 1506): Broadcom
I/at      ( 1506): ATC_KERNEL_Get_AT_RESP - 
I/at      ( 1506): OK
I/dun_mgr ( 1362): atx response: ...
D/SurfaceFlinger( 1527): tc_cle_pAddr[0x94416000] size[0x00008000]
D/SurfaceFlinger( 1527): shader_rec_pAddr[0x9441f000] size[0x00008000]
D/SurfaceFlinger( 1527): Tile State pAddr[0x94428000] size[196608]
D/SurfaceFlinger( 1527): Tile Alloc pAddr[0x94459000] size[262144]
D/SurfaceFlinger( 1527): Tile Binning mode config size 15
D/SurfaceFlinger( 1527): Tile Rendering mode config size 10
D/SensorService( 1527): nuSensorService starting...
D/HSCDSensor( 1527): HSCDSensor
D/HSCDSensor( 1527): loadHSCDLibrary
D/HSCDSensor( 1527): open sensors file.
D/HSCDSensor( 1527): open calibration file.
D/HSCDSensor( 1527): open parameter file.
D/HSCDSensor( 1527): [START_CL3D]
D/SensorBase( 1527): openInput : inputName : magnetic_sensor
D/SensorBase( 1527): Using /dev/input/event2 (name=magnetic_sensor)
D/SensorBase( 1527): openInput : inputName : proximity_sensor
D/SensorBase( 1527): Using /dev/input/event1 (name=proximity_sensor)
E/SensorProximity( 1527): /sys/class/input/event1/device/enable : 1
D/SensorProximity( 1527): setInitialState
D/SensorsPoll( 1527): open_sensors
D/SensorsPoll( 1527): +poll__activate: handle=0 enabled=0
D/SensorsPoll( 1527): +poll__activate: handle=1 enabled=0
D/SensorsPoll( 1527): +poll__activate: handle=2 enabled=0
D/SensorsPoll( 1527): +poll__activate: handle=3 enabled=0
E/SensorProximity( 1527): /sys/class/input/event1/device/enable : 0
D/SensorProximity( 1527): setInitialState
I/SystemServer( 1527): Entered the Android system server!
D/SensorService( 1527): nuSensorService thread starting...
I/SystemServer( 1527): Entropy Service
I/SystemServer( 1527): Power Manager
D/        ( 1506): AT_IsEchoOn: ch=0 AT_GetChannelCfg(0)->E=1
I/dun_mgr ( 1362): atx response: ...
I/SystemServer( 1527): Activity Manager
I/ActivityManager( 1527): Memory class: 64
D/gralloc ( 1527): open(/dev/gememalloc)++
D/gralloc ( 1527): open(/dev/gememalloc)--
D/gralloc ( 1527): gralloc_alloc_buffer: Opened gememalloc
D/SurfaceFlinger( 1527): Layer[18eff0]:: Tile format buffer w[256] h[320] f[4] v[0x472ef000] p[0x944c3000] sz[163840]
D/SurfaceFlinger( 1527): Tile Convert CL curr[528] prev max[0] num_blocks[1]
D/        ( 1506): AT_IsEchoOn: ch=0 AT_GetChannelCfg(0)->E=1
I/dun_mgr ( 1362): atx response: ...
I/SystemServer( 1527): Telephony Registry
D/        ( 1506): AT_IsEchoOn: ch=0 AT_GetChannelCfg(0)->E=1
I/dun_mgr ( 1362): atx response: ...
I/SystemServer( 1527): Package Manager
I/SystemServer( 1527): !@beginofPackageManager
I/Installer( 1527): connecting...
D/dalvikvm( 1527): GC_CONCURRENT freed 142K, 46% free 3054K/5575K, external 412K/517K, paused 4ms+4ms
D/        ( 1506): AT_IsEchoOn: ch=0 AT_GetChannelCfg(0)->E=1
I/dun_mgr ( 1362): atx response: ...
D/        ( 1506): AT_IsEchoOn: ch=0 AT_GetChannelCfg(0)->E=1
I/dun_mgr ( 1362): atx response: ...
D/dalvikvm( 1527): GC_CONCURRENT freed 132K, 43% free 3452K/5959K, external 412K/517K, paused 4ms+5ms
D/        ( 1506): AT_IsEchoOn: ch=0 AT_GetChannelCfg(0)->E=1
I/dun_mgr ( 1362): atx response: ...
D/        ( 1506): AT_IsEchoOn: ch=0 AT_GetChannelCfg(0)->E=1
I/dun_mgr ( 1362): atx response: ...
I/dun_mgr ( 1362): AT command: AT+CGMM
D/        ( 1506): AT_IsEchoOn: ch=0 AT_GetChannelCfg(0)->E=1
I/at      ( 1506): ATcmd:0 at+CGMM 8
I/at      ( 1506): AT_ProcessCharParserDataInd at cmd sent state=4 
I/at      ( 1506): ProcessATCmd: bypass to the CP: at+CGMM, len=7, cmdParmBuf=, curCmdStr=+CGMM, pConcatCmd=
I/dun_mgr ( 1362): atx response: ...
I/at      ( 1506): ATC_KERNEL_Get_AT_RESP - 
I/at      ( 1506): Wedge
I/at      ( 1506): ATC_KERNEL_Get_AT_RESP - 
I/at      ( 1506): OK
I/dun_mgr ( 1362): atx response: ...
D/dalvikvm( 1527): GC_CONCURRENT freed 615K, 48% free 3353K/6343K, external 412K/517K, paused 4ms+14ms
D/        ( 1506): AT_IsEchoOn: ch=0 AT_GetChannelCfg(0)->E=1
I/dun_mgr ( 1362): atx response: ...
D/PackageManager( 1527): scanPackage : /system/framework/framework-res.apk
D/        ( 1506): AT_IsEchoOn: ch=0 AT_GetChannelCfg(0)->E=1
I/dun_mgr ( 1362): atx response: ...
W/PackageManager( 1527): Check ABI compatibility
D/        ( 1506): AT_IsEchoOn: ch=0 AT_GetChannelCfg(0)->E=1
I/dun_mgr ( 1362): atx response: ...
D/dalvikvm( 1527): GC_CONCURRENT freed 211K, 43% free 3653K/6343K, external 412K/517K, paused 4ms+5ms
D/        ( 1506): AT_IsEchoOn: ch=0 AT_GetChannelCfg(0)->E=1
I/dun_mgr ( 1362): atx response: ...
E/PackageManager( 1527): setPackageList() configFilename:/system/etc/enforcecopyinglibpackages.txt, packageList:[]
E/PackageManager( 1527): There has no files. :/system/etc/enforcecopyinglibpackages.txt
D/PackageManager( 1527): scanPackage : /system/framework/twframework-res.apk
D/PackageManager( 1527): scanPackage : /system/app/GoogleCalendarSyncAdapter.apk
W/PackageManager( 1527): Check ABI compatibility
D/PackageManager( 1527): scanPackage : /system/app/wipereceiver.apk
W/PackageManager( 1527): Check ABI compatibility
D/PackageManager( 1527): scanPackage : /system/app/PhoneErrService.apk
D/        ( 1506): AT_IsEchoOn: ch=0 AT_GetChannelCfg(0)->E=1
I/dun_mgr ( 1362): atx response: ...
W/PackageManager( 1527): Check ABI compatibility
D/PackageManager( 1527): scanPackage : /system/app/Calculator.apk
W/PackageManager( 1527): Check ABI compatibility
D/PackageManager( 1527): scanPackage : /system/app/BooksPhone.apk
D/SurfaceFlinger( 1527): Layer[18eff0] [8] RGB565 reloads
W/ResourceType( 1527): Failure getting entry for 0x7f0e004d (t=13 e=77) in package 0 (error -75)
W/ResourceType( 1527): Failure getting entry for 0x7f0e004e (t=13 e=78) in package 0 (error -75)
W/Resources( 1527): Converting to boolean: TypedValue{t=0x3/d=0x42b "false" a=3 r=0x7f0f0007}
D/        ( 1506): AT_IsEchoOn: ch=0 AT_GetChannelCfg(0)->E=1
I/dun_mgr ( 1362): atx response: ...
W/PackageManager( 1527): Check ABI compatibility
D/        ( 1506): AT_IsEchoOn: ch=0 AT_GetChannelCfg(0)->E=1
I/dun_mgr ( 1362): atx response: ...
D/dalvikvm( 1527): GC_CONCURRENT freed 195K, 40% free 4019K/6599K, external 412K/517K, paused 4ms+8ms
D/PackageManager( 1527): scanPackage : /system/app/BluetoothTestMode.apk
W/PackageManager( 1527): Check ABI compatibility
D/PackageManager( 1527): scanPackage : /system/app/SelfTest.apk
W/PackageManager( 1527): Check ABI compatibility
D/PackageManager( 1527): scanPackage : /system/app/talkback.apk
D/        ( 1506): AT_IsEchoOn: ch=0 AT_GetChannelCfg(0)->E=1
I/dun_mgr ( 1362): atx response: ...
W/PackageManager( 1527): Check ABI compatibility
D/PackageManager( 1527): scanPackage : /system/app/CSC.apk
D/PackageManager( 1527): scanPackage : /system/app/Stk2.apk
W/PackageManager( 1527): Check ABI compatibility
W/PackageManager( 1527): Check ABI compatibility
D/PackageManager( 1527): scanPackage : /system/app/PolarisViewer.apk
D/        ( 1506): AT_IsEchoOn: ch=0 AT_GetChannelCfg(0)->E=1
I/dun_mgr ( 1362): atx response: ...
W/PackageManager( 1527): Check ABI compatibility
D/PackageManager( 1527): scanPackage : /system/app/UnifiedInbox.apk
W/PackageManager( 1527): Check ABI compatibility
D/PackageManager( 1527): scanPackage : /system/app/Calendar.apk
I/dun_mgr ( 1362): AT command: AT%IPSYS?
D/        ( 1506): AT_IsEchoOn: ch=0 AT_GetChannelCfg(0)->E=1
I/at      ( 1506): ATcmd:0 at%IPSYS? 10
I/at      ( 1506): AT_ProcessCharParserDataInd at cmd sent state=4 
I/dun_mgr ( 1362): atx response: ...
I/dun_mgr ( 1362): atx response: ...
D/        ( 1506): AT_IsEchoOn: ch=0 AT_GetChannelCfg(0)->E=1
I/dun_mgr ( 1362): atx response: ...
D/        ( 1506): AT_IsEchoOn: ch=0 AT_GetChannelCfg(0)->E=1
I/dun_mgr ( 1362): atx response: ...
D/        ( 1506): AT_IsEchoOn: ch=0 AT_GetChannelCfg(0)->E=1
I/dun_mgr ( 1362): atx response: ...
D/        ( 1506): AT_IsEchoOn: ch=0 AT_GetChannelCfg(0)->E=1
I/dun_mgr ( 1362): atx response: ...
I/dun_mgr ( 1362): AT command: ATE0
D/        ( 1506): AT_IsEchoOn: ch=0 AT_GetChannelCfg(0)->E=1
I/at      ( 1506): ATcmd:0 atE0 5
I/at      ( 1506): AT_ProcessCharParserDataInd at cmd sent state=4 
I/dun_mgr ( 1362): atx response: ...
D/        ( 1506): AT_IsEchoOn: ch=0 AT_GetChannelCfg(0)->E=0
D/        ( 1506): AT_IsEchoOn: ch=0 AT_GetChannelCfg(0)->E=0
D/        ( 1506): AT_IsEchoOn: ch=0 AT_GetChannelCfg(0)->E=0
D/        ( 1506): AT_IsEchoOn: ch=0 AT_GetChannelCfg(0)->E=0
I/dun_mgr ( 1362): AT command: ATV1
D/        ( 1506): AT_IsEchoOn: ch=0 AT_GetChannelCfg(0)->E=0
I/at      ( 1506): ATcmd:0 atV1 5
I/at      ( 1506): AT_ProcessCharParserDataInd at cmd sent state=4 
I/at      ( 1506): ATC_KERNEL_Get_AT_RESP - 
I/at      ( 1506): OK
I/dun_mgr ( 1362): atx response: ...
D/        ( 1506): AT_IsEchoOn: ch=0 AT_GetChannelCfg(0)->E=0
D/        ( 1506): AT_IsEchoOn: ch=0 AT_GetChannelCfg(0)->E=0
D/        ( 1506): AT_IsEchoOn: ch=0 AT_GetChannelCfg(0)->E=0
D/        ( 1506): AT_IsEchoOn: ch=0 AT_GetChannelCfg(0)->E=0
D/        ( 1506): AT_IsEchoOn: ch=0 AT_GetChannelCfg(0)->E=0
D/        ( 1506): AT_IsEchoOn: ch=0 AT_GetChannelCfg(0)->E=0
D/        ( 1506): AT_IsEchoOn: ch=0 AT_GetChannelCfg(0)->E=0
D/        ( 1506): AT_IsEchoOn: ch=0 AT_GetChannelCfg(0)->E=0
D/        ( 1506): AT_IsEchoOn: ch=0 AT_GetChannelCfg(0)->E=0
I/dun_mgr ( 1362): AT command: AT+CMEE=1
D/        ( 1506): AT_IsEchoOn: ch=0 AT_GetChannelCfg(0)->E=0
I/at      ( 1506): ATcmd:0 at+CMEE=1 10
I/at      ( 1506): AT_ProcessCharParserDataInd at cmd sent state=4 
I/at      ( 1506): ProcessATCmd: bypass to the CP: at+CMEE=1, len=9, cmdParmBuf=1, curCmdStr=+CMEE=1, pConcatCmd=
I/at      ( 1506): ATC_KERNEL_Get_AT_RESP - 
I/at      ( 1506): OK
I/dun_mgr ( 1362): atx response: ...
D/        ( 1506): AT_IsEchoOn: ch=0 AT_GetChannelCfg(0)->E=0
D/        ( 1506): AT_IsEchoOn: ch=0 AT_GetChannelCfg(0)->E=0
D/        ( 1506): AT_IsEchoOn: ch=0 AT_GetChannelCfg(0)->E=0
D/        ( 1506): AT_IsEchoOn: ch=0 AT_GetChannelCfg(0)->E=0
I/dun_mgr ( 1362): AT command: ATX4
D/        ( 1506): AT_IsEchoOn: ch=0 AT_GetChannelCfg(0)->E=0
I/at      ( 1506): ATcmd:0 atX4 5
I/at      ( 1506): AT_ProcessCharParserDataInd at cmd sent state=4 
I/at      ( 1506): ProcessATCmd: bypass to the CP: atX4, len=4, cmdParmBuf=4, curCmdStr=X4, pConcatCmd=
I/at      ( 1506): ATC_KERNEL_Get_AT_RESP - 
I/at      ( 1506): OK
I/dun_mgr ( 1362): atx response: ...
D/        ( 1506): AT_IsEchoOn: ch=0 AT_GetChannelCfg(0)->E=0
D/        ( 1506): AT_IsEchoOn: ch=0 AT_GetChannelCfg(0)->E=0
D/        ( 1506): AT_IsEchoOn: ch=0 AT_GetChannelCfg(0)->E=0
D/        ( 1506): AT_IsEchoOn: ch=0 AT_GetChannelCfg(0)->E=0
D/        ( 1506): AT_IsEchoOn: ch=0 AT_GetChannelCfg(0)->E=0
I/dun_mgr ( 1362): AT command: AT&C1
D/        ( 1506): AT_IsEchoOn: ch=0 AT_GetChannelCfg(0)->E=0
I/at      ( 1506): ATcmd:0 at&C1 6
I/at      ( 1506): AT_ProcessCharParserDataInd at cmd sent state=4 
I/at      ( 1506): ProcessATCmd: bypass to the CP: at&C1, len=5, cmdParmBuf=1, curCmdStr=&C1, pConcatCmd=
I/at      ( 1506): ATC_KERNEL_Get_AT_RESP - 
I/at      ( 1506): OK
I/dun_mgr ( 1362): atx response: ...
D/        ( 1506): AT_IsEchoOn: ch=0 AT_GetChannelCfg(0)->E=0
D/        ( 1506): AT_IsEchoOn: ch=0 AT_GetChannelCfg(0)->E=0
D/        ( 1506): AT_IsEchoOn: ch=0 AT_GetChannelCfg(0)->E=0
D/        ( 1506): AT_IsEchoOn: ch=0 AT_GetChannelCfg(0)->E=0
I/dun_mgr ( 1362): AT command: ATE0
D/        ( 1506): AT_IsEchoOn: ch=0 AT_GetChannelCfg(0)->E=0
I/at      ( 1506): ATcmd:0 atE0 5
I/at      ( 1506): AT_ProcessCharParserDataInd at cmd sent state=4 
I/dun_mgr ( 1362): atx response: ...
D/        ( 1506): AT_IsEchoOn: ch=0 AT_GetChannelCfg(0)->E=0
D/        ( 1506): AT_IsEchoOn: ch=0 AT_GetChannelCfg(0)->E=0
D/        ( 1506): AT_IsEchoOn: ch=0 AT_GetChannelCfg(0)->E=0
D/        ( 1506): AT_IsEchoOn: ch=0 AT_GetChannelCfg(0)->E=0
D/        ( 1506): AT_IsEchoOn: ch=0 AT_GetChannelCfg(0)->E=0
D/        ( 1506): AT_IsEchoOn: ch=0 AT_GetChannelCfg(0)->E=0
D/        ( 1506): AT_IsEchoOn: ch=0 AT_GetChannelCfg(0)->E=0
D/        ( 1506): AT_IsEchoOn: ch=0 AT_GetChannelCfg(0)->E=0
D/        ( 1506): AT_IsEchoOn: ch=0 AT_GetChannelCfg(0)->E=0
I/dun_mgr ( 1362): AT command: AT+CMEE=1
D/        ( 1506): AT_IsEchoOn: ch=0 AT_GetChannelCfg(0)->E=0
I/at      ( 1506): ATcmd:0 at+CMEE=1 10
I/at      ( 1506): AT_ProcessCharParserDataInd at cmd sent state=4 
I/at      ( 1506): ProcessATCmd: bypass to the CP: at+CMEE=1, len=9, cmdParmBuf=1, curCmdStr=+CMEE=1, pConcatCmd=
I/at      ( 1506): ATC_KERNEL_Get_AT_RESP - 
I/at      ( 1506): OK
I/dun_mgr ( 1362): atx response: ...
D/        ( 1506): AT_IsEchoOn: ch=0 AT_GetChannelCfg(0)->E=0
D/        ( 1506): AT_IsEchoOn: ch=0 AT_GetChannelCfg(0)->E=0
D/        ( 1506): AT_IsEchoOn: ch=0 AT_GetChannelCfg(0)->E=0
D/        ( 1506): AT_IsEchoOn: ch=0 AT_GetChannelCfg(0)->E=0
D/        ( 1506): AT_IsEchoOn: ch=0 AT_GetChannelCfg(0)->E=0
D/        ( 1506): AT_IsEchoOn: ch=0 AT_GetChannelCfg(0)->E=0
D/        ( 1506): AT_IsEchoOn: ch=0 AT_GetChannelCfg(0)->E=0
I/dun_mgr ( 1362): AT command: AT+GCAP
D/        ( 1506): AT_IsEchoOn: ch=0 AT_GetChannelCfg(0)->E=0
I/at      ( 1506): ATcmd:0 at+GCAP 8
I/at      ( 1506): AT_ProcessCharParserDataInd at cmd sent state=4 
I/at      ( 1506): ProcessATCmd: bypass to the CP: at+GCAP, len=7, cmdParmBuf=, curCmdStr=+GCAP, pConcatCmd=
I/at      ( 1506): ATC_KERNEL_Get_AT_RESP - 
I/at      ( 1506): +GCAP: +CGSM, +FCLASS, +DS, +ES
I/dun_mgr ( 1362): atx response: ...
I/at      ( 1506): ATC_KERNEL_Get_AT_RESP - 
I/at      ( 1506): OK
I/dun_mgr ( 1362): atx response: ...
D/        ( 1506): AT_IsEchoOn: ch=0 AT_GetChannelCfg(0)->E=0
D/        ( 1506): AT_IsEchoOn: ch=0 AT_GetChannelCfg(0)->E=0
D/        ( 1506): AT_IsEchoOn: ch=0 AT_GetChannelCfg(0)->E=0
I/dun_mgr ( 1362): AT command: ATI
D/        ( 1506): AT_IsEchoOn: ch=0 AT_GetChannelCfg(0)->E=0
I/at      ( 1506): ATcmd:0 atI 4
I/at      ( 1506): AT_ProcessCharParserDataInd at cmd sent state=4 
I/at      ( 1506): ProcessATCmd: bypass to the CP: atI, len=3, cmdParmBuf=, curCmdStr=I, pConcatCmd=
I/at      ( 1506): ATC_KERNEL_Get_AT_RESP - 
I/at      ( 1506): Wedge
I/at      ( 1506): ATC_KERNEL_Get_AT_RESP - 
I/at      ( 1506): OK
I/dun_mgr ( 1362): atx response: ...
D/        ( 1506): AT_IsEchoOn: ch=0 AT_GetChannelCfg(0)->E=0
D/        ( 1506): AT_IsEchoOn: ch=0 AT_GetChannelCfg(0)->E=0
D/        ( 1506): AT_IsEchoOn: ch=0 AT_GetChannelCfg(0)->E=0
D/        ( 1506): AT_IsEchoOn: ch=0 AT_GetChannelCfg(0)->E=0
D/        ( 1506): AT_IsEchoOn: ch=0 AT_GetChannelCfg(0)->E=0
D/        ( 1506): AT_IsEchoOn: ch=0 AT_GetChannelCfg(0)->E=0
I/dun_mgr ( 1362): AT command: AT+CPIN?
D/        ( 1506): AT_IsEchoOn: ch=0 AT_GetChannelCfg(0)->E=0
D/        ( 1506): AT_IsEchoOn: ch=0 AT_GetChannelCfg(0)->E=0
D/        ( 1506): AT_IsEchoOn: ch=0 AT_GetChannelCfg(0)->E=0
I/at      ( 1506): ATcmd:0 at+CPIN? 9
I/at      ( 1506): AT_ProcessCharParserDataInd at cmd sent state=4 
I/at      ( 1506): ProcessATCmd: bypass to the CP: at+CPIN?, len=8, cmdParmBuf=, curCmdStr=+CPIN?, pConcatCmd=
I/at      ( 1506): ATC_KERNEL_Get_AT_RESP - 
I/at      ( 1506): +CPIN: READY
I/at      ( 1506): ATC_KERNEL_Get_AT_RESP - 
I/at      ( 1506): OK
I/dun_mgr ( 1362): atx response: ...
D/        ( 1506): AT_IsEchoOn: ch=0 AT_GetChannelCfg(0)->E=0
D/        ( 1506): AT_IsEchoOn: ch=0 AT_GetChannelCfg(0)->E=0
D/        ( 1506): AT_IsEchoOn: ch=0 AT_GetChannelCfg(0)->E=0
D/        ( 1506): AT_IsEchoOn: ch=0 AT_GetChannelCfg(0)->E=0
D/        ( 1506): AT_IsEchoOn: ch=0 AT_GetChannelCfg(0)->E=0
D/        ( 1506): AT_IsEchoOn: ch=0 AT_GetChannelCfg(0)->E=0
D/        ( 1506): AT_IsEchoOn: ch=0 AT_GetChannelCfg(0)->E=0
I/dun_mgr ( 1362): AT command: AT+CGMM
D/        ( 1506): AT_IsEchoOn: ch=0 AT_GetChannelCfg(0)->E=0
I/at      ( 1506): ATcmd:0 at+CGMM 8
I/at      ( 1506): AT_ProcessCharParserDataInd at cmd sent state=4 
I/at      ( 1506): ProcessATCmd: bypass to the CP: at+CGMM, len=7, cmdParmBuf=, curCmdStr=+CGMM, pConcatCmd=
I/at      ( 1506): ATC_KERNEL_Get_AT_RESP - 
I/at      ( 1506): Wedge
I/dun_mgr ( 1362): atx response: ...
I/at      ( 1506): ATC_KERNEL_Get_AT_RESP - 
I/at      ( 1506): OK
I/dun_mgr ( 1362): atx response: ...
W/PackageManager( 1527): Check ABI compatibility
D/PackageManager( 1527): scanPackage : /system/app/GoogleBackupTransport.apk
W/PackageManager( 1527): Check ABI compatibility
D/PackageManager( 1527): scanPackage : /system/app/MmsProvisioning.apk
D/PackageManager( 1527): scanPackage : /system/app/InputEventApp.apk
W/PackageManager( 1527): Check ABI compatibility
W/PackageManager( 1527): Check ABI compatibility
D/dalvikvm( 1527): GC_CONCURRENT freed 537K, 43% free 3974K/6919K, external 412K/517K, paused 4ms+9ms
D/PackageManager( 1527): scanPackage : /system/app/BluetoothOpp.apk
W/PackageManager( 1527): Check ABI compatibility
D/PackageManager( 1527): scanPackage : /system/app/BluetoothPbap.apk
W/ResourceType( 1527): Failure getting entry for 0x7f020001 (t=1 e=1) in package 0 (error -75)
W/PackageManager( 1527): Check ABI compatibility
D/PackageManager( 1527): scanPackage : /system/app/UserDictionaryProvider.apk
D/PackageManager( 1527): scanPackage : /system/app/Protips.apk
W/PackageManager( 1527): Check ABI compatibility
D/PackageManager( 1527): scanPackage : /system/app/GoogleServicesFramework.apk
W/PackageManager( 1527): Check ABI compatibility
W/PackageManager( 1527): Check ABI compatibility
D/PackageManager( 1527): scanPackage : /system/app/SecDownloadProvider.apk
D/PackageManager( 1527): scanPackage : /system/app/DialerTabActivity.apk
W/PackageManager( 1527): Check ABI compatibility
D/SurfaceFlinger( 1527): Layer[18eff0] [7] RGB565 reloads
W/PackageManager( 1527): Check ABI compatibility
D/PackageManager( 1527): scanPackage : /system/app/PopupuiReceiver.apk
W/PackageManager( 1527): Check ABI compatibility
D/PackageManager( 1527): scanPackage : /system/app/SnsAccount.apk
W/PackageManager( 1527): Check ABI compatibility
D/PackageManager( 1527): scanPackage : /system/app/HTMLViewer.apk
W/PackageManager( 1527): Check ABI compatibility
D/PackageManager( 1527): scanPackage : /system/app/MediaUploader.apk
D/dalvikvm( 1527): GC_CONCURRENT freed 594K, 45% free 3870K/6919K, external 412K/517K, paused 4ms+7ms
W/PackageManager( 1527): Check ABI compatibility
D/PackageManager( 1527): scanPackage : /system/app/Street.apk
W/PackageManager( 1527): Check ABI compatibility
D/PackageManager( 1527): scanPackage : /system/app/Personalization.apk
W/PackageManager( 1527): Check ABI compatibility
D/PackageManager( 1527): scanPackage : /system/app/AlertRecipients.apk
W/PackageManager( 1527): Check ABI compatibility
D/PackageManager( 1527): scanPackage : /system/app/TelephonyProvider.apk
W/ResourceType( 1527): Failure getting entry for 0x7f020000 (t=1 e=0) in package 0 (error -75)
W/PackageManager( 1527): Check ABI compatibility
D/PackageManager( 1527): scanPackage : /system/app/PicoTts.apk
W/PackageManager( 1527): Check ABI compatibility
D/PackageManager( 1527): scanPackage : /system/app/JobManager.apk
W/PackageManager( 1527): Check ABI compatibility
D/PackageManager( 1527): scanPackage : /system/app/fotaclient.apk
W/PackageManager( 1527): Check ABI compatibility
D/PackageManager( 1527): scanPackage : /system/app/SamsungWidget_ProgramMonitor.apk
W/PackageManager( 1527): Check ABI compatibility
D/PackageManager( 1527): scanPackage : /system/app/PCWClientS.apk
D/PackageManager( 1527): scanPackage : /system/app/CertInstaller.apk
