I/DBG_WSS_DM( 1925): [v3.1203.2.1][wssdmFeature.java Line:44][wssdmFeatureGetBearerSettingFromCSCFotaDataBase] jEd1gSu3jVl8YzFc4wgbTuBr+cL+meRy5osZnj4vi0U=
I/DBG_WSS_DM( 1925): [v3.1203.2.1][wssdmFeature.java Line:45][wssdmFeatureGetBearerSettingFromCSCFotaDataBase] jEd1gSu3jVl8YzFc4wgbTl1EJ9pRSX7FxHVhB8owKzl3o63nokSujfTEanrHiU41
I/DBG_WSS_DM( 1925): [v3.1203.2.1][wssdmFeature.java Line:46][wssdmFeatureGetBearerSettingFromCSCFotaDataBase] 8AjDbx2cLPQgUFpNel7pJ5xuP8lPcd6CEHvpV1beEHg=
I/DBG_WSS_DM( 1925): [v3.1203.2.1][wssdmFeature.java Line:47][wssdmFeatureGetBearerSettingFromCSCFotaDataBase] nOFeDLNnkLs7pSa7Vf1Zj+J/AvpyHb1vVouMI68Z1os=
I/DBG_WSS_DM( 1925): [v3.1203.2.1][wssLawmoDb.java Line:352][wsLawmoDbGetDbLawmoOperation] wsLawmoDbGetDbLawmoOperation: 3
D/SurfaceFlinger( 1527): Layer[3566f8] [3] RGB565 reloads
D/androidNlpServiceThread( 1651): updateState: shouldBeEnabled true shouldBeRunning true
D/androidNlpServiceThread( 1651): updateState: shouldBeEnabled true shouldBeRunning true
I/DBG_WSS_DM( 1925): [v3.1203.2.1][wssLawmoDb.java Line:321][wsLawmoDbSetLawmoOperation] nOperation = 3
I/DBG_WSS_DM( 1925): [v3.1203.2.1][wsMobileTrackingDb.java Line:542][wsMobileTrackingDbGetOperation] wsMobileTrackingDbGetOperation 0
I/DBG_WSS_DM( 1925): [v3.1203.2.1][wsMobileTrackingDb.java Line:511][wsMobileTrackingDbSetOperation] nOperation = 0
I/DBG_WSS_DM( 1925): [v3.1203.2.1][wssdminitadapter.java Line:393][_smldmInitAdpEXTInit] smldmdbGetDmAgentType [0]
I/DBG_WSS_DM( 1925): [v3.1203.2.1][wssdminitadapter.java Line:112][smlNetAdpGetSIMLockState] EdRbFqp1Y98uGagYj3gpS7vPREPNtZqSG8gnTqdVjck=
I/DBG_WSS_DM( 1925): [v3.1203.2.1][wssdminitadapter.java Line:113][smlNetAdpGetSIMLockState] SG9FBIQTROYHVmNmyzIL//0UWZuXZ+frEgqJOnRHMTE=
I/DBG_WSS_DM( 1925): [v3.1203.2.1][wssdminitadapter.java Line:114][smlNetAdpGetSIMLockState] thkIOW9+Jk72Tac1WOWwtRXLDHJM4e0Ho46HyHYK07c=
I/DBG_WSS_DM( 1925): [v3.1203.2.1][wssdminitadapter.java Line:115][smlNetAdpGetSIMLockState] SG9FBIQTROYHVmNmyzIL/yQWn33cYDGAwaMxltTyd9w=
I/DBG_WSS_DM( 1925): [v3.1203.2.1][wssdminitadapter.java Line:138][smlNetAdpGetSIMLockState] bret : true
I/DBG_WSS_DM( 1925): [v3.1203.2.1][wssdmdevinfadapter.java Line:321][smldmSimInfoVerifyIMSI] c0jAN1CE7VVZ/hDyHGxHj5PkbDuCIgrNpGk3DhSliXc=
I/DBG_WSS_DM( 1925): [v3.1203.2.1][wssdmdevinfadapter.java Line:322][smldmSimInfoVerifyIMSI] L2v0ISbW/7eCmaRyfSM+hM787X8ufwZ1FUNjwcZUC9g=
I/DBG_WSS_DM( 1925): [v3.1203.2.1][wssLawmoDb.java Line:661][wsLawmoDbGetSimChangeAlert] SIM Change Alert = false
I/DBG_WSS_DM( 1925): [v3.1203.2.1][wssdminitadapter.java Line:512][smlSimChangeAlertReport] Previous state is false
I/DBG_WSS_DM( 1925): [v3.1203.2.1][wssdminitadapter.java Line:522][smlSimChangeAlertReport] Device registration wasn't registered or MobileTracker is off
I/DBG_WSS_DM( 1925): [v3.1203.2.1][wsMobileTrackingDb.java Line:542][wsMobileTrackingDbGetOperation] wsMobileTrackingDbGetOperation 0
I/DBG_WSS_DM( 1925): [v3.1203.2.1][wssdmdb.java Line:4986][smldmdbGetFUMOStatus] smldmdbGetFUMOStatus 0
I/DBG_WSS_DM( 1925): [v3.1203.2.1][wssdmdb.java Line:5797][smldmdbGetDownloadPostponeStatus] Download Postpone status : 0
I/DBG_WSS_DM( 1925): [v3.1203.2.1][wssdminitadapter.java Line:418][_smldmInitAdpEXTInit] nStatus [0]
I/DBG_WSS_DM( 1925): [v3.1203.2.1][wssdmTask.java Line:245][smlTaskHandler] SMLMSG_DM_SYNCML_INIT : Initialized
I/DBG_WSS_DM( 1925): [v3.1203.2.1][wssdmUITask.java Line:609][smldmUIEvent] SML_DM_EVENT_UI_IDLE_STATE :true
I/DBG_WSS_DM( 1925): [v3.1203.2.1][wssdmdb.java Line:4986][smldmdbGetFUMOStatus] smldmdbGetFUMOStatus 0
I/DBG_WSS_DM( 1925): [v3.1203.2.1][DMService.java Line:1770][ProtoIsWIFIConnected] WiFi Connected
I/DBG_WSS_DM( 1925): [v3.1203.2.1][wssdminitadapter.java Line:234][_smldmInitAdpCheckNetworkReady] NETWORK SERVICE is READY!!![0]
I/DBG_WSS_DM( 1925): [v3.1203.2.1][wssdmpushAdapter.java Line:301][__smldmPushAdpExcuteResumeNoti] nSessionSaveState:0
I/DBG_WSS_DM( 1925): [v3.1203.2.1][wssdmTask.java Line:1574][CheckResumeNoti] 
I/DBG_WSS_DM( 1925): [v3.1203.2.1][wssdmpushAdapter.java Line:302][__smldmPushAdpExcuteResumeNoti] nNotiUiEvent:0
I/DBG_WSS_DM( 1925): [v3.1203.2.1][wssdmpushAdapter.java Line:303][__smldmPushAdpExcuteResumeNoti] nNotiRetryCount:0
I/DBG_WSS_DM( 1925): [v3.1203.2.1][wssdmdb.java Line:4986][smldmdbGetFUMOStatus] smldmdbGetFUMOStatus 0
I/DBG_WSS_DM( 1925): [v3.1203.2.1][wssdmpushAdapter.java Line:347][__smldmPushAdpExcuteResumeNoti] Current NOTI NOT SAVED State. EXIT. EXIT.
I/RlzPingService( 2174): Setting next ping for 1413744507994
I/CameraBoot( 2186): Start Camera application
D/BatteryService( 1527): update start
D/dalvikvm( 2193): GC_CONCURRENT freed 136K, 45% free 3137K/5639K, external 412K/517K, paused 4ms+4ms
D/dalvikvm( 2193): GC_CONCURRENT freed 111K, 42% free 3530K/6023K, external 412K/517K, paused 4ms+5ms
D/Mms:app ( 1856): blockingUpdateNewMessageIndicator: MMS count=0, isNew=true, mSimID=0
D/Mms:app ( 1856): blockingUpdateNewMessageIndicator: MMS + SMS count=2
D/Mms:app ( 1856): !accumulator.isEmpty() -> updateNotification()
W/PowerManagerService( 1527): Caller does not have DEVICE_POWER permission.  pid=1856 uid=10060
I/PowerManagerService( 1527): Ulight 3->7|0
V/AudioFlinger( 1328): registerClient() client 0x88468, pid 1856
V/AudioFlinger( 1328): sendConfigEvent() num events 1 event 0, param 0
V/AudioFlinger( 1328): MixerThread 0x6f228 TID 1491 waking up
V/AudioFlinger( 1328): processConfigEvents() remaining events 1
V/AudioFlinger( 1328): PlaybackThread::audioConfigChanged_l, thread 0x6f228, event 0, param 0
I/MediaPlayer( 1856): Settings Ringtone is going to play : content://settings/system/notification_sound
I/MediaPlayer( 1856): it is a Non video Ringtone URI : content://settings/system/notification_sound
I/MediaPlayer( 1856): it is a Ringtone type is : 2
I/MediaPlayer( 1856): Temp URI for media play is  : content://media/internal/audio/media/35
I/MediaPlayer( 1856): it is a valid Media DB URI   : content://media/internal/audio/media/35
I/MediaPlayer( 1856): It is a Not a DRM RingTone: return NULl
I/MediaPlayer( 1856): path is null
D/Mms:app ( 1856): updateNotification: notification=Notification(vibrate=default,sound=content://settings/system/notification_sound,defaults=0x6,flags=0x1)
D/AudioService( 1527): getStreamVolume(5)
I/NotificationService( 1527): [NotificationManagerService] Vibration Alert
D/dalvikvm( 2201): GC_CONCURRENT freed 152K, 45% free 3122K/5639K, external 412K/517K, paused 4ms+16ms
W/dalvikvm( 2201): VFY: unable to resolve static method 1018: Landroid/provider/Settings$Global;.getInt (Landroid/content/ContentResolver;Ljava/lang/String;I)I
D/dalvikvm( 2201): VFY: replacing opcode 0x71 at 0x000b
D/dalvikvm( 2201): VFY: dead code 0x000e-000e in Lcom/csipsimple/utils/Compatibility;.getWifiSleepPolicy (Landroid/content/ContentResolver;)I
W/dalvikvm( 2201): VFY: unable to resolve virtual method 154: Landroid/app/AlarmManager;.setExact (IJLandroid/app/PendingIntent;)V
D/dalvikvm( 2201): VFY: replacing opcode 0x6e at 0x0008
I/StartOnBoot( 2201): Reached onRecieved at starter
I/Service value of UID( 2201): >>>>>>>>>> 100017<<<<<<<<<<<<<<<
D/SurfaceFlinger( 1527): Layer[3220f0]:: Tile format buffer w[256] h[64] f[1] v[0x472f2000] p[0x97fd6000] sz[65536]
D/ACRA    ( 2212): ACRA is enabled for com.nethram.twilioid, intializing...
D/SurfaceFlinger( 1527): Layer[1d7bc8] [11] non-RGB565 reloads
E/JSON    ( 2201): Faild to download
D/ACRA    ( 2212): Looking for error files in /data/data/com.nethram.twilioid/files
W/ACRA    ( 2212): com.nethram.twilioid reports will be sent by email (if accepted by user).
V/StartMyServiceAtBootReceiver( 2212): reached onrecieve
I/JSON Compartment( 2201): @ onPostExecute
I/JSON Compartment Launcher( 2201): @Try Clause
W/System.err( 2201): org.json.JSONException: End of input at character 0 of 
W/System.err( 2201): 	at org.json.JSONTokener.syntaxError(JSONTokener.java:446)
W/System.err( 2201): 	at org.json.JSONTokener.nextValue(JSONTokener.java:93)
W/System.err( 2201): 	at org.json.JSONObject.<init>(JSONObject.java:154)
W/System.err( 2201): 	at org.json.JSONObject.<init>(JSONObject.java:171)
W/System.err( 2201): 	at com.Sipapi.StartOnBoot$ReadJSONtaskOne.onPostExecute(StartOnBoot.java:153)
W/System.err( 2201): 	at com.Sipapi.StartOnBoot$ReadJSONtaskOne.onPostExecute(StartOnBoot.java:1)
W/System.err( 2201): 	at android.os.AsyncTask.finish(AsyncTask.java:417)
W/System.err( 2201): 	at android.os.AsyncTask.access$300(AsyncTask.java:127)
W/System.err( 2201): 	at android.os.AsyncTask$InternalHandler.handleMessage(AsyncTask.java:429)
W/System.err( 2201): 	at android.os.Handler.dispatchMessage(Handler.java:99)
W/System.err( 2201): 	at android.os.Looper.loop(Looper.java:130)
W/System.err( 2201): 	at android.app.ActivityThread.main(ActivityThread.java:3687)
W/System.err( 2201): 	at java.lang.reflect.Method.invokeNative(Native Method)
W/System.err( 2201): 	at java.lang.reflect.Method.invoke(Method.java:507)
W/System.err( 2201): 	at com.android.internal.os.ZygoteInit$MethodAndArgsCaller.run(ZygoteInit.java:867)
W/System.err( 2201): 	at com.android.internal.os.ZygoteInit.main(ZygoteInit.java:625)
W/System.err( 2201): 	at dalvik.system.NativeStart.main(Native Method)
V/TWilioservice( 2212): handlecommand
V/TWilioservice( 2212): handlecommand ACTION_FOREGROUND
V/ TwilioService ( 2212): onHandleIntent
V/Twilioservice( 2212): exiting ons startcommand
V/Twilioservice( 2212): istreadrunning=false
V/Twilioservice( 2212): istreadrunning threadcount1
V/TwilioService( 2212): runnable
V/TwilioService ( 2212): onStartcommand phone==null 
V/Twiliodevice( 2212): initialize
D/dalvikvm( 2212): Trying to load lib /data/data/com.nethram.twilioid/lib/libtwilio-native.so 0x40516a60
D/dalvikvm( 2212): Added shared lib /data/data/com.nethram.twilioid/lib/libtwilio-native.so 0x40516a60
D/SurfaceFlinger( 1527): Layer[1d7bc8] [29] non-RGB565 reloads
D/dalvikvm( 2212): GC_FOR_MALLOC freed 223K, 48% free 2932K/5575K, external 412K/517K, paused 168ms
V/WifiProgressStore( 2212): WifiProgressStore Created
D/dalvikvm( 2212): GC_FOR_MALLOC freed 28K, 48% free 3006K/5703K, external 412K/517K, paused 94ms
W/dalvikvm( 2230): VFY: unable to resolve virtual method 404: Landroid/content/res/Configuration;.setLocale (Ljava/util/Locale;)V
D/dalvikvm( 2230): VFY: replacing opcode 0x6e at 0x0008
D/dalvikvm( 2230): DexOpt: couldn't find static field
W/dalvikvm( 2230): VFY: unable to resolve static field 123 (THREAD_POOL_EXECUTOR) in Landroid/os/AsyncTask;
D/dalvikvm( 2230): VFY: replacing opcode 0x62 at 0x0006
D/dalvikvm( 2230): VFY: dead code 0x0008-000a in Lcom/domobile/applock/ew;.a (Landroid/os/AsyncTask;[Ljava/lang/Object;)V
D/dalvikvm( 2230): DexOpt: couldn't find static field
W/dalvikvm( 2230): VFY: unable to resolve static field 123 (THREAD_POOL_EXECUTOR) in Landroid/os/AsyncTask;
D/dalvikvm( 2230): VFY: replacing opcode 0x62 at 0x0006
D/dalvikvm( 2230): VFY: dead code 0x0008-000a in Lcom/domobile/applock/ew;.a (Lcom/domobile/frame/a/d;[Lcom/domobile/frame/a/e;)V
D/dalvikvm( 2212): GC_FOR_MALLOC freed 25K, 46% free 3344K/6087K, external 412K/517K, paused 48ms
V/Twiliodevice( 2212): Twilio SDK is ready
V/Twiliodevice( 2212): initdevice
V/Twiliodevice( 2212): istokenold()
W/dalvikvm( 2230): VFY: unable to resolve virtual method 2559: Landroid/view/Display;.getSize (Landroid/graphics/Point;)V
D/dalvikvm( 2230): VFY: replacing opcode 0x6e at 0x0025
D/dalvikvm( 2230): VFY: dead code 0x0028-0028 in Lcom/domobile/frame/b/l;.a (Landroid/view/WindowManager;)Landroid/graphics/Point;
D/dalvikvm( 2212): GC_FOR_MALLOC freed 5K, 45% free 3353K/6087K, external 412K/517K, paused 93ms
D/dalvikvm( 2228): GC_CONCURRENT freed 188K, 46% free 3085K/5639K, external 417K/517K, paused 4ms+24ms
D/dalvikvm( 2212): GC_FOR_MALLOC freed <1K, 44% free 3647K/6407K, external 412K/517K, paused 105ms
V/twiliodevice( 2212):  istokenold ereturning false
V/Twiliodevice( 2212): createdevice
V/Twiliodevice( 2212): deviceoffline()
V/Twiliodevice( 2212): createdevice deviceoffline is true
D/CapabilityTokenParser( 2212): HEADER: {"typ":"JWT","alg":"HS256"}
D/CapabilityTokenParser( 2212): PAYLOAD: {"scope":"scope:client:incoming?clientName=94_extn94 scope:client:outgoing?appSid=AP8d130a07240e4fea9dd331cf1ab02514&appParams=&clientName=94_extn94","iss":"ACd29428799ad94d59ae7f7620579f53a9","exp":1413428196}
D/CapabilityTokenParser( 2212): SIGNATURE: &1N~oYpR\[}
V/Twiliodevice( 2212): in createdevice device !=null
V/Twiliodevice( 2212):  object device com.twilio.client.impl.DeviceImpl@40549ef8
V/AudioFlinger( 1328): MixerThread 0x6f228 TID 1491 going to sleep
W/Settings( 2230): Setting android_id has moved from android.provider.Settings.System to android.provider.Settings.Secure, returning read-only value.
V/WifiProgressStore( 2230): WifiProgressStore Created
D/dalvikvm( 2230): GC_CONCURRENT freed 273K, 47% free 3001K/5639K, external 412K/517K, paused 7ms+14ms
W/Settings( 2230): Setting android_id has moved from android.provider.Settings.System to android.provider.Settings.Secure, returning read-only value.
W/dalvikvm( 2230): VFY: unable to resolve static method 881: Landroid/provider/Settings$Global;.getInt (Landroid/content/ContentResolver;Ljava/lang/String;I)I
D/dalvikvm( 2230): VFY: replacing opcode 0x71 at 0x0011
D/dalvikvm( 2230): VFY: dead code 0x0014-001b in Lcom/android/camera/bu;.a (Landroid/content/Context;Ljava/io/File;)J
D/SurfaceFlinger( 1527): Layer[1d7bc8] [24] non-RGB565 reloads
D/dalvikvm( 2228): GC_CONCURRENT freed 251K, 45% free 3292K/5959K, external 420K/517K, paused 4ms+14ms
I/Launcher( 1626): onPause()
I/Launcher( 1626): onWindowFocusChanged(false)
D/Launcher( 1626): setWallpaperDimension() called
I/WallpaperService( 1527): getWallpaperInfo = null
I/Launcher( 1626): onWindowFocusChanged(true)
D/Launcher( 1626): setWallpaperDimension() called
I/Launcher( 1626): updateWindowTransparency->  WallpaperManager wp:android.app.WallpaperManager@405be1a8
I/Launcher( 1626): updateWindowTransparency->  WallpaperInfo wi:null
E/Launcher( 1626): setWindowOpaque()
D/Launcher( 1626): mWallpaperCanvasView.setVisibility - Start
D/Launcher( 1626): mWallpaperCanvasView.setVisibility - End
W/WallpaperManager( 1626): peekWallpaperBitmap->mWallpaperandroid.graphics.Bitmap@4053bbe0
I/WallpaperService( 1527): getWallpaperInfo = null
I/WallpaperService( 1527): getWallpaperInfo = null
D/Launcher( 1626): usingLiveWallpaper ELSE part
W/InputManagerService( 1527): Window already focused, ignoring focus gain of: com.android.internal.view.IInputMethodClient$Stub$Proxy@407d8aa0
I/Launcher( 1626): updateWindowTransparency->  WallpaperManager wp:android.app.WallpaperManager@405be1a8
I/Launcher( 1626): updateWindowTransparency->  WallpaperInfo wi:null
E/Launcher( 1626): setWindowOpaque()
D/Launcher( 1626): mWallpaperCanvasView.setVisibility - Start
D/Launcher( 1626): mWallpaperCanvasView.setVisibility - End
W/WallpaperManager( 1626): peekWallpaperBitmap->mWallpaperandroid.graphics.Bitmap@4053bbe0
I/WallpaperService( 1527): getWallpaperInfo = null
D/Launcher( 1626): usingLiveWallpaper ELSE part
I/Launcher( 1626): onResume() ended
D/dalvikvm( 2230): GC_EXTERNAL_ALLOC freed 172K, 47% free 3042K/5639K, external 423K/517K, paused 176ms
D/dalvikvm( 2212): GC_CONCURRENT freed 383K, 43% free 3786K/6535K, external 412K/517K, paused 4ms+5ms
D/dalvikvm( 2246): GC_CONCURRENT freed 141K, 45% free 3132K/5639K, external 412K/517K, paused 5ms+28ms
D/BatteryService( 1527): update start
D/SurfaceFlinger( 1527): Layer[1d7bc8] [13] non-RGB565 reloads
I/PowerManagerService( 1527): Ulight 7->3|0
D/dalvikvm( 2212): GC_CONCURRENT freed 438K, 43% free 3892K/6727K, external 412K/517K, paused 4ms+98ms
D/dalvikvm( 2212): GC_CONCURRENT freed 418K, 42% free 4041K/6855K, external 412K/517K, paused 4ms+4ms
W/dalvikvm( 2246): VFY: unable to resolve virtual method 131: Landroid/app/AlarmManager;.setExact (IJLandroid/app/PendingIntent;)V
D/dalvikvm( 2246): VFY: replacing opcode 0x6e at 0x0025
D/dalvikvm( 2246): VFY: dead code 0x0028-002b in Lcom/whatsapp/App;.a (J)V
W/dalvikvm( 2246): VFY: unable to resolve static method 1529: Landroid/provider/Telephony$Sms;.getDefaultSmsPackage (Landroid/content/Context;)Ljava/lang/String;
D/dalvikvm( 2246): VFY: replacing opcode 0x71 at 0x0041
D/dalvikvm( 2246): VFY: dead code 0x0044-0060 in Lcom/whatsapp/App;.a (Landroid/app/Activity;Landroid/net/Uri;Ljava/lang/String;)V
D/dalvikvm( 2246): VFY: dead code 0x0090-0091 in Lcom/whatsapp/App;.a (Landroid/app/Activity;Landroid/net/Uri;Ljava/lang/String;)V
D/dalvikvm( 2246): GC_CONCURRENT freed 148K, 43% free 3399K/5959K, external 412K/517K, paused 4ms+3ms
D/dalvikvm( 2212): GC_CONCURRENT freed 448K, 41% free 4169K/7047K, external 412K/517K, paused 4ms+4ms
W/dalvikvm( 2246): VFY: unable to resolve virtual method 131: Landroid/app/AlarmManager;.setExact (IJLandroid/app/PendingIntent;)V
D/dalvikvm( 2246): VFY: replacing opcode 0x6e at 0x0032
D/dalvikvm( 2246): VFY: dead code 0x0035-0038 in Lcom/whatsapp/App;.ac ()V
W/dalvikvm( 2246): Unable to resolve superclass of Lcom/whatsapp/adm/ADMMessageHandler; (1109)
W/dalvikvm( 2246): Link of class 'Lcom/whatsapp/adm/ADMMessageHandler;' failed
E/dalvikvm( 2246): Could not find class 'com.whatsapp.adm.ADMMessageHandler', referenced from method com.whatsapp.App.j
W/dalvikvm( 2246): VFY: unable to resolve new-instance 2384 (Lcom/whatsapp/adm/ADMMessageHandler;) in Lcom/whatsapp/App;
D/dalvikvm( 2246): VFY: replacing opcode 0x22 at 0x0025
W/dalvikvm( 2246): Unable to resolve superclass of Lcom/whatsapp/adm/ADMMessageHandler; (1109)
W/dalvikvm( 2246): Link of class 'Lcom/whatsapp/adm/ADMMessageHandler;' failed
E/dalvikvm( 2246): Could not find class 'com.whatsapp.adm.ADMMessageHandler', referenced from method com.whatsapp.App.j
W/dalvikvm( 2246): VFY: unable to resolve new-instance 2384 (Lcom/whatsapp/adm/ADMMessageHandler;) in Lcom/whatsapp/App;
D/dalvikvm( 2246): VFY: replacing opcode 0x22 at 0x003a
D/dalvikvm( 2246): VFY: dead code 0x0027-002e in Lcom/whatsapp/App;.j (Ljava/lang/String;Ljava/lang/String;)V
D/dalvikvm( 2246): VFY: dead code 0x003c-0041 in Lcom/whatsapp/App;.j (Ljava/lang/String;Ljava/lang/String;)V
E/dalvikvm( 2246): Could not find class 'com.amazon.device.messaging.ADM', referenced from method com.whatsapp.App.s
W/dalvikvm( 2246): VFY: unable to resolve new-instance 1108 (Lcom/amazon/device/messaging/ADM;) in Lcom/whatsapp/App;
D/dalvikvm( 2246): VFY: replacing opcode 0x22 at 0x000e
D/dalvikvm( 2246): VFY: dead code 0x0010-0018 in Lcom/whatsapp/App;.s (Landroid/content/Context;)Z
E/dalvikvm( 2246): Could not find class 'com.amazon.device.messaging.ADM', referenced from method com.whatsapp.App.v
W/dalvikvm( 2246): VFY: unable to resolve new-instance 1108 (Lcom/amazon/device/messaging/ADM;) in Lcom/whatsapp/App;
D/dalvikvm( 2246): VFY: replacing opcode 0x22 at 0x0000
D/dalvikvm( 2246): VFY: dead code 0x0002-0012 in Lcom/whatsapp/App;.v ()V
W/dalvikvm( 2246): VFY: unable to resolve virtual method 131: Landroid/app/AlarmManager;.setExact (IJLandroid/app/PendingIntent;)V
D/dalvikvm( 2246): VFY: replacing opcode 0x6e at 0x0069
D/dalvikvm( 2246): VFY: dead code 0x006c-006f in Lcom/whatsapp/App;.L ()V
W/dalvikvm( 2246): VFY: unable to resolve virtual method 131: Landroid/app/AlarmManager;.setExact (IJLandroid/app/PendingIntent;)V
D/dalvikvm( 2246): VFY: replacing opcode 0x6e at 0x0072
D/dalvikvm( 2246): VFY: dead code 0x0075-0078 in Lcom/whatsapp/App;.ai ()V
W/dalvikvm( 2246): VFY: unable to resolve virtual method 131: Landroid/app/AlarmManager;.setExact (IJLandroid/app/PendingIntent;)V
D/dalvikvm( 2246): VFY: replacing opcode 0x6e at 0x0030
D/dalvikvm( 2246): VFY: dead code 0x0033-0036 in Lcom/whatsapp/App;.d (J)V
W/dalvikvm( 2246): VFY: unable to resolve virtual method 360: Landroid/content/ContentProvider;.shutdown ()V
D/dalvikvm( 2246): VFY: replacing opcode 0x6f at 0x0000
D/dalvikvm( 2246): VFY: dead code 0x0003-0003 in Lcom/whatsapp/contact/ContactProvider;.shutdown ()V
W/dalvikvm( 2246): VFY: unable to resolve virtual method 675: Landroid/database/sqlite/SQLiteDatabase;.enableWriteAheadLogging ()Z
D/dalvikvm( 2246): VFY: replacing opcode 0x6e at 0x0009
D/dalvikvm( 2246): GC_CONCURRENT freed 321K, 43% free 3657K/6343K, external 412K/517K, paused 4ms+4ms
D/dalvikvm( 2246): Trying to load lib /data/data/com.whatsapp/lib/libqcom.so 0x40518c80
D/dalvikvm( 2246): Added shared lib /data/data/com.whatsapp/lib/libqcom.so 0x40518c80
D/dalvikvm( 2246): No JNI_OnLoad found in /data/data/com.whatsapp/lib/libqcom.so 0x40518c80, skipping init
D/dalvikvm( 2246): Trying to load lib /data/data/com.whatsapp/lib/libwhatsapp.so 0x40518c80
D/dalvikvm( 2246): Added shared lib /data/data/com.whatsapp/lib/libwhatsapp.so 0x40518c80
W/dalvikvm( 2246): VFY: unable to resolve virtual method 131: Landroid/app/AlarmManager;.setExact (IJLandroid/app/PendingIntent;)V
D/dalvikvm( 2246): VFY: replacing opcode 0x6e at 0x0066
D/dalvikvm( 2246): VFY: dead code 0x0069-006a in Lcom/whatsapp/messaging/MessageService;.C ()V
W/dalvikvm( 2246): VFY: unable to resolve virtual method 131: Landroid/app/AlarmManager;.setExact (IJLandroid/app/PendingIntent;)V
D/dalvikvm( 2246): VFY: replacing opcode 0x6e at 0x003b
D/dalvikvm( 2246): VFY: dead code 0x003e-0041 in Lcom/whatsapp/messaging/MessageService;.c ()Z
W/dalvikvm( 2246): VFY: unable to resolve virtual method 131: Landroid/app/AlarmManager;.setExact (IJLandroid/app/PendingIntent;)V
D/dalvikvm( 2246): VFY: replacing opcode 0x6e at 0x0099
D/dalvikvm( 2246): VFY: dead code 0x009c-009d in Lcom/whatsapp/messaging/MessageService;.d (Z)V
W/dalvikvm( 2246): VFY: unable to resolve virtual method 131: Landroid/app/AlarmManager;.setExact (IJLandroid/app/PendingIntent;)V
D/dalvikvm( 2246): VFY: replacing opcode 0x6e at 0x003e
D/dalvikvm( 2246): VFY: dead code 0x0041-0044 in Lcom/whatsapp/messaging/MessageService;.s ()V
W/dalvikvm( 2246): VFY: unable to resolve virtual method 131: Landroid/app/AlarmManager;.setExact (IJLandroid/app/PendingIntent;)V
D/dalvikvm( 2246): VFY: replacing opcode 0x6e at 0x002f
D/dalvikvm( 2246): VFY: dead code 0x0032-0035 in Lcom/whatsapp/messaging/MessageService;.t ()V
I/WhatsApp( 2246): LL_I D [1]Runtime.java:432 10:47:33.218 os_core_unix.c !pjlib 2.2.1 for POSIX initialized
I/WhatsApp( 2246): LL_I D [1]Runtime.java:432 10:47:33.348 wa_audio_dev.c !WA Audio sound library initialized
I/WhatsApp( 2246): LL_I D [1]Runtime.java:432 10:47:33.358          pjlib  select() I/O Queue created (0x1be2ac)
I/WhatsApp( 2246): LL_I D [1]Runtime.java:432 10:47:33.366      wa_opus.c  pjmedia_codec_opus_init start
I/WhatsApp( 2246): LL_I D [1]Runtime.java:432 10:47:33.369      wa_opus.c  pjmedia_codec_opus_init success
D/dalvikvm( 2246): Trying to load lib /data/data/com.whatsapp/lib/libcurve25519.so 0x40518c80
D/dalvikvm( 2246): Added shared lib /data/data/com.whatsapp/lib/libcurve25519.so 0x40518c80
D/dalvikvm( 2246): No JNI_OnLoad found in /data/data/com.whatsapp/lib/libcurve25519.so 0x40518c80, skipping init
I/WhatsApp( 2246): LL_I D [1]WhatsAppLibLoader.java:36 native library usability testing in progress
I/WhatsApp( 2246): LL_I D [1]WhatsAppLibLoader.java:36 native library usability testing complete
W/dalvikvm( 2246): VFY: unable to resolve virtual method 722: Landroid/graphics/Bitmap;.getByteCount ()I
D/dalvikvm( 2246): VFY: replacing opcode 0x6e at 0x0012
D/dalvikvm( 2246): VFY: dead code 0x0015-0018 in Lcom/whatsapp/r1;.a (Ljava/lang/String;Landroid/graphics/Bitmap;)I
D/dalvikvm( 2246): GC_CONCURRENT freed 472K, 44% free 3740K/6599K, external 412K/517K, paused 4ms+5ms
D/dalvikvm( 2246): GetFieldID: unable to find field Ljava/util/HashMap;.loadFactor:F
D/dalvikvm( 2212): GC_CONCURRENT freed 562K, 41% free 4280K/7239K, external 412K/517K, paused 4ms+14ms
D/dalvikvm( 2246): GC_CONCURRENT freed 413K, 43% free 3875K/6727K, external 412K/517K, paused 5ms+18ms
D/dalvikvm( 2212): GC_CONCURRENT freed 664K, 42% free 4307K/7367K, external 412K/517K, paused 4ms+8ms
D/dalvikvm( 2246): GC_CONCURRENT freed 473K, 43% free 3958K/6855K, external 412K/517K, paused 4ms+18ms
D/dalvikvm( 2212): GC_CONCURRENT freed 648K, 42% free 4322K/7367K, external 412K/517K, paused 5ms+12ms
D/dalvikvm( 2212): GC_CONCURRENT freed 686K, 42% free 4348K/7431K, external 412K/517K, paused 4ms+17ms
W/PowerManagerService( 1527): Timer 0x3->0x3|0x1
D/dalvikvm( 2246): GC_CONCURRENT freed 396K, 41% free 4131K/6983K, external 412K/517K, paused 5ms+12ms
D/BatteryService( 1527): update start
D/dalvikvm( 2212): GC_CONCURRENT freed 649K, 42% free 4374K/7431K, external 412K/517K, paused 4ms+9ms
W/dalvikvm( 2246): VFY: unable to resolve virtual method 4089: Landroid/view/Display;.getRealSize (Landroid/graphics/Point;)V
D/dalvikvm( 2246): VFY: replacing opcode 0x6e at 0x0068
D/dalvikvm( 2246): VFY: dead code 0x006b-006e in Lcom/whatsapp/a3i;.a (Lcom/whatsapp/protocol/ak;)Ljava/lang/String;
D/dalvikvm( 2246): GC_CONCURRENT freed 327K, 39% free 4407K/7175K, external 412K/517K, paused 5ms+10ms
D/dalvikvm( 2246): DexOpt: couldn't find static field
W/dalvikvm( 2246): VFY: unable to resolve static field 136 (THREAD_POOL_EXECUTOR) in Landroid/os/AsyncTask;
D/dalvikvm( 2246): VFY: replacing opcode 0x62 at 0x0006
D/dalvikvm( 2246): VFY: dead code 0x0008-000b in Lcom/whatsapp/ul;.a (Landroid/os/AsyncTask;[Ljava/lang/Object;)Landroid/os/AsyncTask;
W/dalvikvm( 2246): VFY: unable to resolve virtual method 675: Landroid/database/sqlite/SQLiteDatabase;.enableWriteAheadLogging ()Z
D/dalvikvm( 2246): VFY: replacing opcode 0x6e at 0x0009
D/StatusChecker( 1913): onReceive : android.provider.Telephony.GET_SMSC
D/StatusChecker( 1913): trySendSMS, in service : true , SMS send : false , SMSC : true
V/Twiliodevice( 2212): Device is now listening for incoming connections
V/Twiliodevice( 2212): onPresencechanged getname 94_extn94
V/Twiliodevice( 2212): is available = true
V/Twiliodevice( 2212): is available = true  inPresenceEvent.getName()=94_extn94 myname=94_extn94
D/ConnectivityService( 1527): reportNetworkCondition(1, 0)
D/ConnectivityService( 1527): Inet connectivity change, net=1, condition=0,mActiveDefaultNetwork=1
D/ConnectivityService( 1527): starting a change hold
D/GTalkService( 1651): [RawStanzaProvidersMgr] ##### searchProvidersFromIntent
D/GTalkService( 1651): [RawStanzaProvidersMgr] no intent receivers found
D/GTalkService( 1651): ##### Network broadcast (connected=true) type=WIFI, state=CONNECTED
W/dalvikvm( 2246): VFY: unable to resolve virtual method 131: Landroid/app/AlarmManager;.setExact (IJLandroid/app/PendingIntent;)V
I/SecDownloader( 2269): Broadcast: Network Up
D/dalvikvm( 2246): VFY: replacing opcode 0x6e at 0x0039
D/dalvikvm( 2246): VFY: dead code 0x003c-003d in Lcom/whatsapp/messaging/ac;.d ()V
D/dalvikvm( 2246): GC_CONCURRENT freed 471K, 39% free 4655K/7559K, external 412K/517K, paused 6ms+23ms
D/dalvikvm( 1327): GC_EXPLICIT freed 12K, 49% free 2769K/5379K, external 412K/517K, paused 284ms
D/dalvikvm( 1327): GC_EXPLICIT freed <1K, 49% free 2769K/5379K, external 412K/517K, paused 198ms
D/dalvikvm( 1527): GC_CONCURRENT freed 938K, 41% free 6456K/10887K, external 1019K/1524K, paused 6ms+31ms
D/dalvikvm( 1327): GC_EXPLICIT freed <1K, 49% free 2769K/5379K, external 412K/517K, paused 151ms
W/dalvikvm( 2246): VFY: unable to resolve virtual method 4481: Landroid/view/ViewGroup;.setLayoutTransition (Landroid/animation/LayoutTransition;)V
D/dalvikvm( 2246): VFY: replacing opcode 0x6e at 0x0085
W/Finsky  ( 2142): [8] InAppBillingUtils.getPreferredAccount: com.whatsapp: No account found.
W/Finsky  ( 2142): [8] InAppBillingService.checkBillingEnabled: Billing unavailable for this package and user.
D/dalvikvm( 1527): GC_EXPLICIT freed 51K, 42% free 6405K/10887K, external 1019K/1524K, paused 233ms
D/MediaUploader( 2279): UploaderApplication.onCreate
D/SurfaceFlinger( 1527): Layer[1d7bc8] [19] non-RGB565 reloads
D/MediaUploader( 2279): nonWifiLimit=20971520, default=20971520
I/MediaUploader( 2279): No need to wake up
I/FOTA_Client( 1994): [Ver2.1.0][FotaReceiver.java(Line:41/Method:onReceive)] Receive broadcast meassage:android.net.conn.CONNECTIVITY_CHANGE
D/FOTA_Client( 1994): [Ver2.1.0][FotaState.java(Line:104/Method:readTermsState)] Term State: 1
D/FOTA_Client( 1994): [Ver2.1.0][FotaState.java(Line:116/Method:readPushState)] Push State: false
D/FOTA_Client( 1994): [Ver2.1.0][FotaState.java(Line:128/Method:readPollingState)] Poll State: true
D/FOTA_Client( 1994): [Ver2.1.0][FotaState.java(Line:140/Method:readPollingMode)] Poll Mode: false
D/FOTA_Client( 1994): [Ver2.1.0][FotaState.java(Line:149/Method:readPollingTime)] Poll Time: 1413419263817
D/FOTA_Client( 1994): [Ver2.1.0][FotaState.java(Line:158/Method:readFotaTime)] Fota Time: 1413457690438
D/FOTA_Client( 1994): [Ver2.1.0][SettingState.java(Line:122/Method:isAutoUpdate)] Auto Update: true
D/FOTA_Client( 1994): [Ver2.1.0][SettingState.java(Line:136/Method:isWifiOnly)] WiFi only: true
D/FOTA_Client( 1994): [Ver2.1.0][SettingState.java(Line:150/Method:isPushMessage)] Push Message: true
I/FOTA_Client( 1994): [Ver2.1.0][FotaService.java(Line:77/Method:handleMessage)] Receive message result:101
I/FOTA_Client( 1994): [Ver2.1.0][FotaService.java(Line:165/Method:onNetChanged)] Network Changed
I/FOTA_Client( 1994): [Ver2.1.0][FotaService.java(Line:170/Method:onNetChanged)] Network available
W/dalvikvm( 2246): Unable to resolve superclass of Lcom/whatsapp/appwidget/WidgetService; (856)
W/dalvikvm( 2246): Link of class 'Lcom/whatsapp/appwidget/WidgetService;' failed
E/dalvikvm( 2246): Could not find class 'com.whatsapp.appwidget.WidgetService', referenced from method com.whatsapp.appwidget.WidgetProvider.a
W/dalvikvm( 2246): VFY: unable to resolve const-class 2585 (Lcom/whatsapp/appwidget/WidgetService;) in Lcom/whatsapp/appwidget/WidgetProvider;
D/dalvikvm( 2246): VFY: replacing opcode 0x1c at 0x0063
D/dalvikvm( 2246): VFY: dead code 0x0065-00b0 in Lcom/whatsapp/appwidget/WidgetProvider;.a (Landroid/content/Context;III)Landroid/widget/RemoteViews;
D/dalvikvm( 2246): VFY: dead code 0x0108-0109 in Lcom/whatsapp/appwidget/WidgetProvider;.a (Landroid/content/Context;III)Landroid/widget/RemoteViews;
D/SamsungAccount( 2079): [OspReceiver.java/Lines:44] OnReceive begin
D/SamsungAccount( 2079): [OspReceiver.java/Lines:112] OnReceive end
W/dalvikvm( 2246): VFY: unable to resolve virtual method 27196: Lcom/whatsapp/messaging/CaptivePortalActivity;.setFinishOnTouchOutside (Z)V
D/dalvikvm( 2246): VFY: replacing opcode 0x6e at 0x0014
V/Twiliodevice( 2212): onPresencechanged getname 94_extn94
V/Twiliodevice( 2212): is available = true
V/Twiliodevice( 2212): is available = true  inPresenceEvent.getName()=94_extn94 myname=94_extn94
E/ClockWidget( 1942): onUpdate
E/ClockWidget( 1942): clock_bg portrait
E/ClockWidget( 1942): drawDayText
E/ClockWidget( 1942): width= 50
E/ClockWidget( 1942): widthText= 83.0
W/Finsky  ( 2142): [7] InAppBillingUtils.getPreferredAccount: com.domobile.applock: No account found.
W/Finsky  ( 2142): [7] InAppBillingService.checkBillingEnabled: Billing unavailable for this package and user.
V/WifiProgressStore( 2106): WifiProgressStore Created
D/StatusChecker( 1913): onReceive : android.provider.Telephony.GET_SMSC
D/StatusChecker( 1913): trySendSMS, in service : true , SMS send : false , SMSC : true
E/ClockWidget( 1942): onUpdate
E/ClockWidget( 1942): clock_bg portrait
E/ClockWidget( 1942): drawDayText
E/ClockWidget( 1942): width= 50
E/ClockWidget( 1942): widthText= 83.0
D/StatusChecker( 1913): onReceive : android.provider.Telephony.GET_SMSC
D/StatusChecker( 1913): trySendSMS, in service : true , SMS send : false , SMSC : true
D/SmsManager( 1856): [CB] In getCbConfig of SmsManager.java  
V/WifiProgressStore( 1618): WifiProgressStore Created
I/NetworkStatusReceiver( 1618): action: com.android.settings.networkmanagement
I/NetworkStatusReceiver( 1618): Network Status Receiver:Old Sim1 No Sim2 
D/SmsManager( 1856): [SmsManger- CB] bCBEnabled = false selectedId = 0 msgIdMaxCount = 8 msgIdCount = 0
D/dalvikvm( 2246): GC_CONCURRENT freed 504K, 38% free 4942K/7879K, external 412K/517K, paused 10ms+26ms
V/MmsProvisioning( 2298): Get debugsetting ready intent
V/MmsProvisioning( 2298): Broadcast log on flag 
V/MmsProvisioning( 2298): Broadcast optionalfieldattendance flag 
V/MmsProvisioning( 2298): Broadcast UA
D/SurfaceFlinger( 1527): Layer[1d7bc8] [24] non-RGB565 reloads
W/ActivityManager( 1527): finishReceiver called but active receiver is different
V/UsbReceiver( 2106): UsbReceiver.onReceive() ->  now 1413350259776
V/UsbReceiver( 2106): UsbReceiver.onReceive() -> Intent.getAction() android.intent.action.UMS_CONNECTED
V/UsbReceiver( 2106): UsbReceiver.onReceive() -> mIsBlockedAlertDlg: false, mAddSetScreen: false, mConnected: false
I/MediaUploader( 2279): No need to wake up
D/ConnectivityService( 1527): Inet hold end, net=1, condition =0, published condition =0
D/ConnectivityService( 1527): no change in condition - aborting
D/SurfaceFlinger( 1527): Layer[3566f8] [4] RGB565 reloads
I/System.out( 1856): simId: 0, [CB] c.size = 8
D/SmsManager( 1856): [SMSManager] In setCbConfig of SmsManager.java  
D/SmsManager( 1856): [SMSManager] cbEnable = false selectId = 1 idCount = 0
D/SmsManager( 1856): [SMSManager] langInt0Language = 0
D/SmsManager( 1856): [SMSManager] langInt1Language = 1
D/SmsManager( 1856): [SMSManager] langInt2Language = 2
D/SmsManager( 1856): [SMSManager] langInt3Language = 3
D/SmsManager( 1856): [SMSManager] langInt4Language = 4
D/SmsManager( 1856): [SMSManager] langInt6Language = 6
D/SmsManager( 1856): [SMSManager] langInt7Language = 7
D/SmsManager( 1856): [SMSManager] langInt8Language = 8
E/BootReceiver( 2306): registerContentObserver
W/dalvikvm( 2246): VFY: unable to resolve virtual method 131: Landroid/app/AlarmManager;.setExact (IJLandroid/app/PendingIntent;)V
D/MediaScannerService( 1966): start scanning volume external
D/dalvikvm( 2246): VFY: replacing opcode 0x6e at 0x0077
D/dalvikvm( 2246): VFY: dead code 0x007a-007b in Lcom/whatsapp/c2dm/C2DMRegistrar;.a (Z)V
D/MediaProvider( 1966): mMediaScannerReceiver - intent.getAction : android.intent.action.MEDIA_SCANNER_STARTED
V/MediaProvider( 1966): Suspending ThumbWorker
I/MediaProvider( 1966): MediaScanner started!!!
V/MediaProvider( 1966):  volume ID: 22457
D/BootReceiver( 2306): checkMediaScanning: media scanning = true
D/BootReceiver( 2306): checkMediaScanning: media scanning = true
D/BatteryService( 1527): update start
D/dalvikvm( 1966): GC_CONCURRENT freed 302K, 49% free 2920K/5639K, external 412K/517K, paused 4ms+21ms
D/ProgramMonitor( 2328):  onReceive -no
D/ProgramMonitor( 2328): appWidgetIds.length : 0
D/ProgramMonitor( 2328):  onReceive - action:com.sec.android.app.controlpanel.RUNNING_PROGRAM_REQ
I/ProgramMonitor( 2328): mCtxt == null
D/ClockWidget( 1942): onReceive : ACTION_HOME_RESUME is called!!
E/GTalkService( 1651): asyncFetch: no username
D/C2DMRegistrar( 1651): [C2DMRegistrar.29] AuthTokenCallback: account missing
D/dalvikvm( 2342): GC_CONCURRENT freed 139K, 45% free 3135K/5639K, external 412K/517K, paused 4ms+6ms
D/dalvikvm( 2246): GC_CONCURRENT freed 564K, 38% free 5153K/8199K, external 412K/517K, paused 17ms+33ms
D/dalvikvm( 2342): GC_CONCURRENT freed 112K, 42% free 3529K/6023K, external 412K/517K, paused 4ms+7ms
D/ProgramMonitor( 2328):  onReceive -no
D/ProgramMonitor( 2328): appWidgetIds.length : 0
D/ProgramMonitor( 2328):  onReceive - action:com.sec.android.app.controlpanel.RUNNING_PROGRAM_REQ
D/ProgramMonitor( 2328):  onReceive - action:com.sec.android.app.controlpanel.RUNNING_PROGRAM_ACK
D/ProgramMonitor( 2328): updateNumberText
D/ProgramMonitor( 2328): updateWidget
D/ProgramMonitor( 2328): updateWidget - appWidgetIds == null -->> resetting
D/ProgramMonitor( 2328): updateWidget - appWidgetIds.length == 0
D/dalvikvm( 2320): GC_CONCURRENT freed 209K, 46% free 3064K/5639K, external 412K/517K, paused 4ms+21ms
D/dalvikvm( 1527): GC_CONCURRENT freed 1125K, 41% free 6449K/10887K, external 1019K/1524K, paused 6ms+15ms
D/ProgramMonitor( 2328): updateNumberText
D/MediaScanner( 1966): prescan return
W/MediaScanner( 1966): Sync..
D/SurfaceFlinger( 1527): Layer[1d7bc8] [37] non-RGB565 reloads
D/dalvikvm( 2328): GC_CONCURRENT freed 381K, 50% free 2866K/5639K, external 412K/517K, paused 3ms+5ms
D/ProgramMonitor( 2328): updateWidget
D/ProgramMonitor( 2328): updateWidget - appWidgetIds.length == 0
D/ProgramMonitor( 2328):  onReceive - action:com.sec.android.app.controlpanel.CPU_USAGE_WARN
I/ProgramMonitor( 2328): cpu_usage_wan
D/ProgramMonitor( 2328): updateSlideText
D/ProgramMonitor( 2328): updateDefaultText
D/ProgramMonitor( 2328): updateWidget
D/ProgramMonitor( 2328): updateWidget - appWidgetIds == null -->> resetting
D/ProgramMonitor( 2328): updateWidget - appWidgetIds.length == 0
D/ProgramMonitor( 2328):  onReceive -no
D/ProgramMonitor( 2328): appWidgetIds.length : 0
D/ProgramMonitor( 2328):  onReceive - action:com.sec.android.app.controlpanel.RUNNING_PROGRAM_REQ
D/ClockWidget( 1942): onReceive : ACTION_HOME_RESUME is called!!
I/OjkeyBootReceiver( 2106): Recive android.intent.action.OJEKEY_SET_DEFAULT 
E/CscReceiver( 1618): onReceive android.intent.action.MEDIA_SCANNER_FINISHED
I/CscReceiver( 1618): handleMediaScannerFinished
E/BootReceiver( 2306): Ignore first ACTION_MEDIA_SCANNER_FINISHED
W/MediaScanner( 1966): Start Nazca /mnt/sdcard/
D/MediaScanner( 1966): Android SD Device open OK
D/dalvikvm( 2361): GC_CONCURRENT freed 141K, 45% free 3133K/5639K, external 412K/517K, paused 4ms+8ms
D/dalvikvm( 2361): GC_CONCURRENT freed 112K, 42% free 3529K/6023K, external 412K/517K, paused 4ms+7ms
D/BatteryService( 1527): update start
D/dalvikvm( 2361): GC_CONCURRENT freed 214K, 41% free 3856K/6471K, external 412K/517K, paused 4ms+5ms
D/ProgramMonitor( 2328):  onReceive -no
D/ProgramMonitor( 2328): appWidgetIds.length : 0
D/ProgramMonitor( 2328):  onReceive - action:com.sec.android.app.controlpanel.RUNNING_PROGRAM_REQ
D/ClockWidget( 1942): onReceive : ACTION_HOME_RESUME is called!!
I/OjkeyBootReceiver( 2106): Recive android.intent.action.OJEKEY_SET_DEFAULT 
V/DebugSettingReceiver( 1856): Get transaction log on intent false
V/DebugSettingReceiver( 1856): Get optional field attendance intent false
V/DebugSettingReceiver( 1856): Get UA change intent
V/DebugSettingReceiver( 1856): Set UA to origin
D/ProgramMonitor( 2328):  onReceive - action:com.sec.android.app.controlpanel.RUNNING_PROGRAM_ACK
D/ProgramMonitor( 2328): updateNumberText
D/ProgramMonitor( 2328): updateWidget
D/ProgramMonitor( 2328): updateWidget - appWidgetIds == null -->> resetting
D/ProgramMonitor( 2328): updateWidget - appWidgetIds.length == 0
D/ProgramMonitor( 2328):  onReceive -no
D/ProgramMonitor( 2328): appWidgetIds.length : 0
D/ProgramMonitor( 2328):  onReceive - action:com.sec.android.app.controlpanel.RUNNING_PROGRAM_REQ
D/ProgramMonitor( 2328):  onReceive - action:com.sec.android.app.controlpanel.RUNNING_PROGRAM_ACK
D/ProgramMonitor( 2328): updateNumberText
D/ProgramMonitor( 2328): updateWidget
D/ProgramMonitor( 2328): updateWidget - appWidgetIds == null -->> resetting
D/ProgramMonitor( 2328): updateWidget - appWidgetIds.length == 0
D/ProgramMonitor( 2328):  onReceive - action:com.sec.android.app.controlpanel.CPU_USAGE_WARN
I/ProgramMonitor( 2328): cpu_usage_wan
D/ProgramMonitor( 2328): updateSlideText
D/ProgramMonitor( 2328): updateDefaultText
D/ProgramMonitor( 2328): updateWidget
D/ProgramMonitor( 2328): updateWidget - appWidgetIds == null -->> resetting
D/ProgramMonitor( 2328): updateWidget - appWidgetIds.length == 0
D/ProgramMonitor( 2328):  onReceive - action:com.sec.android.app.controlpanel.RUNNING_PROGRAM_ACK
D/ProgramMonitor( 2328): updateNumberText
D/dalvikvm( 2320): GC_CONCURRENT freed 434K, 48% free 3105K/5959K, external 412K/517K, paused 3ms+22ms
D/dalvikvm( 2328): GC_CONCURRENT freed 368K, 48% free 3011K/5767K, external 412K/517K, paused 4ms+7ms
D/ProgramMonitor( 2328): updateWidget
D/ProgramMonitor( 2328): updateWidget - appWidgetIds == null -->> resetting
D/ProgramMonitor( 2328): updateWidget - appWidgetIds.length == 0
D/ProgramMonitor( 2328):  onReceive - action:com.sec.android.app.controlpanel.CPU_USAGE_WARN
I/ProgramMonitor( 2328): cpu_usage_wan
D/ProgramMonitor( 2328): updateSlideText
D/ProgramMonitor( 2328): updateDefaultText
D/ProgramMonitor( 2328): updateWidget
D/ProgramMonitor( 2328): updateWidget - appWidgetIds == null -->> resetting
D/ProgramMonitor( 2328): updateWidget - appWidgetIds.length == 0
D/ProgramMonitor( 2328):  onReceive - action:com.sec.android.app.controlpanel.RUNNING_PROGRAM_ACK
D/ProgramMonitor( 2328): updateNumberText
V/Twiliodevice( 2212): deviceoffline()
V/twiliodevice( 2212):  device Ready
V/Twiliodevice( 2212): istokenold()
V/twiliodevice( 2212):  istokenold ereturning false
V/Twilioservice( 2212): (!(interruptrunningthread)   && (count < 10))
D/dalvikvm( 1527): GC_CONCURRENT freed 1204K, 41% free 6426K/10887K, external 1019K/1524K, paused 7ms+9ms
D/ProgramMonitor( 2328): updateWidget
D/ProgramMonitor( 2328): updateWidget - appWidgetIds == null -->> resetting
D/ProgramMonitor( 2328): updateWidget - appWidgetIds.length == 0
D/ProgramMonitor( 2328):  onReceive - action:com.sec.android.app.controlpanel.RUNNING_PROGRAM_ACK
D/ProgramMonitor( 2328): updateNumberText
D/ProgramMonitor( 2328): updateWidget
D/ProgramMonitor( 2328): updateWidget - appWidgetIds == null -->> resetting
D/ProgramMonitor( 2328): updateWidget - appWidgetIds.length == 0
D/ProgramMonitor( 2328):  onReceive - action:com.sec.android.app.controlpanel.CPU_USAGE_WARN
I/ProgramMonitor( 2328): cpu_usage_wan
D/ProgramMonitor( 2328): updateSlideText
D/ProgramMonitor( 2328): updateDefaultText
D/ProgramMonitor( 2328): updateWidget
D/ProgramMonitor( 2328): updateWidget - appWidgetIds == null -->> resetting
D/ProgramMonitor( 2328): updateWidget - appWidgetIds.length == 0
W/MediaScanner( 1966): ".nomedia" in /mnt/sdcard/WhatsApp/Media/WhatsApp Audio/Sent
W/MediaScanner( 1966): ".nomedia" in /mnt/sdcard/WhatsApp/Media/WhatsApp Voice Notes
W/MediaScanner( 1966): ".nomedia" in /mnt/sdcard/WhatsApp/Media/WhatsApp Video/Sent
W/MediaScanner( 1966): ".nomedia" in /mnt/sdcard/WhatsApp/Media/WhatsApp Images/Sent
W/MediaScanner( 1966): ".nomedia" in /mnt/sdcard/WhatsApp/Profile Pictures
W/MediaScanner( 1966): ".nomedia" in /mnt/sdcard/Android/data/com.google.android.apps.genie.geniewidget.news-content-cache
W/MediaScanner( 1966): Special Meta & DB Insert/Update Start
D/SurfaceFlinger( 1527): Layer[1d7bc8] [27] non-RGB565 reloads
W/MediaScanner( 1966): Special  220 done (43msec) [end 0]
W/MediaScanner( 1966): Normal Meta & DB Insert/Update Start
D/ProgramMonitor( 2328):  onReceive - action:com.sec.android.app.controlpanel.CPU_USAGE_WARN
I/ProgramMonitor( 2328): cpu_usage_wan
D/ProgramMonitor( 2328): updateSlideText
D/ProgramMonitor( 2328): updateDefaultText
D/ProgramMonitor( 2328): updateWidget
D/ProgramMonitor( 2328): updateWidget - appWidgetIds == null -->> resetting
D/ProgramMonitor( 2328): updateWidget - appWidgetIds.length == 0
W/MediaScanner( 1966): Normal  260 done (144msec)
D/MediaScanner( 1966): postscan enter: directories - 
D/MediaProvider( 1966): modifyALLMediaDBTriggers  status : false
D/MediaProvider( 1966): modifyALLMediaDBTriggers : triggers deleting
D/SurfaceFlinger( 1527): Layer[1d7bc8] [39] non-RGB565 reloads
D/MediaProvider( 1966): modifyALLMediaDBTriggers  status : true
D/MediaProvider( 1966): modifyALLMediaDBTriggers : triggers recreation
D/MediaScanner( 1966): postscan return
D/MediaScanner( 1966):  prescan time: 3295ms
D/MediaScanner( 1966):     scan time: 5264ms
D/MediaScanner( 1966): postscan time: 146ms
D/MediaScanner( 1966):    total time: 8705ms
I/DBG_WSS_DM( 1925): [v3.1203.2.1][DMService.java Line:1233][onReceive] android.intent.action.MEDIA_SCANNER_FINISHED
D/MediaProvider( 1966): mMediaScannerReceiver - intent.getAction : android.intent.action.MEDIA_SCANNER_FINISHED
E/CscReceiver( 1618): onReceive android.intent.action.MEDIA_SCANNER_FINISHED
I/CscReceiver( 1618): handleMediaScannerFinished
V/MediaProvider( 1966): Resuming ThumbWorker
I/MediaProvider( 1966): MediaScanner stopped!!!
W/MediaProvider( 1966): Have message but no request?
I/DBG_WSS_DM( 1925): [v3.1203.2.1][wssdmdb.java Line:4986][smldmdbGetFUMOStatus] smldmdbGetFUMOStatus 0
D/MediaScannerService( 1966): done scanning volume external
D/dalvikvm( 2306): GC_CONCURRENT freed 336K, 49% free 2878K/5639K, external 416K/517K, paused 4ms+5ms
E/DiskCache( 2306): FileNotFoundException
D/CacheService( 2306): markDirty refresh start
E/DiskCache( 2306): Delete All Cache Files!!!
E/DiskCache( 2306): Delete All Cache Files!!!
D/ProgramMonitor( 2328):  onReceive - action:com.sec.android.app.controlpanel.CPU_USAGE_WARN
I/ProgramMonitor( 2328): cpu_usage_wan
D/ProgramMonitor( 2328): updateSlideText
D/ProgramMonitor( 2328): updateDefaultText
D/ProgramMonitor( 2328): updateWidget
D/ProgramMonitor( 2328): updateWidget - appWidgetIds == null -->> resetting
D/ProgramMonitor( 2328): updateWidget - appWidgetIds.length == 0
D/DiskCacheSEC( 2306): [SE Lab.] index file will be loaded..
E/DiskCache( 2306): Delete All Cache Files!!!
D/CacheService( 2306): Dirty Thumbnail Cache delete!!
D/CacheService( 2306): MediaSet Write Cache NumSets[7]
I/CacheService( 2306): Done building albums.
I/CacheService( 2306): Building items.
D/CacheService( 2306): MediaSet Write Cache NumSets[7]
I/CacheService( 2306): Done building albums.
I/CacheService( 2306): Building items.
D/CacheService( 2306): markDirty refresh end
D/dalvikvm( 2306): GC_CONCURRENT freed 296K, 48% free 2973K/5703K, external 416K/517K, paused 4ms+3ms
D/BatteryService( 1527): update start
D/SurfaceFlinger( 1527): Layer[1d7bc8] [40] non-RGB565 reloads
D/BatteryService( 1527): update start
D/dalvikvm( 2230): GC_CONCURRENT freed 321K, 48% free 3072K/5831K, external 582K/950K, paused 4ms+4ms
V/Twilioservice( 2212): (!(interruptrunningthread)   && (count < 10))
I/InputReader( 1527): dispatchTouch::touch event's action is 0
I/InputDispatcher( 1527): Delivering touch to current input target
D/dalvikvm( 1626): GC_EXTERNAL_ALLOC freed 635K, 47% free 3479K/6535K, external 2437K/2440K, paused 59ms
I/InputReader( 1527): dispatchTouch::touch event's action is 1
I/InputDispatcher( 1527): Delivering touch to current input target
D/SurfaceFlinger( 1527): Layer[3566f8] [2] RGB565 reloads
D/SurfaceFlinger( 1527): Layer[1d7bc8] [39] non-RGB565 reloads
E/ClockWidget( 1942): clock_bg portrait
E/ClockWidget( 1942): drawDayText
E/ClockWidget( 1942): width= 50
E/ClockWidget( 1942): widthText= 83.0
D/SurfaceFlinger( 1527): Layer[3566f8] [30] RGB565 reloads
D/BatteryService( 1527): update start
I/InputReader( 1527): dispatchTouch::touch event's action is 0
I/InputDispatcher( 1527): Delivering touch to current input target
I/InputReader( 1527): dispatchTouch::touch event's action is 1
I/InputDispatcher( 1527): Delivering touch to current input target
W/AudioPolicyManager( 1328): getSituationVolume() situation=1, device=0
W/AudioPolicyManager( 1328): getSituationVolume() mSituationVolume=0.500000
E/AudioPolicyService( 1328): AudioPolicyService::getOutput() tid 1328
V/AudioPolicyManager( 1328): getDeviceForStrategy() from cache strategy 0, device 2
V/AudioPolicyManager( 1328): AudioPolicyManager::getOutput() stream 1, samplingRate 0, format 0, channels c, flags 0
V/AudioFlinger( 1328): AudioFlinger::createTrack() sampleRate 44100, format 1, channelCount 1, frameCount 8192
V/AudioFlinger( 1328): AudioFlinger::createTrack() sessionId: 0
V/AudioFlinger( 1328): AudioFlinger::createTrack() lSessionId: 7
V/AudioFlinger( 1328): Track constructor name 4099, calling thread 1527
V/AudioFlinger( 1328): start(4099), calling thread 1527 session 7
V/AudioFlinger( 1328): ? => ACTIVE (4099) on thread 0x95900
V/AudioPolicyManager( 1328): startOutput() output 1, stream 1, session 7
V/AudioPolicyManager( 1328): startOutput() mHardwareOutput 1, output 1, mPhoneState 0, mRefCount 0, inputSource 0
V/AudioPolicyManager( 1328): getNewDevice() output=1, fromCache=1
E/AudioPolicyManagerBase( 1328): unknown stream type
E/AudioPolicyManagerBase( 1328): unknown stream type
E/AudioPolicyManagerBase( 1328): unknown stream type
V/AudioPolicyManager( 1328): getNewDevice() STRATEGY_MEDIA #2
V/AudioPolicyManager( 1328): getDeviceForStrategy() from cache strategy 0, device 2
V/AudioPolicyManager( 1328): getNewDevice() selected device 2
V/AudioPolicyManager( 1328): setOutputDevice() output 1 device 2 delayMs 0
V/AudioPolicyManager( 1328): setOutputDevice() setting same device 2 or null device for output 1
E/AudioPolicyManager( 1328): Speaker_swa Volume = 0.000000 , device = 2, stream = 1, index = 0
V/AudioFlinger( 1328): mWaitWorkCV.broadcast
V/AudioFlinger( 1328): MixerThread 0x6f228 TID 1491 waking up
D/AudioStreamOutALSA( 1328): Preparing the device
D/SurfaceFlinger( 1527): Layer[3566f8] [3] RGB565 reloads
V/AudioFlinger( 1328): getNextBuffer() no more data for track 4099 on thread 0x6f228
V/AudioFlinger( 1328): stop(4099), calling thread 1527
V/AudioFlinger( 1328): (> STOPPED) => STOPPED (4099) on thread 0x6f228
V/AudioPolicyManager( 1328): stopOutput() output 1, stream 1, session 7
V/AudioPolicyManager( 1328): stopOutput() mHardwareOutput 1, output 1, mPhoneState 0
V/AudioPolicyManager( 1328): getNewDevice() output=1, fromCache=1
E/AudioPolicyManagerBase( 1328): unknown stream type
E/AudioPolicyManagerBase( 1328): unknown stream type
E/AudioPolicyManagerBase( 1328): unknown stream type
E/AudioPolicyManagerBase( 1328): unknown stream type
V/AudioPolicyManager( 1328): getNewDevice() selected device 0
V/AudioPolicyManager( 1328): getNewDevice() output=1, fromCache=1
E/AudioPolicyManagerBase( 1328): unknown stream type
E/AudioPolicyManagerBase( 1328): unknown stream type
E/AudioPolicyManagerBase( 1328): unknown stream type
E/AudioPolicyManagerBase( 1328): unknown stream type
V/AudioPolicyManager( 1328): getNewDevice() selected device 0
V/AudioPolicyManager( 1328): setOutputDevice() output 1 device 0 delayMs 150
V/AudioPolicyManager( 1328): setOutputDevice() setting same device 0 or null device for output 1
V/AudioFlinger( 1328): TrackBase::reset
