W/PackageManager( 1527): Unknown permission in package 
W/PackageManager( 1527): Not granting permission to package (protectionLevel flags)
D/CscParser( 1856): getInstance fileName =/system/csc/customer.xml
I/IMEITracker( 1856): startIMEITracker... 
I/IMEITracker( 1856):  isTestSimCard MCC : 404
I/IMEITracker( 1856):  isTestSimCard MNC : 72
I/IMEITracker( 1856): sendSms : true
I/IMEITracker( 1856): Starting IMEI Tracker Service Context : android.app.ReceiverRestrictedContext@40580108
W/PackageManager( 1527): Unknown permission in package 
W/PackageManager( 1527): Unknown permission in package 
W/PackageManager( 1527): Unknown permission in package 
W/PackageManager( 1527): Unknown permission in package 
W/PackageManager( 1527): Unknown permission in package 
D/dalvikvm( 1856): GC_CONCURRENT freed 843K, 47% free 3728K/6983K, external 412K/517K, paused 4ms+5ms
W/PackageManager( 1527): Not granting permission to package (protectionLevel flags)
W/PackageManager( 1527): Unknown permission in package 
W/PackageManager( 1527): Unknown permission in package 
W/PackageManager( 1527): Unknown permission in package 
W/PackageManager( 1527): Not granting permission to package (protectionLevel flags)
W/PackageManager( 1527): Not granting permission to package (protectionLevel flags)
W/PackageManager( 1527): Not granting permission to package (protectionLevel flags)
W/PackageManager( 1527): Unknown permission in package 
W/PackageManager( 1527): Unknown permission in package 
W/PackageManager( 1527): Not granting permission to package (protectionLevel flags)
W/PackageManager( 1527): Unknown permission in package 
D/SurfaceFlinger( 1527): Layer[1d7bc8] [25] non-RGB565 reloads
I/IMEITracker( 1856): IMEI Tracker :: Service Started Successfully..... Obj = ComponentInfo{com.android.mms/com.android.mms.transaction.IMEITrackerService}
E/SimChangeReceiverForCFU( 1618): SimChangeReceiverForCFU_onReceive
D/NotificationMgr( 1618): updateCfi()_voiceI_DS : false voiceIForSim2 : false simCardIdforCfi : 0 ,mPhone.getSimCardId : ID_ZERO, mPhone2.getSimCardId : ID_ONE
D/NotificationMgr( 1618): updateCfi_DS_SIM_ZERO
I/ITS     ( 1856): getInstance
I/ITS     ( 1856): getInstance
I/ITS     ( 1856): onCreate
I/TelephonyRegistry( 1527): notifyDataConnection: state=0 activeState=0 isDataConnectivityPossible=true reason=gprsAttached interfaceName=null networkType=1
D/Launcher( 1626): setWallpaperDimension() called
D/Launcher.SWidgetPkgMgr( 1626):   ----> running samsung widgets loader
I/ITS     ( 1856): onStart
I/ITS     ( 1856): waitForLooper
I/ITS     ( 1856): run
D/StatusBarPolicy( 1601): updateDataIcon() visible==false because of conditon no- hasService() && mDataState == TelephonyManager.DATA_CONNECTED
D/StatusBarPolicy( 1601): SIM0-onDataConnectionStateChanged():state==0, NetworkType==1
D/StatusBarPolicy( 1601): updateDataIcon() visible==false because of conditon no- hasService() && mDataState == TelephonyManager.DATA_CONNECTED
I/WallpaperService( 1527): getWallpaperInfo = null
I/ITS     ( 1856): _saved 1
I/ITS     ( 1856): _saved 2
I/ITS     ( 1856): _saved 3
I/ITS     ( 1856): Boot not complete
D/Launcher.SWidgetPkgMgr( 1626):   ----> samsungwidgets loader completed
D/SurfaceFlinger( 1527): Layer[18eff0] [8] RGB565 reloads
V/WifiProgressStore( 1835): WifiProgressStore Created
D/SensorManager( 1835): ====>>>>>Num Sensor: 1
D/SensorManager( 1835): ====>>>>>Num Sensor: 2
D/SensorManager( 1835): ====>>>>>Num Sensor: 3
D/SensorManager( 1835): ====>>>>>Num Sensor: 4
D/SensorManager( 1835): ====>>>>>Num Sensor: 5
D/SensorManager( 1835): ====>>>>>Num Sensor: 6
D/SensorManager( 1835): ====>>>>>Num Sensor: 0
D/dalvikvm( 1856): GC_FOR_MALLOC freed 71K, 47% free 3714K/6983K, external 412K/517K, paused 438ms
D/CscParser( 1856): customer_path =/system/csc/customer.xml
E/CscParser( 1856): fileName + /system/csc/customer.xml
D/dalvikvm( 1835): GC_CONCURRENT freed 213K, 40% free 3883K/6471K, external 412K/517K, paused 4ms+30ms
D/szipinf ( 1835): Initializing inflate state
D/szipinf ( 1835): Initializing zlib to inflate
D/dalvikvm( 1856): GC_FOR_MALLOC freed 35K, 47% free 3722K/6983K, external 412K/517K, paused 358ms
D/Launcher.Model( 1626): startLoader isLaunching=true
I/Launcher( 1626): onCreate() ended
I/Launcher( 1626): updateWindowTransparency->  WallpaperManager wp:android.app.WallpaperManager@405be1a8
I/Launcher( 1626): updateWindowTransparency->  WallpaperInfo wi:null
E/Launcher( 1626): setWindowOpaque()
D/Launcher( 1626): mWallpaperCanvasView.setVisibility - Start
D/Launcher( 1626): mWallpaperCanvasView.setVisibility - End
W/WallpaperManager( 1626): peekWallpaperBitmap->mWallpaperandroid.graphics.Bitmap@4053bbe0
D/Launcher.Model( 1626): step 1: loading workspace
D/Launcher.Model( 1626): loadAndBindWorkspace loaded=false
I/WallpaperService( 1527): getWallpaperInfo = null
D/dalvikvm( 1835): GC_FOR_MALLOC freed 92K, 40% free 4059K/6727K, external 412K/517K, paused 162ms
D/Launcher( 1626): usingLiveWallpaper ELSE part
D/dalvikvm( 1618): GC_CONCURRENT freed 463K, 44% free 3690K/6535K, external 412K/517K, paused 5ms+57ms
D/SurfaceFlinger( 1527): Layer[18eff0] [7] RGB565 reloads
D/dalvikvm( 1527): GC_EXPLICIT freed 1096K, 43% free 6304K/10887K, external 2875K/3028K, paused 317ms
I/Launcher( 1626): onResume() ended
D/dalvikvm( 1626): GC_EXTERNAL_ALLOC freed 382K, 47% free 3269K/6087K, external 2099K/2107K, paused 469ms
D/dalvikvm( 1835): GC_CONCURRENT freed 508K, 42% free 4157K/7047K, external 412K/517K, paused 4ms+91ms
D/SurfaceFlinger( 1527): Layer[3566f8]:: Tile format buffer w[256] h[320] f[4] v[0x4814a000] p[0x9473a000] sz[163840]
E/SurfaceFlinger( 1527): Boot is finished (40226 ms)
I/OrientationDebug( 1527): [wms] in setRotation() rotation=0 alwaysSendConfiguration=true animFlags=1
I/OrientationDebug( 1527): [wms] in setRotation() now call setRotationUnchecked()
E/BootAnimation( 1536): [JJ]bootcomplete bootani jump exit
D/SurfaceFlinger( 1527): Tile Convert CL curr[1680] prev max[528] num_blocks[1]
D/dalvikvm( 1856): GC_CONCURRENT freed 153K, 42% free 4081K/6983K, external 412K/517K, paused 5ms+85ms
D/IccProvider( 1618): [IccProvider] adnRecords.size=179
D/IccProvider( 1618): [IccProvider] loadFromEf: return results
D/Launcher.Model( 1626): step 2: loading all apps
D/Launcher.Model( 1626): loadAndBindAllApps loaded=false
D/CscParser( 1856): getInstance fileName =/system/csc/customer.xml
I/IMEITracker( 1856): startIMEITracker... 
I/IMEITracker( 1856):  isTestSimCard MCC : 404
I/IMEITracker( 1856):  isTestSimCard MNC : 72
I/IMEITracker( 1856): sendSms : true
I/IMEITracker( 1856): Starting IMEI Tracker Service Context : android.app.ReceiverRestrictedContext@40580108
I/IMEITracker( 1856): IMEI Tracker :: Service Started Successfully..... Obj = ComponentInfo{com.android.mms/com.android.mms.transaction.IMEITrackerService}
I/ITS     ( 1856): onStart
I/ITS     ( 1856): waitForLooper
I/ITS     ( 1856): _saved 1
I/ITS     ( 1856): _saved 2
I/ITS     ( 1856): _saved 3
I/ITS     ( 1856): Boot not complete
D/SurfaceFlinger( 1527): Layer[1d7bc8] [14] non-RGB565 reloads
D/BatteryService( 1527): update start
D/SntpClient( 1527): request time failed: java.net.SocketTimeoutException: Try again
D/GpsLocationProvider( 1527): requestTime failed
D/Launcher( 1626): Launcher binding started
D/dalvikvm( 1835): GC_CONCURRENT freed 692K, 43% free 4093K/7175K, external 412K/517K, paused 5ms+20ms
D/dalvikvm( 1856): GC_CONCURRENT freed 848K, 47% free 3733K/6983K, external 412K/517K, paused 4ms+4ms
D/Launcher( 1626): Workspace shortcut binding finished
D/SurfaceFlinger( 1527): Layer[3566f8] [4] RGB565 reloads
D/SurfaceFlinger( 1527): Layer[1d7bc8] [10] non-RGB565 reloads
D/WifiService( 1527): [mPersistState] : On
E/wpa_supplicant( 1671): Ongoing Scan action...
D/Launcher( 1626): App widget binding finished
D/Launcher( 1626): Samung widget binding finished
D/Launcher( 1626): Workspace binding finished
D/ProgramMonitor( 1906):  onReceive -no
D/ProgramMonitor( 1906): appWidgetIds.length : 0
D/ProgramMonitor( 1906):  onReceive - action:com.sec.android.app.controlpanel.RUNNING_PROGRAM_REQ
I/ProgramMonitor( 1906): mCtxt == null
I/InputReader( 1527): Device reconfigured: id=0x10002, name=sec_touchscreen , display size is now 240x320
I/InputReader( 1527): dispatchTouch::touch event's action is 0
I/InputDispatcher( 1527): Delivering touch to current input target
I/InputManager-Callbacks( 1527): No virtual keys found for device sec_touchscreen .
D/SurfaceFlinger( 1527): Layer[23d390] [2] non-RGB565 reloads
I/PowerManagerService( 1527): Ulight 3->7|0
D/StatusChecker( 1913): onReceive : android.intent.action.SERVICE_STATE
D/StatusChecker( 1913): Service state changed : 0
D/StatusChecker( 1913): trySendSMS, in service : true , SMS send : false , SMSC : false
D/SurfaceFlinger( 1527): Layer[23d390] [27] non-RGB565 reloads
V/WifiMonitor( 1527): Event [ SCAN-RESULTS ]
I/wpa_supplicant( 1671): SCAN_RESULTS : [1] 
I/wpa_supplicant( 1671): SCAN_RESULTS : [1] 
I/InputReader( 1527): dispatchTouch::touch event's action is 1
I/InputDispatcher( 1527): Delivering touch to current input target
D/dalvikvm( 1618): GC_CONCURRENT freed 372K, 42% free 3847K/6599K, external 412K/517K, paused 5ms+7ms
D/AudioService( 1527): getStreamVolume(1)
E/AudioPlayer( 1328): mFirstBufferResult = 0
E/AudioPolicyService( 1328): AudioPolicyService::getOutput() tid 1492
V/AudioPolicyManager( 1328): getDeviceForStrategy() from cache strategy 0, device 2
V/AudioPolicyManager( 1328): AudioPolicyManager::getOutput() stream 1, samplingRate 0, format 0, channels c, flags 0
V/AudioFlinger( 1328): AudioFlinger::createTrack() sampleRate 44100, format 1, channelCount 1, frameCount 8192
V/AudioFlinger( 1328): AudioFlinger::createTrack() sessionId: 5
V/AudioFlinger( 1328): AudioFlinger::createTrack() lSessionId: 5
V/AudioFlinger( 1328): Track constructor name 4098, calling thread 1527
V/AudioFlinger( 1328): start(4098), calling thread 1527 session 5
V/AudioFlinger( 1328): ? => ACTIVE (4098) on thread 0xa0630
V/AudioPolicyManager( 1328): startOutput() output 1, stream 1, session 5
V/AudioPolicyManager( 1328): startOutput() mHardwareOutput 1, output 1, mPhoneState 0, mRefCount 0, inputSource 0
V/AudioPolicyManager( 1328): getNewDevice() output=1, fromCache=1
E/AudioPolicyManagerBase( 1328): unknown stream type
E/AudioPolicyManagerBase( 1328): unknown stream type
E/AudioPolicyManagerBase( 1328): unknown stream type
V/AudioPolicyManager( 1328): getNewDevice() STRATEGY_MEDIA #2
V/AudioPolicyManager( 1328): getDeviceForStrategy() from cache strategy 0, device 2
V/AudioPolicyManager( 1328): getNewDevice() selected device 2
V/AudioPolicyManager( 1328): setOutputDevice() output 1 device 2 delayMs 0
V/AudioPolicyManager( 1328): setOutputDevice() setting same device 2 or null device for output 1
E/AudioPolicyManager( 1328): Speaker_swa Volume = 0.000000 , device = 2, stream = 1, index = 0
V/AudioFlinger( 1328): mWaitWorkCV.broadcast
V/AudioFlinger( 1328): MixerThread 0x6f228 TID 1491 waking up
D/PowerManagerService( 1527): enableUserActivity true
D/StatusBarManagerService( 1527): manageDisableList what=0x0 pkg=android
I/PowerManagerService( 1527): Ulight 7->3|0
I/Launcher( 1626): onWindowFocusChanged(true)
D/Launcher( 1626): setWallpaperDimension() called
I/Launcher( 1626): updateWindowTransparency->  WallpaperManager wp:android.app.WallpaperManager@405be1a8
I/Launcher( 1626): updateWindowTransparency->  WallpaperInfo wi:null
E/Launcher( 1626): setWindowOpaque()
D/Launcher( 1626): mWallpaperCanvasView.setVisibility - Start
D/Launcher( 1626): mWallpaperCanvasView.setVisibility - End
W/WallpaperManager( 1626): peekWallpaperBitmap->mWallpaperandroid.graphics.Bitmap@4053bbe0
I/WallpaperService( 1527): getWallpaperInfo = null
I/WallpaperService( 1527): getWallpaperInfo = null
D/Launcher( 1626): usingLiveWallpaper ELSE part
V/AudioFlinger( 1328): stop(4098), calling thread 1328
V/AudioFlinger( 1328): (> STOPPED) => STOPPED (4098) on thread 0x6f228
V/AudioPolicyManager( 1328): stopOutput() output 1, stream 1, session 5
V/AudioPolicyManager( 1328): stopOutput() mHardwareOutput 1, output 1, mPhoneState 0
V/AudioPolicyManager( 1328): getNewDevice() output=1, fromCache=1
E/AudioPolicyManagerBase( 1328): unknown stream type
E/AudioPolicyManagerBase( 1328): unknown stream type
E/AudioPolicyManagerBase( 1328): unknown stream type
E/AudioPolicyManagerBase( 1328): unknown stream type
V/AudioPolicyManager( 1328): getNewDevice() selected device 0
V/AudioPolicyManager( 1328): getNewDevice() output=1, fromCache=1
E/AudioPolicyManagerBase( 1328): unknown stream type
E/AudioPolicyManagerBase( 1328): unknown stream type
E/AudioPolicyManagerBase( 1328): unknown stream type
E/AudioPolicyManagerBase( 1328): unknown stream type
V/AudioPolicyManager( 1328): getNewDevice() selected device 0
V/AudioPolicyManager( 1328): setOutputDevice() output 1 device 0 delayMs 150
V/AudioPolicyManager( 1328): setOutputDevice() setting same device 0 or null device for output 1
D/SurfaceFlinger( 1527): Layer[23d390] [17] non-RGB565 reloads
V/AudioFlinger( 1328): getNextBuffer() no more data for track 4098 on thread 0x6f228
V/AudioFlinger( 1328): TrackBase::reset
D/dalvikvm( 1835): GC_CONCURRENT freed 480K, 42% free 4198K/7175K, external 412K/517K, paused 5ms+172ms
D/dalvikvm( 1609): GC_EXTERNAL_ALLOC freed 42K, 45% free 3146K/5703K, external 955K/1025K, paused 469ms
D/ProgramMonitor( 1906): updateNumberText
D/ProgramMonitor( 1906): updateWidget
D/ProgramMonitor( 1906): updateWidget - appWidgetIds.length == 0
D/dalvikvm( 1618): GC_CONCURRENT freed 171K, 38% free 4238K/6791K, external 412K/517K, paused 5ms+22ms
D/dalvikvm( 1835): GC_CONCURRENT freed 544K, 41% free 4320K/7239K, external 412K/517K, paused 6ms+34ms
D/WifiService( 1527): [mPersistState] : On
E/CscReceiver( 1618): onReceive android.intent.action.SIM_STATE_CHANGED
D/IccProvider( 1618): ContactDS--------url.getAuthority()=icc-------
D/IccProvider( 1618): ContactDS activePhone ID_ZERO
D/IccProvider( 1618): [IccProvider] loadFromEf: efType=28474
D/IccProvider( 1618): [IccProvider] --------activePhone = ID_ZERO----------
D/IccProvider( 1618): [IccProvider] ServiceManager.getService(simphonebook1)
D/dalvikvm( 1618): GC_CONCURRENT freed 345K, 38% free 4572K/7303K, external 412K/517K, paused 5ms+5ms
D/BatteryService( 1527): update start
D/BatteryService( 1527): updateBattery level:99 scale:100 status:2 health:2 present:false voltage: 4 temperature: 360 technology: Li-ion AC powered:false USB powered:true icon:17302206
D/WifiService( 1527): [mPersistState] : On
I/StatusBarPolicy( 1601): BAT. S:2 H:2
D/dalvikvm( 1618): GC_CONCURRENT freed 246K, 35% free 5115K/7751K, external 412K/517K, paused 5ms+5ms
E/CscFota ( 1618): CscFota update()
E/CscFota ( 1618): no FOTA profiles in others.xml
D/dalvikvm( 1626): GC_EXTERNAL_ALLOC freed 230K, 45% free 3393K/6087K, external 2538K/2540K, paused 129ms
D/dalvikvm( 1618): GC_CONCURRENT freed 1710K, 49% free 4349K/8455K, external 412K/517K, paused 5ms+5ms
I/CscFota ( 1618): size: 0 - loadFotaProfiles
E/CscFota ( 1618): no FOTA profiles in customer.xml
E/CscReceiver( 1618): android.intent.action.SIM_STATE_CHANGED handler does not exist
D/IccProvider( 1618): [IccProvider] adnRecords.size=179
D/IccProvider( 1618): [IccProvider] loadFromEf: return results
V/AudioFlinger( 1328): Audio hardware entering standby, mixer 0x6f228, mSuspended 0
D/AudioStreamOutALSA( 1328): AudioStreamOutALSA::standby--pause
D/PowerManagerService( 1527): setScreenOffTimeouts mKeylightDelay=6000 mDimDelay=47000 mScreenOffDelay=7000 mDimScreen=true
I/DBG_WSS_DM( 1925): [][wssdmdbContentProvider.java Line:67][onCreate] 
I/DBG_WSS_DM( 1925): [v3.1203.2.1][DMApplication.java Line:21][onCreate] DMApplication Start !
I/DBG_WSS_DM( 1925): [v3.1203.2.1][wssdmFeature.java Line:23][initialize] jEd1gSu3jVl8YzFc4wgbTuBr+cL+meRy5osZnj4vi0U=
V/AudioFlinger( 1328): MixerThread 0x6f228 TID 1491 going to sleep
I/DBG_WSS_DM( 1925): [v3.1203.2.1][wssdmFeature.java Line:24][initialize] jEd1gSu3jVl8YzFc4wgbTl1EJ9pRSX7FxHVhB8owKzl3o63nokSujfTEanrHiU41
I/DBG_WSS_DM( 1925): [v3.1203.2.1][wssdmFeature.java Line:25][initialize] 8AjDbx2cLPQgUFpNel7pJ5xuP8lPcd6CEHvpV1beEHg=
I/DBG_WSS_DM( 1925): [v3.1203.2.1][wssdmFeature.java Line:26][initialize] nOFeDLNnkLs7pSa7Vf1Zj+J/AvpyHb1vVouMI68Z1os=
I/DBG_WSS_DM( 1925): [v3.1203.2.1][wssAppBroadcastReceiver.java Line:152][onReceive] android.intent.action.SIM_STATE_CHANGED
I/DBG_WSS_DM( 1925): [v3.1203.2.1][wssAppBroadcastReceiver.java Line:155][onReceive] OHLJId+BT1o/PC9rzbVguJU3RzR99gWwlWgpAix4qF0=
E/DBG_WSS_DM( 1925): Warning!!! [v3.1203.2.1][wssAppBroadcastReceiver.java Line:159][onReceive] DM Not Init
I/DBG_WSS_DM( 1925): [v3.1203.2.1][wssdmTask.java Line:184][smlTaskHandler] SMLMSG_OS_INITIALIZED
I/DBG_WSS_DM( 1925): [v3.1203.2.1][wssdmAgent.java Line:159][smldmAgentSetSyncMode] nSync = 0
I/DBG_WSS_DM( 1925): [v3.1203.2.1][wssdmdevinfadapter.java Line:60][_smldevAdpGetDeviceID] fDaHip9vDReYeh6Ti7BkiPl7k/o5TMA0SDOoZdl7x64=
I/DBG_WSS_DM( 1925): [v3.1203.2.1][wssdmdb.java Line:3124][smldbDMffs_Init] smldbDMffs_Init
I/DBG_WSS_DM( 1925): [v3.1203.2.1][DMService.java Line:523][onCallStateChanged] >>>>>>>>>>> CALL_STATE_IDLE
I/DBG_WSS_DM( 1925): [v3.1203.2.1][DMService.java Line:633][onCallStateChanged] >>>>>>>>>>> CALL_STATE_IDLE
I/DBG_WSS_DM( 1925): [v3.1203.2.1][DMService.java Line:1770][ProtoIsWIFIConnected] WiFi Connected
I/DBG_WSS_DM( 1925): [v3.1203.2.1][wssdmTask.java Line:195][smlTaskHandler] SMLMSG_PHONEBOOK_INITIALIZED
D/dalvikvm( 1925): GC_CONCURRENT freed 246K, 48% free 2969K/5639K, external 412K/517K, paused 4ms+19ms
D/dalvikvm( 1327): GC_EXPLICIT freed 11K, 49% free 2769K/5379K, external 412K/517K, paused 100ms
D/ClockWidget( 1942): onReceive : ACTION_HOME_RESUME is called!!
D/ClockWidget( 1942): isDigitalClockWidgetServiceRunning : false
E/ClockWidget( 1942): clock_bg portrait
E/ClockWidget( 1942): drawDayText
D/dalvikvm( 1327): GC_EXPLICIT freed <1K, 49% free 2769K/5379K, external 412K/517K, paused 86ms
E/ClockWidget( 1942): width= 50
E/ClockWidget( 1942): widthText= 83.0
D/dalvikvm( 1327): GC_EXPLICIT freed <1K, 49% free 2769K/5379K, external 412K/517K, paused 90ms
E/ClockWidget( 1942): clock_bg portrait
E/ClockWidget( 1942): drawDayText
E/ClockWidget( 1942): width= 50
E/ClockWidget( 1942): widthText= 83.0
E/ClockWidget( 1942): clock_bg portrait
E/ClockWidget( 1942): drawDayText
E/ClockWidget( 1942): width= 50
E/ClockWidget( 1942): widthText= 83.0
V/WifiProgressStore( 1949): WifiProgressStore Created
D/SurfaceFlinger( 1527): Layer[3566f8] [2] RGB565 reloads
D/Launcher( 1626): Main menu binding finished
I/Launcher.MenuManager( 1626): doInBackground() start
I/RecoverySystem( 1527): No recovery log file
I/wipereceiver( 1959): onReceive:  Boot Complete. 
E/CscReceiver( 1618): onReceive android.intent.action.BOOT_COMPLETED
I/CscReceiver( 1618): handleBootCompleted
I/System.out( 1618): HandDataNode = null
E/CscReceiver( 1618): PATH_CSCNAME =CustomerDataSet.CSCName
I/CscReceiver( 1618): wake lock acquire!!!!!
I/PowerManagerService( 1527): Ulight 3->7|0
D/dalvikvm( 1626): GC_EXPLICIT freed 430K, 46% free 3435K/6279K, external 1786K/2154K, paused 216ms
D/dalvikvm( 1618): GC_CONCURRENT freed 1088K, 54% free 3931K/8455K, external 412K/517K, paused 5ms+10ms
D/MediaProvider( 1966): MediaProvider onCreate called
V/MediaProvider( 1966): Attached volume: internal
V/MediaProvider( 1966):  volume ID: 22457
V/MediaProvider( 1966): Attached volume: external
D/SurfaceFlinger( 1527): Layer[3566f8] [3] RGB565 reloads
D/dalvikvm( 1618): GC_CONCURRENT freed 166K, 50% free 4296K/8455K, external 412K/517K, paused 5ms+25ms
D/CscGPS  ( 1618): CSCGPS.updateParameters
D/CscGPS  ( 1618): supl host : null
D/CscGPS  ( 1618): SUPL Host is null or invalid
D/CscGPS  ( 1618): supl port : null
D/CscGPS  ( 1618): SUPL PORT is null or invalid
D/CscGPS  ( 1618): CSC don't have any AGPS value.
E/CscUpdateService( 1618): onStart
E/CscUpdateService( 1618): it has been preconfiged.
E/CscUpdateService( 1618): CSC is already Updated. Do nothing.
E/CscUpdateService( 1618): Checking for DB version.
I/CscUpdateService( 1618): oldversion : 1572864newversion : 1572864
E/STKReceiver  STK2( 1618): onReceive android.intent.action.BOOT_COMPLETED
V/update.Download( 1651): deleting all update downloads
I/Launcher( 1626): onPause()
I/Launcher( 1626): onWindowFocusChanged(false)
D/Launcher( 1626): setWallpaperDimension() called
I/WallpaperService( 1527): getWallpaperInfo = null
W/PowerManagerService( 1527): Timer 0x7->0x3|0x7
D/dalvikvm( 1651): GC_CONCURRENT freed 321K, 47% free 3332K/6215K, external 413K/517K, paused 4ms+21ms
I/Launcher( 1626): onWindowFocusChanged(true)
D/Launcher( 1626): setWallpaperDimension() called
I/Launcher( 1626): updateWindowTransparency->  WallpaperManager wp:android.app.WallpaperManager@405be1a8
I/Launcher( 1626): updateWindowTransparency->  WallpaperInfo wi:null
E/Launcher( 1626): setWindowOpaque()
D/Launcher( 1626): mWallpaperCanvasView.setVisibility - Start
D/Launcher( 1626): mWallpaperCanvasView.setVisibility - End
W/WallpaperManager( 1626): peekWallpaperBitmap->mWallpaperandroid.graphics.Bitmap@4053bbe0
I/WallpaperService( 1527): getWallpaperInfo = null
I/WallpaperService( 1527): getWallpaperInfo = null
D/Launcher( 1626): usingLiveWallpaper ELSE part
W/InputManagerService( 1527): Window already focused, ignoring focus gain of: com.android.internal.view.IInputMethodClient$Stub$Proxy@407abb28
I/Launcher( 1626): updateWindowTransparency->  WallpaperManager wp:android.app.WallpaperManager@405be1a8
I/Launcher( 1626): updateWindowTransparency->  WallpaperInfo wi:null
E/Launcher( 1626): setWindowOpaque()
D/Launcher( 1626): mWallpaperCanvasView.setVisibility - Start
D/Launcher( 1626): mWallpaperCanvasView.setVisibility - End
W/WallpaperManager( 1626): peekWallpaperBitmap->mWallpaperandroid.graphics.Bitmap@4053bbe0
I/WallpaperService( 1527): getWallpaperInfo = null
D/Launcher( 1626): usingLiveWallpaper ELSE part
I/Launcher( 1626): onResume() ended
D/PopupuiReceiver( 1986): Intent popup :android.intent.action.BOOT_COMPLETED
D/PopupuiReceiver( 1986): PCW Shared +false
D/PopupuiReceiver( 1986): PCW Shared -false
D/FOTA_Client( 1994): [Ver2.1.0][FotaApplication.java(Line:17/Method:onCreate)] Start FOTA Client
I/FOTA_Client( 1994): [Ver2.1.0][FotaReceiver.java(Line:41/Method:onReceive)] Receive broadcast meassage:android.intent.action.BOOT_COMPLETED
I/FOTA_Client( 1994): [Ver2.1.0][FotaService.java(Line:45/Method:onStartCommand)] start FotaService
I/FOTA_Client( 1994): [Ver2.1.0][WidgetProvider.java(Line:27/Method:onReceive)] widgetProvider broadcast meassage:android.intent.action.BOOT_COMPLETED
D/FOTA_Client( 1994): [Ver2.1.0][FotaWidget.java(Line:108/Method:readWidgetMode)] Widget Mode: 1
D/FOTA_Client( 1994): [Ver2.1.0][FotaWidget.java(Line:134/Method:readWidgetVersion)] Wiget Version: none
I/PCWCLIENTTRACE_LOG( 1619): DEFAULT_LOGON : true
I/PCWCLIENTTRACE_LOG( 1619): DEFAULT_LOGLEVEL : 3
D/PCWCLIENTTRACE_PCWReceiver( 1619): ACTION_BOOTUP - Version: 4.4
D/FOTA_Client( 1994): [Ver2.1.0][FotaState.java(Line:104/Method:readTermsState)] Term State: 1
D/FOTA_Client( 1994): [Ver2.1.0][FotaState.java(Line:116/Method:readPushState)] Push State: false
D/FOTA_Client( 1994): [Ver2.1.0][FotaState.java(Line:128/Method:readPollingState)] Poll State: true
D/FOTA_Client( 1994): [Ver2.1.0][FotaState.java(Line:140/Method:readPollingMode)] Poll Mode: false
D/PCWCLIENTTRACE_PCWReceiver( 1619): ACTION_BOOTUP - account length: 0
D/PCWCLIENTTRACE_PCWReceiver( 1619): ACTION_BOOTUP - No Google Account
D/FOTA_Client( 1994): [Ver2.1.0][FotaState.java(Line:149/Method:readPollingTime)] Poll Time: 1413419263817
D/FOTA_Client( 1994): [Ver2.1.0][FotaState.java(Line:158/Method:readFotaTime)] Fota Time: 1413457690438
D/FOTA_Client( 1994): [Ver2.1.0][SettingState.java(Line:122/Method:isAutoUpdate)] Auto Update: true
D/FOTA_Client( 1994): [Ver2.1.0][SettingState.java(Line:136/Method:isWifiOnly)] WiFi only: true
D/FOTA_Client( 1994): [Ver2.1.0][SettingState.java(Line:150/Method:isPushMessage)] Push Message: true
I/FOTA_Client( 1994): [Ver2.1.0][FotaService.java(Line:77/Method:handleMessage)] Receive message result:100
I/FOTA_Client( 1994): [Ver2.1.0][FotaService.java(Line:137/Method:onFirstRun)] First Running
I/FOTA_Client( 1994): [Ver2.1.0][AlarmHandler.java(Line:120/Method:reset)] Reset alarm
D/FOTA_Client( 1994): [Ver2.1.0][FotaState.java(Line:43/Method:getTermsState)] Term State: 1
D/FOTA_Client( 1994): [Ver2.1.0][AlarmHandler.java(Line:56/Method:fotaPreCondtion)] satisfy preCondition
I/FOTA_Client( 1994): [Ver2.1.0][AlarmHandler.java(Line:173/Method:reRegisterFotaAlarm)] re-register FOTA alarm
D/FOTA_Client( 1994): [Ver2.1.0][FotaState.java(Line:83/Method:getFotaTime)] Fota Time: 1413457690438
I/FOTA_Client( 1994): [Ver2.1.0][Alarm.java(Line:144/Method:resetFotaAlarm)] set FOTA alarm again.
D/FOTA_Client( 1994): [Ver2.1.0][Alarm.java(Line:38/Method:start)] Alarm start(action:sec.fota.intent.ALARM, time:2014/10/16/ 16:38:10)
D/FOTA_Client( 1994): [Ver2.1.0][SettingState.java(Line:122/Method:isAutoUpdate)] Auto Update: true
D/FOTA_Client( 1994): [Ver2.1.0][FotaState.java(Line:43/Method:getTermsState)] Term State: 1
D/szipinf ( 2001): Initializing inflate state
D/dalvikvm( 1994): GC_CONCURRENT freed 489K, 51% free 2784K/5639K, external 412K/517K, paused 4ms+21ms
D/FOTA_Client( 1994): [Ver2.1.0][AlarmHandler.java(Line:73/Method:pollingPreCondtion)] satisfy preCondition
D/FOTA_Client( 1994): [Ver2.1.0][FotaState.java(Line:59/Method:getPollingState)] Poll State: true
I/FOTA_Client( 1994): [Ver2.1.0][AlarmHandler.java(Line:230/Method:reRegisterPollingAlarm)] re-register Polling alarm
D/FOTA_Client( 1994): [Ver2.1.0][FotaState.java(Line:75/Method:getPollingTime)] Poll Time: 1413419263817
I/FOTA_Client( 1994): [Ver2.1.0][Alarm.java(Line:165/Method:resetPollingAlarm)] set Polling alarm again.
D/FOTA_Client( 1994): [Ver2.1.0][Alarm.java(Line:38/Method:start)] Alarm start(action:sec.fota.polling.intent.ALARM, time:2014/10/16/ 05:57:43)
I/FOTA_Client( 1994): [Ver2.1.0][SetupHandler.java(Line:35/Method:excute)] run First actions
D/FOTA_Client( 1994): [Ver2.1.0][FotaState.java(Line:43/Method:getTermsState)] Term State: 1
D/FOTA_Client( 1994): [Ver2.1.0][SettingState.java(Line:150/Method:isPushMessage)] Push Message: true
D/FOTA_Client( 1994): [Ver2.1.0][FotaState.java(Line:51/Method:getPushState)] Push State: false
D/FOTA_Client( 1994): [Ver2.1.0][FotaState.java(Line:104/Method:readTermsState)] Term State: 1
D/FOTA_Client( 1994): [Ver2.1.0][FotaState.java(Line:116/Method:readPushState)] Push State: false
D/FOTA_Client( 1994): [Ver2.1.0][FotaState.java(Line:128/Method:readPollingState)] Poll State: true
D/FOTA_Client( 1994): [Ver2.1.0][FotaState.java(Line:140/Method:readPollingMode)] Poll Mode: false
D/FOTA_Client( 1994): [Ver2.1.0][FotaState.java(Line:149/Method:readPollingTime)] Poll Time: 1413419263817
D/FOTA_Client( 1994): [Ver2.1.0][FotaState.java(Line:158/Method:readFotaTime)] Fota Time: 1413457690438
D/FOTA_Client( 1994): [Ver2.1.0][SettingState.java(Line:122/Method:isAutoUpdate)] Auto Update: true
D/FOTA_Client( 1994): [Ver2.1.0][SettingState.java(Line:136/Method:isWifiOnly)] WiFi only: true
D/FOTA_Client( 1994): [Ver2.1.0][SettingState.java(Line:150/Method:isPushMessage)] Push Message: true
I/FOTA_Client( 1994): [Ver2.1.0][FotaService.java(Line:77/Method:handleMessage)] Receive message result:110
I/FOTA_Client( 1994): [Ver2.1.0][FotaService.java(Line:300/Method:onRegisterC2DM)] Register C2DM
D/FOTA_Client( 1994): [Ver2.1.0][SettingState.java(Line:150/Method:isPushMessage)] Push Message: true
D/FOTA_Client( 1994): [Ver2.1.0][FotaState.java(Line:43/Method:getTermsState)] Term State: 1
D/FOTA_Client( 1994): [Ver2.1.0][PushHandler.java(Line:30/Method:pushPreCondtion)] satisfy preCondition
D/FOTA_Client( 1994): [Ver2.1.0][FotaState.java(Line:51/Method:getPushState)] Push State: false
I/FOTA_Client( 1994): [Ver2.1.0][PushHandler.java(Line:48/Method:set)] Start to Register PUSH
D/Swype   ( 2001): SwypeDataInitializer.onReceive
I/FOTA_Client( 1994): [Ver2.1.0][C2DM.java(Line:84/Method:isGoogleAccount)] needs google account
D/dalvikvm( 1994): GC_CONCURRENT freed 425K, 51% free 2783K/5639K, external 412K/517K, paused 4ms+3ms
I/FactoryModeInitialSetting( 2009): Intent:android.intent.action.BOOT_COMPLETED
D/dalvikvm( 1327): GC_EXPLICIT freed 11K, 49% free 2769K/5379K, external 412K/517K, paused 109ms
D/dalvikvm( 1327): GC_EXPLICIT freed <1K, 49% free 2769K/5379K, external 412K/517K, paused 75ms
D/dalvikvm( 1327): GC_EXPLICIT freed <1K, 49% free 2769K/5379K, external 412K/517K, paused 39ms
I/SNS     ( 2032): SnsBroadcastReceiver : onReceive() : ACTION_BOOT_COMPLETED received~
I/SNS     ( 2032): SnsService : onCreate() Called !!!
D/BatteryService( 1527): update start
I/SNS_HTTPMGR( 2032): SnsHttpMgr : initAndStart() : [android.net.Proxy.getHost] : NO PROXY ADDRESS
I/SNS     ( 2032): initSessionAndAccount() : ICCID Checked : AccountInfo[0] set session INVALID.
I/SNS     ( 2032): initSessionAndAccount() : ICCID Checked : AccountInfo[1] set session INVALID.
I/SNS     ( 2032): initSessionAndAccount() : ICCID Checked : AccountInfo[2] set session INVALID.
I/SNS     ( 2032): initSessionAndAccount() : ICCID Checked : AccountInfo[3] set session INVALID.
I/SNS     ( 2032): initSessionAndAccount() : ICCID Checked : AccountInfo[4] set session INVALID.
I/SNS     ( 2032): initSessionAndAccount() : ICCID Checked : AccountInfo[5] set session INVALID.
I/SNS     ( 2032): initSessionAndAccount() : ICCID Checked : AccountInfo[6] set session INVALID.
I/SNS     ( 2032): initSessionAndAccount() : ICCID Checked : AccountInfo[7] set session INVALID.
I/SNS     ( 2032): initSessionAndAccount() : ICCID Checked : AccountInfo[8] set session INVALID.
I/SNS     ( 2032): initSessionAndAccount() : ICCID Checked : AccountInfo[9] set session INVALID.
I/SNS     ( 2032): initSessionAndAccount() : ICCID Checked : AccountInfo[10] set session INVALID.
I/SNS     ( 2032): initSessionAndAccount() : ICCID Checked : AccountInfo[11] set session INVALID.
I/SNS     ( 2032): initSessionAndAccount() : ICCID Checked : AccountInfo[12] set session INVALID.
I/SNS     ( 2032): initSessionAndAccount() : ICCID Checked : AccountInfo[13] set session INVALID.
I/SNS     ( 2032): initSessionAndAccount() : ICCID Checked : AccountInfo[14] set session INVALID.
I/FTMDialogReceiver( 2039): start FTM DialogReceiver
D/SNS     ( 2032): ##### validateAllAccounts : SpType = facebook, bHasAccount = false, bSessionValidity = false, systemAccountLength = 0 #####
D/StatusChecker( 1913): onReceive : android.intent.action.BOOT_COMPLETED
D/SNS     ( 2032): ##### validateAllAccounts : SpType = myspace, bHasAccount = false, bSessionValidity = false, systemAccountLength = 0 #####
D/StatusChecker( 1913): trySendSMS, in service : true , SMS send : false , SMSC : false
D/SNS     ( 2032): ##### validateAllAccounts : SpType = twitter, bHasAccount = false, bSessionValidity = false, systemAccountLength = 0 #####
D/SNS     ( 2032): ##### validateAllAccounts : SpType = bebo, bHasAccount = false, bSessionValidity = false, systemAccountLength = 0 #####
D/SNS     ( 2032): ##### validateAllAccounts : SpType = friendster, bHasAccount = false, bSessionValidity = false, systemAccountLength = 0 #####
D/SNS     ( 2032): ##### validateAllAccounts : SpType = skyrock, bHasAccount = false, bSessionValidity = false, systemAccountLength = 0 #####
D/SNS     ( 2032): ##### validateAllAccounts : SpType = kaixin, bHasAccount = false, bSessionValidity = false, systemAccountLength = 0 #####
D/SNS     ( 2032): ##### validateAllAccounts : SpType = renren, bHasAccount = false, bSessionValidity = false, systemAccountLength = 0 #####
D/SNS     ( 2032): ##### validateAllAccounts : SpType = linkedin, bHasAccount = false, bSessionValidity = false, systemAccountLength = 0 #####
D/SNS     ( 2032): ##### validateAllAccounts : SpType = vz, bHasAccount = false, bSessionValidity = false, systemAccountLength = 0 #####
D/SNS     ( 2032): ##### validateAllAccounts : SpType = plurk, bHasAccount = false, bSessionValidity = false, systemAccountLength = 0 #####
D/SNS     ( 2032): ##### validateAllAccounts : SpType = lastfm, bHasAccount = false, bSessionValidity = false, systemAccountLength = 0 #####
D/SNS     ( 2032): ##### validateAllAccounts : SpType = orkut, bHasAccount = false, bSessionValidity = false, systemAccountLength = 0 #####
D/SNS     ( 2032): ##### validateAllAccounts : SpType = mixi, bHasAccount = false, bSessionValidity = false, systemAccountLength = 0 #####
D/SNS     ( 2032): ##### validateAllAccounts : SpType = me2day, bHasAccount = false, bSessionValidity = false, systemAccountLength = 0 #####
I/SNS     ( 2032): SnsService : onStartCommand() Called !!!
I/SML     ( 2049): [smlDSApplication.java Line:15] onCreate smlDSApplication Start
I/SML     ( 2049): [smlBroadcastReceiver.java Line:178] onReceive SML_BROADCAST_BOOTCOMPLETE
I/SML     ( 2049): [smlStartService.java Line:72] onCreate >>>>>>>> SyncML DS Service started
W/MessageQueue( 2056): Handler{40555288} sending message to a Handler on a dead thread
W/MessageQueue( 2056): java.lang.RuntimeException: Handler{40555288} sending message to a Handler on a dead thread
W/MessageQueue( 2056): 	at android.os.MessageQueue.enqueueMessage(MessageQueue.java:196)
W/MessageQueue( 2056): 	at android.os.Handler.sendMessageAtTime(Handler.java:457)
W/MessageQueue( 2056): 	at android.os.Handler.sendMessageDelayed(Handler.java:430)
W/MessageQueue( 2056): 	at android.os.Handler.post(Handler.java:248)
W/MessageQueue( 2056): 	at android.accounts.AccountManager$BaseFutureTask.postRunnableToHandler(AccountManager.java:1327)
W/MessageQueue( 2056): 	at android.accounts.AccountManager$Future2Task.done(AccountManager.java:1375)
W/MessageQueue( 2056): 	at java.util.concurrent.FutureTask$Sync.innerSet(FutureTask.java:253)
W/MessageQueue( 2056): 	at java.util.concurrent.FutureTask.set(FutureTask.java:113)
W/MessageQueue( 2056): 	at android.accounts.AccountManager$BaseFutureTask.access$700(AccountManager.java:1307)
W/MessageQueue( 2056): 	at android.accounts.AccountManager$BaseFutureTask$Response.onResult(AccountManager.java:1345)
W/MessageQueue( 2056): 	at android.accounts.IAccountManagerResponse$Stub.onTransact(IAccountManagerResponse.java:59)
W/MessageQueue( 2056): 	at android.os.Binder.execTransact(Binder.java:320)
W/MessageQueue( 2056): 	at dalvik.system.NativeStart.run(Native Method)
D/dalvikvm( 2049): GC_CONCURRENT freed 228K, 46% free 3046K/5639K, external 412K/517K, paused 3ms+18ms
I/SML     ( 2049): [smlStartService.java Line:79] onCreate onCreate Db Initialized
I/SML     ( 2049): [smlStartService.java Line:215] smlAccountRemoveManager smlAccountRemoveManager service register
I/SML     ( 2049): [smlStartService.java Line:237] smlIntervalBootManager AlarmBootManager Start
I/SML     ( 2049): [smlStartService.java Line:266] smlAlarmBroadcast smlAlarmBroadcast!
I/SML     ( 2049): [smlStartService.java Line:179] onAccountsUpdated onAccountsUpdated
E/STKReceiver( 1618): onReceive android.intent.action.BOOT_COMPLETED
D/MediaScannerService( 1966): start scanning volume internal
D/dalvikvm( 1527): GC_EXPLICIT freed 1185K, 42% free 6340K/10887K, external 2875K/3028K, paused 297ms
E/DevicePolicyManagerService( 1527): setAllowCamera() : admin is null. set systemproperties.dpm.allowcamera : true
D/StdBroadcastReceiver( 2079): onReceive begin
D/StdBroadcastReceiver( 2079): Action: android.intent.action.BOOT_COMPLETED
D/StdBroadcastReceiver( 2079): onBootCompleted begin
D/MediaProvider( 1966): mMediaScannerReceiver - intent.getAction : android.intent.action.MEDIA_SCANNER_STARTED
V/MediaProvider( 1966): Suspending ThumbWorker
I/MediaProvider( 1966): MediaScanner started!!!
I/CscReceiver( 1618): sendRILBootMsg
I/CscReceiver( 1618): wake lock released!!!!!!!!
I/PowerManagerService( 1527): Ulight 7->3|0
D/dalvikvm( 2066): GC_CONCURRENT freed 210K, 47% free 3026K/5639K, external 412K/517K, paused 4ms+59ms
D/StdBroadcastReceiver( 2079): ServerTime: Reset
D/dalvikvm( 1626): GC_EXTERNAL_ALLOC freed 241K, 46% free 3448K/6279K, external 2143K/2154K, paused 409ms
D/StdBroadcastReceiver( 2079): Properties: Initialized
D/StdBroadcastReceiver( 2079): onBootCompleted end
D/StdBroadcastReceiver( 2079): onReceive end
D/SamsungAccount( 2079): [OspReceiver.java/Lines:44] OnReceive begin
D/SamsungAccount( 2079): [OspReceiver.java/Lines:109] BOOT COMPLETED
D/SamsungAccount( 2079): [OspReceiver.java/Lines:112] OnReceive end
I/DBG_WSS_DM( 1925): [v3.1203.2.1][wssAppBroadcastReceiver.java Line:226][onReceive] android.intent.action.BOOT_COMPLETED
D/SamsungAccount( 2079): [BootDbCheck.java/Lines:62] onCreate
D/SamsungAccount( 2079): [BootDbCheck.java/Lines:83] prepare begin
D/SamsungAccount( 2079): [BootDbCheck.java/Lines:86] prepare end
D/URIL_IMEI( 1325): uSril_IMEIHandler:  SimState : 1, SimState2 : 0  
D/URIL_IMEI( 1325): uSril_IMEIHandler: IMEI[5]
E/URIL_IMEI( 1325): ########## URIL  Request Imei Handler   ############
E/URIL_IMEI( 1325): ########## URIL  BOOT COMPLETE   ############
I/CscReceiver( 1618): sendRILBootMsg completed response incoming!!
D/SurfaceFlinger( 1527): Layer[3566f8] [6] RGB565 reloads
D/SamsungAccount( 2079): [BootDbCheck.java/Lines:138] samsung account empty
D/SamsungAccount( 2079): [BootDbCheck.java/Lines:73] onDestory begin
D/SamsungAccount( 2079): [BootDbCheck.java/Lines:101] Thread begin
D/SamsungAccount( 2079): [BootDbCheck.java/Lines:110] Thread end
D/SamsungAccount( 2079): [BootDbCheck.java/Lines:79] onDestory end
D/dalvikvm( 1720): GC_CONCURRENT freed 335K, 46% free 3249K/5959K, external 412K/517K, paused 5ms+47ms
I/FmRadioSetPropertyBroadcastReceiver( 2092): Set FmRadio properties in booting timing
E/FmRadioPlayer( 2092): getSeekSnrThreshold : 9
E/FmRadioPlayer( 2092): getAfSnrThreshold : 15
E/FmRadioPlayer( 2092): getAfSnrToloerance : 1
I/SISODRM ( 2099): OmaDrmConfigReceiver : onReceive
I/SISODRM ( 2099): OmaDrmConfigReceiver : onReceiveWithPrivilege
I/SISODRM ( 2099): OmaDrmConfigReceiver : beginStartingService
I/System.out( 2099): start Service
I/SISODRM ( 2099): OmaDrmConfigService : Service is started.Check if registration is required
I/SISODRM ( 2099): dongju temp Value:3
D/SurfaceFlinger( 1527): Layer[3566f8] [3] RGB565 reloads
I/System.out( 2099): Count : 28
D/MediaScanner( 1966): prescan return
D/dalvikvm( 1618): GC_CONCURRENT freed 271K, 46% free 4614K/8455K, external 412K/517K, paused 5ms+5ms
W/MediaScanner( 1966): Start Original /system/media/
W/MediaScanner( 1966): Scan 0(4msec) /system/media/video/shutdown/
W/MediaScanner( 1966): Scan 0(74msec) /system/media/video/
W/MediaScanner( 1966): Scan 25(26msec) /system/media/audio/ringtones/
W/MediaScanner( 1966): Scan 14(12msec) /system/media/audio/notifications/
W/MediaScanner( 1966): Scan 19(2msec) /system/media/audio/ui/
D/BatteryService( 1527): update start
W/MediaScanner( 1966): Scan 8(143msec) /system/media/audio/alarms/
W/MediaScanner( 1966): Scan 0(292msec) /system/media/audio/
W/MediaScanner( 1966): Scan 0(369msec) /system/media/
W/MediaScanner( 1966): Normal Meta & DB Insert/Update Start
D/dalvikvm( 2114): GC_CONCURRENT freed 138K, 45% free 3124K/5639K, external 412K/517K, paused 3ms+4ms
D/SurfaceFlinger( 1527): Layer[1d7bc8] [26] non-RGB565 reloads
E/dalvikvm( 2114): Could not find class 'android.content.ClipboardManager', referenced from method com.google.android.youtube.app.honeycomb.l.a
W/dalvikvm( 2114): VFY: unable to resolve check-cast 45 (Landroid/content/ClipboardManager;) in Lcom/google/android/youtube/app/honeycomb/l;
D/dalvikvm( 2114): VFY: replacing opcode 0x1f at 0x000c
D/dalvikvm( 2114): VFY: dead code 0x000e-0015 in Lcom/google/android/youtube/app/honeycomb/l;.a (Landroid/content/Context;Ljava/lang/String;)V
W/dalvikvm( 2114): VFY: unable to resolve virtual method 866: Landroid/net/Uri;.getQueryParameterNames ()Ljava/util/Set;
D/dalvikvm( 2114): VFY: replacing opcode 0x6e at 0x0007
D/dalvikvm( 2114): VFY: dead code 0x000a-000a in Lcom/google/android/youtube/core/utils/Util;.f (Landroid/net/Uri;)Ljava/util/Set;
W/dalvikvm( 2114): VFY: unable to resolve virtual method 261: Landroid/app/ActivityManager;.getLargeMemoryClass ()I
D/dalvikvm( 2114): VFY: replacing opcode 0x6e at 0x0013
D/dalvikvm( 2114): VFY: dead code 0x0016-001b in Lcom/google/android/youtube/core/utils/Util;.f (Landroid/content/Context;)Z
W/dalvikvm( 2114): VFY: unable to resolve interface method 488: Landroid/content/SharedPreferences;.getStringSet (Ljava/lang/String;Ljava/util/Set;)Ljava/util/Set;
D/dalvikvm( 2114): VFY: replacing opcode 0x72 at 0x0000
W/dalvikvm( 2114): VFY: unable to resolve interface method 479: Landroid/content/SharedPreferences$Editor;.putStringSet (Ljava/lang/String;Ljava/util/Set;)Landroid/content/SharedPreferences$Editor;
D/dalvikvm( 2114): VFY: replacing opcode 0x72 at 0x0011
D/dalvikvm( 2114): VFY: dead code 0x0003-0003 in Lcom/google/android/youtube/app/compat/ac;.b (Landroid/content/SharedPreferences;Ljava/lang/String;Ljava/util/Set;)Ljava/util/Set;
D/dalvikvm( 2114): VFY: dead code 0x0014-0019 in Lcom/google/android/youtube/app/compat/ac;.b (Landroid/content/SharedPreferences;Ljava/lang/String;Ljava/util/Set;)Ljava/util/Set;
W/dalvikvm( 2114): VFY: unable to resolve interface method 479: Landroid/content/SharedPreferences$Editor;.putStringSet (Ljava/lang/String;Ljava/util/Set;)Landroid/content/SharedPreferences$Editor;
D/dalvikvm( 2114): VFY: replacing opcode 0x72 at 0x0008
D/dalvikvm( 2114): DexOpt: couldn't find field Landroid/content/res/Configuration;.smallestScreenWidthDp
W/dalvikvm( 2114): VFY: unable to resolve instance field 23
D/dalvikvm( 2114): VFY: replacing opcode 0x52 at 0x0015
D/dalvikvm( 2114): VFY: dead code 0x0017-001a in Lcom/google/android/youtube/core/utils/j;.a (Landroid/content/Context;)Z
D/dalvikvm( 2114): VFY: dead code 0x001c-001d in Lcom/google/android/youtube/core/utils/j;.a (Landroid/content/Context;)Z
D/dalvikvm( 2114): DexOpt: couldn't find field Landroid/content/res/Configuration;.smallestScreenWidthDp
W/dalvikvm( 2114): VFY: unable to resolve instance field 23
D/dalvikvm( 2114): VFY: replacing opcode 0x52 at 0x0015
D/dalvikvm( 2114): VFY: dead code 0x0017-0020 in Lcom/google/android/youtube/core/utils/j;.b (Landroid/content/Context;)Z
D/dalvikvm( 2114): VFY: dead code 0x0022-0023 in Lcom/google/android/youtube/core/utils/j;.b (Landroid/content/Context;)Z
W/MediaScanner( 1966): Normal   66 done (459msec)
D/MediaScanner( 1966): postscan enter: directories - 
D/MediaProvider( 1966): modifyALLMediaDBTriggers  status : false
D/MediaProvider( 1966): modifyALLMediaDBTriggers : triggers deleting
D/dalvikvm( 2114): GC_CONCURRENT freed 282K, 45% free 3366K/6023K, external 412K/517K, paused 5ms+29ms
D/dalvikvm( 1601): GC_CONCURRENT freed 293K, 46% free 3185K/5895K, external 878K/1045K, paused 4ms+17ms
D/dalvikvm( 2114): GC_CONCURRENT freed 274K, 43% free 3630K/6279K, external 412K/517K, paused 5ms+11ms
D/dalvikvm( 2114): GC_CONCURRENT freed 343K, 42% free 3813K/6535K, external 412K/517K, paused 6ms+6ms
D/MediaProvider( 1966): modifyALLMediaDBTriggers  status : true
D/MediaProvider( 1966): modifyALLMediaDBTriggers : triggers recreation
V/WifiProgressStore( 2114): WifiProgressStore Created
W/dalvikvm( 2114): VFY: unable to resolve virtual method 772: Landroid/media/MediaPlayer;.setSurface (Landroid/view/Surface;)V
D/dalvikvm( 2114): VFY: replacing opcode 0x6e at 0x0002
D/dalvikvm( 2114): VFY: dead code 0x0005-0005 in Lcom/google/android/youtube/core/player/z;.a (Landroid/view/Surface;)V
W/dalvikvm( 2114): VFY: unable to resolve virtual method 773: Landroid/media/MediaPlayer;.setVideoScalingMode (I)V
D/dalvikvm( 2114): VFY: replacing opcode 0x6e at 0x0002
D/dalvikvm( 2114): VFY: dead code 0x0005-0005 in Lcom/google/android/youtube/core/player/z;.c (I)V
D/dalvikvm( 2114): GC_CONCURRENT freed 381K, 43% free 3854K/6663K, external 412K/517K, paused 5ms+6ms
D/MediaScanner( 1966): postscan return
D/MediaScanner( 1966):  prescan time: 863ms
D/MediaScanner( 1966):     scan time: 929ms
D/MediaScanner( 1966): postscan time: 1430ms
D/MediaScanner( 1966):    total time: 3222ms
D/dalvikvm( 2142): GC_CONCURRENT freed 158K, 45% free 3116K/5639K, external 412K/517K, paused 4ms+6ms
I/DBG_WSS_DM( 1925): [v3.1203.2.1][DMService.java Line:1233][onReceive] android.intent.action.MEDIA_SCANNER_FINISHED
D/MediaProvider( 1966): mMediaScannerReceiver - intent.getAction : android.intent.action.MEDIA_SCANNER_FINISHED
I/DBG_WSS_DM( 1925): [v3.1203.2.1][wssdmdb.java Line:4986][smldmdbGetFUMOStatus] smldmdbGetFUMOStatus 0
D/MediaScannerService( 1966): done scanning volume internal
D/MediaScannerService( 1966): Directory not found: /data/media
V/MediaProvider( 1966): Resuming ThumbWorker
I/MediaProvider( 1966): MediaScanner stopped!!!
W/MediaProvider( 1966): Have message but no request?
D/Finsky  ( 2142): [1] FinskyApp.onCreate: Initializing network with DFE https://android.clients.google.com/fdfe/
D/dalvikvm( 2142): DexOpt: couldn't find static field
W/dalvikvm( 2142): VFY: unable to resolve static field 75 (BLOCKED) in Landroid/net/NetworkInfo$DetailedState;
D/dalvikvm( 2142): VFY: replacing opcode 0x62 at 0x0024
D/dalvikvm( 2142): VFY: dead code 0x0026-0029 in Lcom/google/android/finsky/utils/Utils;.isBackgroundDataEnabled (Landroid/content/Context;)Z
D/Finsky  ( 2142): [1] DailyHygiene.goMakeHygieneIfDirty: Dirty, need more hygiene.
W/dalvikvm( 2142): Link of class 'Lcom/google/android/finsky/widget/recommendation/RecommendationsViewFactory;' failed
W/dalvikvm( 2142): VFY: unable to resolve static method 18824: Lcom/google/android/finsky/widget/recommendation/RecommendationsViewFactory;.notifyDataSetChanged (Landroid/content/Context;[I)V
D/dalvikvm( 2142): VFY: replacing opcode 0x71 at 0x001c
W/Finsky  ( 2142): [1] FinskyApp.getCurrentAccount: No account configured on this device.
W/Finsky  ( 2142): [1] FinskyApp.getDfeApi: No account configured on this device.
I/Mms/MmsSystemEventReceiver( 1856): restorePduNotificationStatus count=0
D/dalvikvm( 1856): GC_FOR_MALLOC freed 76K, 47% free 3705K/6983K, external 412K/517K, paused 49ms
D/CscParser( 1856): customer_path =/system/csc/customer.xml
E/CscParser( 1856): fileName + /system/csc/customer.xml
D/dalvikvm( 1327): GC_EXPLICIT freed 12K, 49% free 2769K/5379K, external 412K/517K, paused 123ms
D/dalvikvm( 1856): GC_FOR_MALLOC freed 19K, 47% free 3738K/6983K, external 412K/517K, paused 125ms
D/dalvikvm( 1327): GC_EXPLICIT freed <1K, 49% free 2769K/5379K, external 412K/517K, paused 107ms
E/LogsProvider( 2167): onCreate()
D/SurfaceFlinger( 1527): Layer[1d7bc8] [32] non-RGB565 reloads
D/dalvikvm( 1327): GC_EXPLICIT freed <1K, 49% free 2769K/5379K, external 412K/517K, paused 148ms
D/dalvikvm( 1856): GC_CONCURRENT freed 163K, 42% free 4086K/6983K, external 412K/517K, paused 4ms+6ms
D/dalvikvm( 1856): GC_CONCURRENT freed 195K, 37% free 4458K/7047K, external 412K/517K, paused 4ms+5ms
D/CscParser( 1856): getInstance fileName =/system/csc/customer.xml
I/IMEITracker( 1856): startIMEITracker... 
I/IMEITracker( 1856):  isTestSimCard MCC : 404
I/IMEITracker( 1856):  isTestSimCard MNC : 72
I/IMEITracker( 1856): sendSms : true
I/IMEITracker( 1856): Starting IMEI Tracker Service Context : android.app.ReceiverRestrictedContext@40580108
I/IMEITracker( 1856): IMEI Tracker :: Service Started Successfully..... Obj = ComponentInfo{com.android.mms/com.android.mms.transaction.IMEITrackerService}
I/ITS     ( 1856): onStart
I/ITS     ( 1856): waitForLooper
I/ITS     ( 1856): _saved 1
I/ITS     ( 1856): _saved 2
I/ITS     ( 1856): _saved 3
E/ITS     ( 1856): onServiceStateChanged entered
I/ITS     ( 1856): getInstance
E/ITS     ( 1856): SIM is ready
I/ITS     ( 1856): s +919560345888
I/ITS     ( 1856): d_m:GT-S6102
I/ITS     ( 1856): b_v:DDMF4
I/ITS     ( 1856): pV:10
I/ITS     ( 1856): op:40472
I/ITS     ( 1856): get c n
I/ITS     ( 1856): encrypt
I/ITS     ( 1856): encrypt2
I/ITS     ( 1856): message_encrypted : AF2399AFC830FCD298AEFEF42F9A0688EAAA8C911A3F7F67513636AF256D3EE865EE58F3758ABE10807E892E7D18486AF572BA27DBA3BF2B0465630E0458F499
D/ITS     ( 1856): Current value is already stored
D/ITS     ( 1856): isISsaved:true messagePass:false msgSendingAttempts:0
D/ITS     ( 1856): updateRecord FIRST
D/ITS     ( 1856): updateRecord SECOND
D/ITS     ( 1856): updateRecord THIRD
E/ITS     ( 1856): onServiceStateChanged Exits
D/Mms:app ( 1856): blockingUpdateNewMessageIndicator: MMS count=0, isNew=false, mSimID=0
D/Mms:app ( 1856): blockingUpdateNewMessageIndicator: MMS + SMS count=2
D/Mms:app ( 1856): !accumulator.isEmpty() -> updateNotification()
D/dalvikvm( 1527): GC_EXPLICIT freed 491K, 42% free 6335K/10887K, external 1012K/1524K, paused 119ms
D/Mms:app ( 1856): updateNotification: notification=Notification(vibrate=null,sound=null,defaults=0x4,flags=0x1)
D/androidNlpServiceThread( 1651): updateState: shouldBeEnabled true shouldBeRunning true
W/PowerManagerService( 1527): Timer 0x3->0x3|0x1
D/androidNlpServiceThread( 1651): updateState: shouldBeEnabled true shouldBeRunning true
D/androidNlpServiceThread( 1651): updateState: shouldBeEnabled true shouldBeRunning true
I/DBG_WSS_DM( 1925): [v3.1203.2.1][wssdminitadapter.java Line:560][smldmWaitBearerSetting] waits 13 sec
I/DBG_WSS_DM( 1925): [v3.1203.2.1][wssdmdb.java Line:4986][smldmdbGetFUMOStatus] smldmdbGetFUMOStatus 0
I/DBG_WSS_DM( 1925): [v3.1203.2.1][wssdmTask.java Line:218][smlTaskHandler] SMLMSG_DM_SYNCML_INIT
I/DBG_WSS_DM( 1925): [v3.1203.2.1][DMService.java Line:1770][ProtoIsWIFIConnected] WiFi Connected
I/DBG_WSS_DM( 1925): [v3.1203.2.1][wssDmUiNotificationManager.java Line:350][setCurProfileIndex] poj+UUD/w7kk5KRDrPx8Tw==
I/DBG_WSS_DM( 1925): [v3.1203.2.1][wssdmFeature.java Line:31][wssdmFeatureGetBearerSettingFromCSCFotaDataBase] 
D/androidNlpServiceThread( 1651): updateState: shouldBeEnabled true shouldBeRunning true
I/DBG_WSS_DM( 1925): [v3.1203.2.1][wssdmdb.java Line:5158][smldmdbGetFotaBearerStatus] mBx7mVxoIsllXXAhedT9QA==
