V/ProfileManager( 2385): getstatusgetcount >0
W/BackupManagerService( 1527): dataChanged but no participant pkg='com.android.providers.settings' uid=10073
D/PowerManagerService( 1527): setScreenOffTimeouts mKeylightDelay=6000 mDimDelay=47000 mScreenOffDelay=7000 mDimScreen=true
V/AudioPolicyManager( 1328): setStreamVolumeIndex() stream 0, index 5
E/AudioPolicyManager( 1328): Speaker_swa Volume = 0.316228 , device = 1, stream = 0, index = 5
V/AudioPolicyManager( 1328): setStreamVolume() for output 1 stream 0, volume 0.316228, delay 0
V/AudioPolicyManager( 1328): setStreamVolumeIndex() stream 8, index 15
E/AudioPolicyManager( 1328): Speaker_swa Volume = 1.000000 , device = 1, stream = 8, index = 15
V/AudioPolicyManager( 1328): setStreamVolume() for output 1 stream 8, volume 1.000000, delay 0
I/FmReceiverService( 1624): BrdcstReceiver onReceive ACTION: android.media.VOLUME_CHANGED_ACTION
V/AudioFlinger( 1328): getNextBuffer() no more data for track 4100 on thread 0x6f228
W/AudioService( 1527): setMode() mode:0   currentmode: 2
D/AudioHardwareALSA( 1328): AudioHardwareALSA::setMode() mode 0, mMode 2
D/AudioHardwareInterface( 1328): setMode(NORMAL)
D/ALSA_Default( 1328): route called for devices 00000001 in mode 0...
D/ALSA_Default( 1328): route for_recording  handle->handle 0x96dc0, handle->curDev 0x1
D/ALSA_Default( 1328): extra_devices - 0 devices- 1  mode - 0
D/ALSA_Default( 1328): ALSA_DEFAULT close..START
D/ALSA_Default( 1328): after snd_pcm_drop
V/SipapiActivity( 2385): getasynctask registered
V/call    ( 2385): callInfo!=null
I/call    ( 2385): Trying to hang up onDestroy()
I/call    ( 2385): Unbinding service
I/call    ( 2385): Unregistering reciever from Service
V/call    ( 2385): callInfo!=null
I/call    ( 2385): Trying to hang up onDestroy()
I/call    ( 2385): Unbinding service
I/call    ( 2385): Unregistering reciever from Service
D/ALSA_Default( 1328): ALSA_DEFAULT close..END
D/ALSA_Default( 1328): open called for devices 00000001 in mode 0...
D/ALSA_Default( 1328): deviceName:voip_on[0], gvs_on[0], device[0x1]
V/ALSA_Default( 1328): Set PLAYBACK PCM format to S16_LE (Signed 16 bit Little Endian)
V/ALSA_Default( 1328): Using 2 channels for PLAYBACK.
V/ALSA_Default( 1328): Set device 0 sample rate to 44100 HZ
V/ALSA_Default( 1328): Buffer size: 4096
V/ALSA_Default( 1328): Delay: 92879
D/ALSA_Default( 1328): startThreshold=2048 stopThreshold=4096
V/ALSA_Default( 1328): setSoftwareParams Enable Timestamp
D/ALSA_Default( 1328): Initialized ALSA PLAYBACK device AndroidPlayback_Earpiece_normal
D/ALSA_Default( 1328): route called for devices 00040000 in mode 0...
D/ALSA_Default( 1328): route for_recording  handle->handle 0x68ee0, handle->curDev 0x40000
W/AudioFlinger( 1328): write blocked for 222 msecs, 2 delayed writes, thread 0x6f228
V/AudioFlinger( 1328): TrackBase::reset
V/AudioPolicyManager( 1328): AudioPolicyManager::setPhoneState() state 0
V/AudioPolicyManager( 1328): setPhoneState() in call state management: new state is 0
V/AudioPolicyManager( 1328): handleIncallSonification() stream 2 starting 0 device 1 stateChange 1
V/AudioPolicyManager( 1328): handleIncallSonification() stream 4 starting 0 device 1 stateChange 1
V/AudioPolicyManager( 1328): handleIncallSonification() stream 5 starting 0 device 1 stateChange 1
V/AudioPolicyManager( 1328): handleIncallSonification() stream 7 starting 0 device 1 stateChange 1
E/AudioPolicyManagerBase( 1328): unknown stream type
V/AudioPolicyManager( 1328):   Exiting call in setPhoneState()
V/AudioPolicyManager( 1328): getNewDevice() output=1, fromCache=0
E/AudioPolicyManagerBase( 1328): unknown stream type
E/AudioPolicyManagerBase( 1328): unknown stream type
E/AudioPolicyManagerBase( 1328): unknown stream type
E/AudioPolicyManagerBase( 1328): unknown stream type
V/AudioPolicyManager( 1328): getNewDevice() selected device 0
V/AudioPolicyManager( 1328): getDeviceForStrategy() from cache strategy 1, device 1
V/AudioPolicyManager( 1328): getDeviceForStrategy() strategy 1, device 1
V/AudioPolicyManager( 1328): getDeviceForStrategy() from cache strategy 2, device 1
V/AudioPolicyManager( 1328): getDeviceForStrategy() strategy 2, device 2
V/AudioPolicyManager( 1328): getDeviceForStrategy() from cache strategy 0, device 0
V/AudioPolicyManager( 1328): getDeviceForStrategy() strategy 0, device 2
V/AudioPolicyManager( 1328): getDeviceForStrategy() from cache strategy 3, device 1
V/AudioPolicyManager( 1328): getDeviceForStrategy() strategy 0, device 2
V/AudioPolicyManager( 1328): getDeviceForStrategy() strategy 3, device 2
V/AudioPolicyManager( 1328): getDeviceForStrategy() strategy 0, device 2
V/AudioPolicyManager( 1328): getDeviceForStrategy() strategy 1, device 1
V/AudioPolicyManager( 1328): getDeviceForStrategy() strategy 2, device 2
V/AudioPolicyManager( 1328): getDeviceForStrategy() strategy 0, device 2
V/AudioPolicyManager( 1328): getDeviceForStrategy() strategy 3, device 2
V/AudioPolicyManager( 1328): setOutputDevice() output 1 device 1 delayMs 0
V/ALSAStreamOps( 1328):  ALSAStreamOps::setParameters() routing=1, mode 0
V/ALSAStreamOps( 1328): routing device = 0x1
V/AudioHardwareALSA( 1328): getNREConoff - mNREConoff: 0
D/ALSA_Default( 1328): route called for devices 00000001 in mode 0...
D/ALSA_Default( 1328): route for_recording  handle->handle 0xba6f0, handle->curDev 0x1
D/ALSA_Default( 1328): extra_devices - 0 devices- 1  mode - 0
V/AudioPolicyManager( 1328): applyStreamVolumes() for output 1 and device 1
E/AudioPolicyManager( 1328): Speaker_swa Volume = 0.316228 , device = 1, stream = 0, index = 5
V/AudioPolicyManager( 1328): setStreamVolume() for output 1 stream 0, volume 0.316228, delay 0
E/AudioPolicyManager( 1328): Speaker_swa Volume = 0.089125 , device = 1, stream = 1, index = 1
E/AudioPolicyManager( 1328): Speaker_swa Volume = 1.000000 , device = 1, stream = 2, index = 7
V/AudioPolicyManager( 1328): getNewDevice() output=1, fromCache=0
E/AudioPolicyManagerBase( 1328): unknown stream type
E/AudioPolicyManagerBase( 1328): unknown stream type
E/AudioPolicyManagerBase( 1328): unknown stream type
E/AudioPolicyManagerBase( 1328): unknown stream type
V/AudioPolicyManager( 1328): getNewDevice() selected device 0
V/AudioPolicyManager( 1328): Now, There is no sound! so we check mAvailableOutputDevices variable
E/AudioPolicyManager( 1328): Speaker_swa Volume = 0.000000 , device = 1, stream = 3, index = 0
E/AudioPolicyManager( 1328): Speaker_swa Volume = 0.668344 , device = 1, stream = 4, index = 6
E/AudioPolicyManager( 1328): Speaker_swa Volume = 0.281838 , device = 1, stream = 5, index = 4
V/AudioPolicyManager( 1328): checkAndSetVolume() cannot set stream 6 volume with force use = 0 for comm
E/AudioPolicyManager( 1328): Speaker_swa Volume = 0.089125 , device = 1, stream = 7, index = 1
E/AudioPolicyManager( 1328): Speaker_swa Volume = 1.000000 , device = 1, stream = 8, index = 15
V/AudioPolicyManager( 1328): getNewDevice() output=1, fromCache=0
E/AudioPolicyManagerBase( 1328): unknown stream type
E/AudioPolicyManagerBase( 1328): unknown stream type
E/AudioPolicyManagerBase( 1328): unknown stream type
E/AudioPolicyManagerBase( 1328): unknown stream type
V/AudioPolicyManager( 1328): getNewDevice() selected device 0
V/AudioPolicyManager( 1328): Now, There is no sound! so we check mAvailableOutputDevices variable
E/AudioPolicyManager( 1328): Speaker_swa Volume = 0.000000 , device = 1, stream = 9, index = 0
V/AudioPolicyManager( 1328): getNewDevice() output=1, fromCache=0
E/AudioPolicyManagerBase( 1328): unknown stream type
E/AudioPolicyManagerBase( 1328): unknown stream type
E/AudioPolicyManagerBase( 1328): unknown stream type
E/AudioPolicyManagerBase( 1328): unknown stream type
V/AudioPolicyManager( 1328): getNewDevice() selected device 0
V/AudioPolicyManager( 1328): Now, There is no sound! so we check mAvailableOutputDevices variable
E/AudioPolicyManager( 1328): Speaker_swa Volume = 0.000000 , device = 1, stream = 10, index = 0
V/AudioPolicyManager( 1328): getNewDevice() output=1, fromCache=0
E/AudioPolicyManagerBase( 1328): unknown stream type
E/AudioPolicyManagerBase( 1328): unknown stream type
E/AudioPolicyManagerBase( 1328): unknown stream type
E/AudioPolicyManagerBase( 1328): unknown stream type
V/AudioPolicyManager( 1328): getNewDevice() selected device 0
V/AudioPolicyManager( 1328): Now, There is no sound! so we check mAvailableOutputDevices variable
E/AudioPolicyManager( 1328): Speaker_swa Volume = 0.000000 , device = 1, stream = 3, index = 0
V/AudioPolicyManager( 1328): getNewDevice() output=1, fromCache=0
E/AudioPolicyManagerBase( 1328): unknown stream type
E/AudioPolicyManagerBase( 1328): unknown stream type
E/AudioPolicyManagerBase( 1328): unknown stream type
E/AudioPolicyManagerBase( 1328): unknown stream type
V/AudioPolicyManager( 1328): getNewDevice() selected device 0
V/AudioPolicyManager( 1328): Now, There is no sound! so we check mAvailableOutputDevices variable
E/AudioPolicyManager( 1328): Speaker_swa Volume = 0.000000 , device = 1, stream = 9, index = 0
V/AudioPolicyManager( 1328): getNewDevice() output=1, fromCache=0
E/AudioPolicyManagerBase( 1328): unknown stream type
E/AudioPolicyManagerBase( 1328): unknown stream type
E/AudioPolicyManagerBase( 1328): unknown stream type
E/AudioPolicyManagerBase( 1328): unknown stream type
V/AudioPolicyManager( 1328): getNewDevice() selected device 0
V/AudioPolicyManager( 1328): Now, There is no sound! so we check mAvailableOutputDevices variable
E/AudioPolicyManager( 1328): Speaker_swa Volume = 0.000000 , device = 1, stream = 10, index = 0
V/AudioPolicyManager( 1328): setStreamVolumeIndex() stream 2, index 7
E/AudioPolicyManager( 1328): Speaker_swa Volume = 1.000000 , device = 1, stream = 2, index = 7
D/WifiService( 1527): [mPersistState] : On
V/AudioFlinger( 1328): RecordHandle::stop()
V/AudioFlinger( 1328): RecordThread::stop
V/AudioFlinger( 1328): TrackBase::reset
V/AudioPolicyManager( 1328): releaseInput() 16
V/AudioFlinger( 1328): closeInput() 16
V/AudioFlinger( 1328): ThreadBase::exit
V/AudioFlinger( 1328): RecordThread: loop starting
V/AudioFlinger( 1328): AudioFlinger::RecordThread::threadLoop END!!
V/AudioFlinger( 1328): RecordThread 0x69010 exiting
D/AudioHardwareALSA( 1328): AudioHardwareALSA::closeInputStream
V/AudioStreamInALSA( 1328): AudioStreamIn destructor
D/AcousticsModule( 1328): Acoustics close stub called.
D/ALSAStreamOps( 1328): ALSAStreamOps::close - 0 
D/ALSA_Default( 1328): ALSA_DEFAULT close..START
D/ALSA_Default( 1328): after snd_pcm_drop
D/ALSA_Default( 1328): ALSA_DEFAULT close..END
V/ALSAStreamOps( 1328): ~ALSAStreamOps destructor
D/ALSAStreamOps( 1328): ALSAStreamOps::close - 0 
D/ALSA_Default( 1328): ALSA_DEFAULT close..START
D/ALSA_Default( 1328): ALSA_DEFAULT close..END
V/AudioPolicyManager( 1328): releaseInput() exit
V/AudioPolicyManager( 1328): releaseOutput() 1
V/AudioFlinger( 1328): remove track (4100) and delete from mixer
V/AudioFlinger( 1328): PlaybackThread::Track destructor
V/AudioFlinger( 1328): removeClient_l() pid 2396, tid 1577, calling tid 1328
D/WifiStateTracker( 1527): high performance mode: false
V/Twilioservice( 2212): (!(interruptrunningthread)   && (count < 10))
D/SurfaceFlinger( 1527): Layer[1d7bc8] [7] non-RGB565 reloads
D/SurfaceFlinger( 1527): Layer[1d7bc8] [30] non-RGB565 reloads
D/SurfaceFlinger( 1527): Layer[334110]:: Tile format buffer w[192] h[64] f[1] v[0x479a0000] p[0x97fb4000] sz[49152]
V/AudioFlinger( 1328): Audio hardware entering standby, mixer 0x6f228, mSuspended 0
D/AudioStreamOutALSA( 1328): AudioStreamOutALSA::standby--pause
V/AudioFlinger( 1328): MixerThread 0x6f228 TID 1491 going to sleep
W/PowerManagerService( 1527): Timer 0x3->0x3|0x3
D/BatteryService( 1527): update start
V/ProfileManager( 2385): getaccountstatus
V/ProfileManager( 2385): getstatusgetcount >0
V/SipapiActivity( 2385): getasynctask registered
V/ProfileManager( 2385): getaccountstatus
V/ProfileManager( 2385): getstatusgetcount >0
V/SipapiActivity( 2385): getasynctask registered
D/dalvikvm( 1942): GC_EXPLICIT freed 218K, 49% free 2809K/5447K, external 413K/517K, paused 42ms
D/SurfaceFlinger( 1527): Layer[1d7bc8] [10] non-RGB565 reloads
D/BatteryService( 1527): update start
V/ProfileManager( 2385): getaccountstatus
V/ProfileManager( 2385): getstatusgetcount >0
V/SipapiActivity( 2385): getasynctask registered
V/ProfileManager( 2385): getaccountstatus
V/ProfileManager( 2385): getstatusgetcount >0
V/SipapiActivity( 2385): getasynctask registered
W/PowerManagerService( 1527): Timer 0x3->0x3|0x1
D/BatteryService( 1527): update start
V/ProfileManager( 2385): getaccountstatus
V/ProfileManager( 2385): getstatusgetcount >0
V/SipapiActivity( 2385): getasynctask registered
V/ProfileManager( 2385): getaccountstatus
V/ProfileManager( 2385): getstatusgetcount >0
V/SipapiActivity( 2385): getasynctask registered
D/dalvikvm( 1966): GC_EXPLICIT freed 334K, 49% free 2922K/5639K, external 412K/517K, paused 41ms
D/BatteryService( 1527): update start
V/ProfileManager( 2385): getaccountstatus
V/ProfileManager( 2385): getstatusgetcount >0
V/SipapiActivity( 2385): getasynctask registered
V/ProfileManager( 2385): getaccountstatus
V/ProfileManager( 2385): getstatusgetcount >0
V/SipapiActivity( 2385): getasynctask registered
V/Twiliodevice( 2212): deviceoffline()
V/twiliodevice( 2212):  device Ready
V/Twiliodevice( 2212): istokenold()
V/twiliodevice( 2212):  istokenold ereturning false
V/Twilioservice( 2212): (!(interruptrunningthread)   && (count < 10))
D/BatteryService( 1527): update start
V/ProfileManager( 2385): getaccountstatus
V/ProfileManager( 2385): getstatusgetcount >0
V/SipapiActivity( 2385): getasynctask registered
V/ProfileManager( 2385): getaccountstatus
V/ProfileManager( 2385): getstatusgetcount >0
V/SipapiActivity( 2385): getasynctask registered
D/BatteryService( 1527): update start
V/ProfileManager( 2385): getaccountstatus
V/ProfileManager( 2385): getstatusgetcount >0
V/SipapiActivity( 2385): getasynctask registered
V/ProfileManager( 2385): getaccountstatus
V/ProfileManager( 2385): getstatusgetcount >0
V/SipapiActivity( 2385): getasynctask registered
V/Twilioservice( 2212): (!(interruptrunningthread)   && (count < 10))
D/dalvikvm( 2393): GC_CONCURRENT freed 421K, 48% free 3101K/5959K, external 412K/517K, paused 4ms+4ms
D/BatteryService( 1527): update start
V/ProfileManager( 2385): getaccountstatus
V/ProfileManager( 2385): getstatusgetcount >0
V/SipapiActivity( 2385): getasynctask registered
V/ProfileManager( 2385): getaccountstatus
V/ProfileManager( 2385): getstatusgetcount >0
V/SipapiActivity( 2385): getasynctask registered
D/BatteryService( 1527): update start
V/ProfileManager( 2385): getaccountstatus
V/ProfileManager( 2385): getstatusgetcount >0
V/SipapiActivity( 2385): getasynctask registered
V/ProfileManager( 2385): getaccountstatus
V/ProfileManager( 2385): getstatusgetcount >0
V/SipapiActivity( 2385): getasynctask registered
V/Twilioservice( 2212): (!(interruptrunningthread)   && (count < 10))
E/ClockWidget( 1942): clock_bg portrait
E/ClockWidget( 1942): drawDayText
E/ClockWidget( 1942): width= 50
E/ClockWidget( 1942): widthText= 83.0
D/BatteryService( 1527): update start
V/ProfileManager( 2385): getaccountstatus
V/ProfileManager( 2385): getstatusgetcount >0
V/SipapiActivity( 2385): getasynctask registered
V/ProfileManager( 2385): getaccountstatus
V/ProfileManager( 2385): getstatusgetcount >0
V/SipapiActivity( 2385): getasynctask registered
D/dalvikvm( 1527): GC_CONCURRENT freed 1113K, 40% free 6549K/10887K, external 1019K/1524K, paused 8ms+10ms
D/BatteryService( 1527): update start
V/ProfileManager( 2385): getaccountstatus
V/ProfileManager( 2385): getstatusgetcount >0
V/SipapiActivity( 2385): getasynctask registered
V/ProfileManager( 2385): getaccountstatus
V/ProfileManager( 2385): getstatusgetcount >0
V/SipapiActivity( 2385): getasynctask registered
V/Twilioservice( 2212): (!(interruptrunningthread)   && (count < 10))
D/BatteryService( 1527): update start
V/ProfileManager( 2385): getaccountstatus
V/ProfileManager( 2385): getstatusgetcount >0
V/SipapiActivity( 2385): getasynctask registered
D/dalvikvm( 2393): GC_EXPLICIT freed 170K, 50% free 2998K/5959K, external 412K/517K, paused 44ms
V/ProfileManager( 2385): getaccountstatus
V/ProfileManager( 2385): getstatusgetcount >0
V/SipapiActivity( 2385): getasynctask registered
D/BatteryService( 1527): update start
W/PowerManagerService( 1527): Timer 0x3->0x1|0x1
I/PowerManagerService( 1527): Ulight 3->1|0
V/ProfileManager( 2385): getaccountstatus
V/ProfileManager( 2385): getstatusgetcount >0
V/SipapiActivity( 2385): getasynctask registered
I/PowerManagerService( 1527): Light Animator Finished curIntValue=20
V/ProfileManager( 2385): getaccountstatus
V/ProfileManager( 2385): getstatusgetcount >0
V/SipapiActivity( 2385): getasynctask registered
V/Twilioservice( 2212): (!(interruptrunningthread)   && (count < 10))
D/BatteryService( 1527): update start
V/ProfileManager( 2385): getaccountstatus
V/ProfileManager( 2385): getstatusgetcount >0
V/SipapiActivity( 2385): getasynctask registered
V/ProfileManager( 2385): getaccountstatus
V/ProfileManager( 2385): getstatusgetcount >0
V/SipapiActivity( 2385): getasynctask registered
W/PowerManagerService( 1527): Timer 0x1->0x0|0x1
E/PowerManagerService( 1527): CurLock p:3 mPS:1
W/PowerManagerService( 1527): type=SCREEN_DIM_WAKE_LOCK           'StayOnWhilePluggedIn Screen Dim' active (minState=1) activeT=66562
W/PowerManagerService( 1527): type=PARTIAL_WAKE_LOCK              'StayOnWhilePluggedIn Partial' active (minState=0) activeT=66562
D/BatteryService( 1527): update start
V/ProfileManager( 2385): getaccountstatus
V/ProfileManager( 2385): getstatusgetcount >0
V/SipapiActivity( 2385): getasynctask registered
V/ProfileManager( 2385): getaccountstatus
V/ProfileManager( 2385): getstatusgetcount >0
V/SipapiActivity( 2385): getasynctask registered
V/Twilioservice( 2212): (!(interruptrunningthread)   && (count < 10))
D/BatteryService( 1527): update start
V/ProfileManager( 2385): getaccountstatus
V/ProfileManager( 2385): getstatusgetcount >0
V/SipapiActivity( 2385): getasynctask registered
V/ProfileManager( 2385): getaccountstatus
V/ProfileManager( 2385): getstatusgetcount >0
V/SipapiActivity( 2385): getasynctask registered
D/BatteryService( 1527): update start
V/ProfileManager( 2385): getaccountstatus
V/ProfileManager( 2385): getstatusgetcount >0
V/SipapiActivity( 2385): getasynctask registered
V/ProfileManager( 2385): getaccountstatus
D/dalvikvm( 2385): GC_EXPLICIT freed 530K, 48% free 3323K/6279K, external 499K/517K, paused 48ms
D/dalvikvm( 2396): GC_EXPLICIT freed 223K, 45% free 3547K/6343K, external 428K/517K, paused 48ms
V/ProfileManager( 2385): getstatusgetcount >0
V/SipapiActivity( 2385): getasynctask registered
V/Twilioservice( 2212): (!(interruptrunningthread)   && (count < 10))
D/BatteryService( 1527): update start
D/WifiService( 1527): [mPersistState] : On
D/BatteryService( 1527): updateBattery level:99 scale:100 status:2 health:2 present:false voltage: 4 temperature: 350 technology: Li-ion AC powered:false USB powered:true icon:17302206
I/StatusBarPolicy( 1601): BAT. S:2 H:2
V/ProfileManager( 2385): getaccountstatus
V/ProfileManager( 2385): getstatusgetcount >0
V/SipapiActivity( 2385): getasynctask registered
V/ProfileManager( 2385): getaccountstatus
V/ProfileManager( 2385): getstatusgetcount >0
V/SipapiActivity( 2385): getasynctask registered
D/BatteryService( 1527): update start
V/ProfileManager( 2385): getaccountstatus
V/ProfileManager( 2385): getstatusgetcount >0
V/SipapiActivity( 2385): getasynctask registered
V/ProfileManager( 2385): getaccountstatus
V/ProfileManager( 2385): getstatusgetcount >0
V/SipapiActivity( 2385): getasynctask registered
V/Twilioservice( 2212): (!(interruptrunningthread)   && (count < 10))
D/BatteryService( 1527): update start
V/ProfileManager( 2385): getaccountstatus
V/ProfileManager( 2385): getstatusgetcount >0
V/SipapiActivity( 2385): getasynctask registered
V/ProfileManager( 2385): getaccountstatus
V/ProfileManager( 2385): getstatusgetcount >0
V/SipapiActivity( 2385): getasynctask registered
D/BatteryService( 1527): update start
V/ProfileManager( 2385): getaccountstatus
V/ProfileManager( 2385): getstatusgetcount >0
V/SipapiActivity( 2385): getasynctask registered
V/ProfileManager( 2385): getaccountstatus
V/ProfileManager( 2385): getstatusgetcount >0
V/SipapiActivity( 2385): getasynctask registered
V/Twilioservice( 2212): (!(interruptrunningthread)   && (count < 10))
E/ClockWidget( 1942): clock_bg portrait
E/ClockWidget( 1942): drawDayText
E/ClockWidget( 1942): width= 50
E/ClockWidget( 1942): widthText= 83.0
D/BatteryService( 1527): update start
V/ProfileManager( 2385): getaccountstatus
V/ProfileManager( 2385): getstatusgetcount >0
V/SipapiActivity( 2385): getasynctask registered
V/ProfileManager( 2385): getaccountstatus
V/ProfileManager( 2385): getstatusgetcount >0
V/SipapiActivity( 2385): getasynctask registered
D/dalvikvm( 1942): GC_EXPLICIT freed 22K, 49% free 2807K/5447K, external 412K/517K, paused 39ms
D/BatteryService( 1527): update start
V/ProfileManager( 2385): getaccountstatus
V/ProfileManager( 2385): getstatusgetcount >0
V/SipapiActivity( 2385): getasynctask registered
V/ProfileManager( 2385): getaccountstatus
V/ProfileManager( 2385): getstatusgetcount >0
V/SipapiActivity( 2385): getasynctask registered
V/Twilioservice( 2212): (!(interruptrunningthread)   && (count < 10))
D/BatteryService( 1527): update start
V/ProfileManager( 2385): getaccountstatus
V/ProfileManager( 2385): getstatusgetcount >0
V/SipapiActivity( 2385): getasynctask registered
V/ProfileManager( 2385): getaccountstatus
V/ProfileManager( 2385): getstatusgetcount >0
V/SipapiActivity( 2385): getasynctask registered
D/BatteryService( 1527): update start
V/ProfileManager( 2385): getaccountstatus
V/ProfileManager( 2385): getstatusgetcount >0
V/SipapiActivity( 2385): getasynctask registered
V/ProfileManager( 2385): getaccountstatus
V/ProfileManager( 2385): getstatusgetcount >0
V/SipapiActivity( 2385): getasynctask registered
D/BatteryService( 1527): update start
V/ProfileManager( 2385): getaccountstatus
V/ProfileManager( 2385): getstatusgetcount >0
V/SipapiActivity( 2385): getasynctask registered
V/ProfileManager( 2385): getaccountstatus
V/ProfileManager( 2385): getstatusgetcount >0
V/SipapiActivity( 2385): getasynctask registered
D/BatteryService( 1527): update start
D/dalvikvm( 2393): GC_EXPLICIT freed 217K, 50% free 3002K/5959K, external 412K/517K, paused 41ms
V/ProfileManager( 2385): getaccountstatus
V/ProfileManager( 2385): getstatusgetcount >0
V/SipapiActivity( 2385): getasynctask registered
V/Twiliodevice( 2212): deviceoffline()
V/twiliodevice( 2212):  device Ready
V/Twiliodevice( 2212): istokenold()
V/twiliodevice( 2212):  istokenold ereturning false
V/Twilioservice( 2212): (!(interruptrunningthread)   && (count < 10))
V/ProfileManager( 2385): getaccountstatus
V/ProfileManager( 2385): getstatusgetcount >0
D/dalvikvm( 2212): GC_CONCURRENT freed 553K, 41% free 4419K/7431K, external 412K/517K, paused 4ms+7ms
V/SipapiActivity( 2385): getasynctask registered
D/BatteryService( 1527): update start
V/ProfileManager( 2385): getaccountstatus
V/ProfileManager( 2385): getstatusgetcount >0
V/SipapiActivity( 2385): getasynctask registered
V/ProfileManager( 2385): getaccountstatus
V/ProfileManager( 2385): getstatusgetcount >0
V/SipapiActivity( 2385): getasynctask registered
D/BatteryService( 1527): update start
V/ProfileManager( 2385): getaccountstatus
V/ProfileManager( 2385): getstatusgetcount >0
V/SipapiActivity( 2385): getasynctask registered
V/Twilioservice( 2212): (!(interruptrunningthread)   && (count < 10))
V/ProfileManager( 2385): getaccountstatus
V/ProfileManager( 2385): getstatusgetcount >0
V/SipapiActivity( 2385): getasynctask registered
D/BatteryService( 1527): update start
V/ProfileManager( 2385): getaccountstatus
V/ProfileManager( 2385): getstatusgetcount >0
V/SipapiActivity( 2385): getasynctask registered
V/ProfileManager( 2385): getaccountstatus
V/ProfileManager( 2385): getstatusgetcount >0
V/SipapiActivity( 2385): getasynctask registered
D/BatteryService( 1527): update start
V/ProfileManager( 2385): getaccountstatus
V/ProfileManager( 2385): getstatusgetcount >0
V/SipapiActivity( 2385): getasynctask registered
V/Twilioservice( 2212): (!(interruptrunningthread)   && (count < 10))
V/ProfileManager( 2385): getaccountstatus
V/ProfileManager( 2385): getstatusgetcount >0
V/SipapiActivity( 2385): getasynctask registered
D/BatteryService( 1527): update start
V/ProfileManager( 2385): getaccountstatus
V/ProfileManager( 2385): getstatusgetcount >0
V/SipapiActivity( 2385): getasynctask registered
V/ProfileManager( 2385): getaccountstatus
V/ProfileManager( 2385): getstatusgetcount >0
V/SipapiActivity( 2385): getasynctask registered
D/BatteryService( 1527): update start
D/WifiService( 1527): [mPersistState] : On
D/BatteryService( 1527): updateBattery level:99 scale:100 status:2 health:2 present:false voltage: 4 temperature: 340 technology: Li-ion AC powered:false USB powered:true icon:17302206
I/StatusBarPolicy( 1601): BAT. S:2 H:2
V/ProfileManager( 2385): getaccountstatus
V/ProfileManager( 2385): getstatusgetcount >0
V/SipapiActivity( 2385): getasynctask registered
D/dalvikvm( 1527): GC_CONCURRENT freed 1068K, 40% free 6561K/10887K, external 1033K/1524K, paused 8ms+10ms
V/Twilioservice( 2212): (!(interruptrunningthread)   && (count < 10))
V/ProfileManager( 2385): getaccountstatus
V/ProfileManager( 2385): getstatusgetcount >0
V/SipapiActivity( 2385): getasynctask registered
E/ClockWidget( 1942): clock_bg portrait
E/ClockWidget( 1942): drawDayText
E/ClockWidget( 1942): width= 50
E/ClockWidget( 1942): widthText= 83.0
D/BatteryService( 1527): update start
V/ProfileManager( 2385): getaccountstatus
V/ProfileManager( 2385): getstatusgetcount >0
V/SipapiActivity( 2385): getasynctask registered
V/ProfileManager( 2385): getaccountstatus
V/ProfileManager( 2385): getstatusgetcount >0
V/SipapiActivity( 2385): getasynctask registered
D/BatteryService( 1527): update start
V/ProfileManager( 2385): getaccountstatus
V/ProfileManager( 2385): getstatusgetcount >0
V/SipapiActivity( 2385): getasynctask registered
V/Twilioservice( 2212): (!(interruptrunningthread)   && (count < 10))
V/ProfileManager( 2385): getaccountstatus
V/ProfileManager( 2385): getstatusgetcount >0
V/SipapiActivity( 2385): getasynctask registered
D/BatteryService( 1527): update start
V/ProfileManager( 2385): getaccountstatus
V/ProfileManager( 2385): getstatusgetcount >0
V/SipapiActivity( 2385): getasynctask registered
D/dalvikvm( 2246): GC_EXPLICIT freed 226K, 38% free 5112K/8199K, external 412K/517K, paused 73ms
V/ProfileManager( 2385): getaccountstatus
V/ProfileManager( 2385): getstatusgetcount >0
V/SipapiActivity( 2385): getasynctask registered
D/SntpClient( 1527): request time failed: java.net.SocketTimeoutException: Try again
D/GpsLocationProvider( 1527): requestTime failed
D/BatteryService( 1527): update start
V/ProfileManager( 2385): getaccountstatus
V/ProfileManager( 2385): getstatusgetcount >0
V/SipapiActivity( 2385): getasynctask registered
V/Twilioservice( 2212): (!(interruptrunningthread)   && (count < 10))
V/ProfileManager( 2385): getaccountstatus
D/dalvikvm( 2396): GC_EXPLICIT freed 133K, 45% free 3526K/6343K, external 412K/517K, paused 48ms
V/ProfileManager( 2385): getstatusgetcount >0
V/SipapiActivity( 2385): getasynctask registered
D/BatteryService( 1527): update start
V/ProfileManager( 2385): getaccountstatus
V/ProfileManager( 2385): getstatusgetcount >0
V/SipapiActivity( 2385): getasynctask registered
V/ProfileManager( 2385): getaccountstatus
V/ProfileManager( 2385): getstatusgetcount >0
V/SipapiActivity( 2385): getasynctask registered
D/dalvikvm( 1618): GC_CONCURRENT freed 653K, 46% free 4591K/8455K, external 412K/517K, paused 5ms+4ms
D/BatteryService( 1527): update start
V/ProfileManager( 2385): getaccountstatus
V/ProfileManager( 2385): getstatusgetcount >0
V/SipapiActivity( 2385): getasynctask registered
V/Twilioservice( 2212): (!(interruptrunningthread)   && (count < 10))
V/ProfileManager( 2385): getaccountstatus
V/ProfileManager( 2385): getstatusgetcount >0
V/SipapiActivity( 2385): getasynctask registered
D/BatteryService( 1527): update start
V/ProfileManager( 2385): getaccountstatus
V/ProfileManager( 2385): getstatusgetcount >0
V/SipapiActivity( 2385): getasynctask registered
V/ProfileManager( 2385): getaccountstatus
V/ProfileManager( 2385): getstatusgetcount >0
V/SipapiActivity( 2385): getasynctask registered
D/dalvikvm( 2393): GC_EXPLICIT freed 203K, 50% free 3002K/5959K, external 412K/517K, paused 41ms
D/BatteryService( 1527): update start
V/ProfileManager( 2385): getaccountstatus
V/ProfileManager( 2385): getstatusgetcount >0
V/SipapiActivity( 2385): getasynctask registered
V/Twilioservice( 2212): (!(interruptrunningthread)   && (count < 10))
V/ProfileManager( 2385): getaccountstatus
V/ProfileManager( 2385): getstatusgetcount >0
V/SipapiActivity( 2385): getasynctask registered
D/dalvikvm( 2212): GC_CONCURRENT freed 610K, 40% free 4553K/7559K, external 412K/517K, paused 4ms+5ms
D/dalvikvm( 2212): GC_CONCURRENT freed 608K, 39% free 4747K/7751K, external 412K/517K, paused 4ms+4ms
D/dalvikvm( 2212): GC_CONCURRENT freed 652K, 39% free 4959K/8007K, external 412K/517K, paused 4ms+4ms
D/dalvikvm( 2212): GC_CONCURRENT freed 890K, 40% free 4977K/8263K, external 412K/517K, paused 4ms+4ms
D/dalvikvm( 2212): GC_CONCURRENT freed 850K, 40% free 5013K/8263K, external 412K/517K, paused 4ms+4ms
D/dalvikvm( 2212): GC_CONCURRENT freed 841K, 40% free 5035K/8327K, external 412K/517K, paused 4ms+4ms
D/BatteryService( 1527): update start
V/ProfileManager( 2385): getaccountstatus
V/ProfileManager( 2385): getstatusgetcount >0
V/SipapiActivity( 2385): getasynctask registered
V/Twiliodevice( 2212): onPresencechanged getname 94_extn94
V/Twiliodevice( 2212): is available = true
V/Twiliodevice( 2212): is available = true  inPresenceEvent.getName()=94_extn94 myname=94_extn94
V/ProfileManager( 2385): getaccountstatus
D/dalvikvm( 2385): GC_EXPLICIT freed 323K, 48% free 3320K/6279K, external 499K/517K, paused 47ms
V/ProfileManager( 2385): getstatusgetcount >0
V/SipapiActivity( 2385): getasynctask registered
V/Twiliodevice( 2212): onPresencechanged getname 94_extn94
V/Twiliodevice( 2212): is available = true
V/Twiliodevice( 2212): is available = true  inPresenceEvent.getName()=94_extn94 myname=94_extn94
D/BatteryService( 1527): update start
V/ProfileManager( 2385): getaccountstatus
V/ProfileManager( 2385): getstatusgetcount >0
V/SipapiActivity( 2385): getasynctask registered
V/Twilioservice( 2212): (!(interruptrunningthread)   && (count < 10))
V/ProfileManager( 2385): getaccountstatus
V/ProfileManager( 2385): getstatusgetcount >0
V/SipapiActivity( 2385): getasynctask registered
D/BatteryService( 1527): update start
V/ProfileManager( 2385): getaccountstatus
V/ProfileManager( 2385): getstatusgetcount >0
V/SipapiActivity( 2385): getasynctask registered
V/ProfileManager( 2385): getaccountstatus
V/ProfileManager( 2385): getstatusgetcount >0
V/SipapiActivity( 2385): getasynctask registered
D/BatteryService( 1527): update start
V/ProfileManager( 2385): getaccountstatus
V/ProfileManager( 2385): getstatusgetcount >0
V/SipapiActivity( 2385): getasynctask registered
V/Twilioservice( 2212): (!(interruptrunningthread)   && (count < 10))
V/ProfileManager( 2385): getaccountstatus
V/ProfileManager( 2385): getstatusgetcount >0
V/SipapiActivity( 2385): getasynctask registered
E/ClockWidget( 1942): clock_bg portrait
E/ClockWidget( 1942): drawDayText
E/ClockWidget( 1942): width= 50
E/ClockWidget( 1942): widthText= 83.0
D/BatteryService( 1527): update start
V/ProfileManager( 2385): getaccountstatus
V/ProfileManager( 2385): getstatusgetcount >0
V/SipapiActivity( 2385): getasynctask registered
V/ProfileManager( 2385): getaccountstatus
V/ProfileManager( 2385): getstatusgetcount >0
V/SipapiActivity( 2385): getasynctask registered
D/dalvikvm( 1942): GC_EXPLICIT freed 20K, 49% free 2807K/5447K, external 412K/517K, paused 37ms
D/BatteryService( 1527): update start
V/ProfileManager( 2385): getaccountstatus
V/ProfileManager( 2385): getstatusgetcount >0
V/SipapiActivity( 2385): getasynctask registered
V/ProfileManager( 2385): getaccountstatus
V/ProfileManager( 2385): getstatusgetcount >0
V/SipapiActivity( 2385): getasynctask registered
D/BatteryService( 1527): update start
V/ProfileManager( 2385): getaccountstatus
V/ProfileManager( 2385): getstatusgetcount >0
V/SipapiActivity( 2385): getasynctask registered
V/ProfileManager( 2385): getaccountstatus
V/ProfileManager( 2385): getstatusgetcount >0
V/SipapiActivity( 2385): getasynctask registered
D/BatteryService( 1527): update start
V/ProfileManager( 2385): getaccountstatus
V/ProfileManager( 2385): getstatusgetcount >0
V/SipapiActivity( 2385): getasynctask registered
V/Twiliodevice( 2212): deviceoffline()
V/twiliodevice( 2212):  device Ready
V/Twiliodevice( 2212): istokenold()
V/twiliodevice( 2212):  istokenold ereturning false
V/Twilioservice( 2212): (!(interruptrunningthread)   && (count < 10))
V/ProfileManager( 2385): getaccountstatus
V/ProfileManager( 2385): getstatusgetcount >0
V/SipapiActivity( 2385): getasynctask registered
D/BatteryService( 1527): update start
V/ProfileManager( 2385): getaccountstatus
V/ProfileManager( 2385): getstatusgetcount >0
V/SipapiActivity( 2385): getasynctask registered
V/ProfileManager( 2385): getaccountstatus
V/ProfileManager( 2385): getstatusgetcount >0
V/SipapiActivity( 2385): getasynctask registered
D/BatteryService( 1527): update start
V/ProfileManager( 2385): getaccountstatus
V/ProfileManager( 2385): getstatusgetcount >0
V/SipapiActivity( 2385): getasynctask registered
V/Twilioservice( 2212): (!(interruptrunningthread)   && (count < 10))
V/ProfileManager( 2385): getaccountstatus
V/ProfileManager( 2385): getstatusgetcount >0
V/SipapiActivity( 2385): getasynctask registered
D/BatteryService( 1527): update start
V/ProfileManager( 2385): getaccountstatus
V/ProfileManager( 2385): getstatusgetcount >0
V/SipapiActivity( 2385): getasynctask registered
V/ProfileManager( 2385): getaccountstatus
V/ProfileManager( 2385): getstatusgetcount >0
V/SipapiActivity( 2385): getasynctask registered
D/BatteryService( 1527): update start
V/ProfileManager( 2385): getaccountstatus
V/ProfileManager( 2385): getstatusgetcount >0
V/SipapiActivity( 2385): getasynctask registered
V/Twilioservice( 2212): (!(interruptrunningthread)   && (count < 10))
V/ProfileManager( 2385): getaccountstatus
V/ProfileManager( 2385): getstatusgetcount >0
V/SipapiActivity( 2385): getasynctask registered
D/dalvikvm( 2393): GC_EXPLICIT freed 195K, 50% free 3001K/5959K, external 412K/517K, paused 40ms
D/BatteryService( 1527): update start
V/ProfileManager( 2385): getaccountstatus
V/ProfileManager( 2385): getstatusgetcount >0
V/SipapiActivity( 2385): getasynctask registered
V/ProfileManager( 2385): getaccountstatus
V/ProfileManager( 2385): getstatusgetcount >0
V/SipapiActivity( 2385): getasynctask registered
D/BatteryService( 1527): update start
V/ProfileManager( 2385): getaccountstatus
V/ProfileManager( 2385): getstatusgetcount >0
V/SipapiActivity( 2385): getasynctask registered
V/Twilioservice( 2212): (!(interruptrunningthread)   && (count < 10))
V/ProfileManager( 2385): getaccountstatus
V/ProfileManager( 2385): getstatusgetcount >0
V/SipapiActivity( 2385): getasynctask registered
D/dalvikvm( 1527): GC_CONCURRENT freed 1079K, 40% free 6567K/10887K, external 1026K/1524K, paused 7ms+10ms
D/BatteryService( 1527): update start
V/ProfileManager( 2385): getaccountstatus
D/dalvikvm( 2396): GC_EXPLICIT freed 63K, 44% free 3594K/6343K, external 412K/517K, paused 49ms
V/ProfileManager( 2385): getstatusgetcount >0
V/SipapiActivity( 2385): getasynctask registered
V/ProfileManager( 2385): getaccountstatus
V/ProfileManager( 2385): getstatusgetcount >0
V/SipapiActivity( 2385): getasynctask registered
D/dalvikvm( 1651): GC_EXPLICIT freed 284K, 45% free 3419K/6215K, external 413K/517K, paused 53ms
I/EventLogService( 1651): Aggregate from 1413348835700 (log), 1413348835700 (data)
D/BatteryService( 1527): update start
V/ProfileManager( 2385): getaccountstatus
V/ProfileManager( 2385): getstatusgetcount >0
V/SipapiActivity( 2385): getasynctask registered
V/Twilioservice( 2212): (!(interruptrunningthread)   && (count < 10))
V/ProfileManager( 2385): getaccountstatus
V/ProfileManager( 2385): getstatusgetcount >0
V/SipapiActivity( 2385): getasynctask registered
E/ClockWidget( 1942): clock_bg portrait
E/ClockWidget( 1942): drawDayText
E/ClockWidget( 1942): width= 50
E/ClockWidget( 1942): widthText= 83.0
D/BatteryService( 1527): update start
V/ProfileManager( 2385): getaccountstatus
V/ProfileManager( 2385): getstatusgetcount >0
V/SipapiActivity( 2385): getasynctask registered
V/ProfileManager( 2385): getaccountstatus
V/ProfileManager( 2385): getstatusgetcount >0
V/SipapiActivity( 2385): getasynctask registered
D/BatteryService( 1527): update start
V/ProfileManager( 2385): getaccountstatus
V/ProfileManager( 2385): getstatusgetcount >0
V/SipapiActivity( 2385): getasynctask registered
V/Twilioservice( 2212): (!(interruptrunningthread)   && (count < 10))
V/ProfileManager( 2385): getaccountstatus
V/ProfileManager( 2385): getstatusgetcount >0
V/SipapiActivity( 2385): getasynctask registered
D/BatteryService( 1527): update start
V/ProfileManager( 2385): getaccountstatus
V/ProfileManager( 2385): getstatusgetcount >0
V/SipapiActivity( 2385): getasynctask registered
V/ProfileManager( 2385): getaccountstatus
V/ProfileManager( 2385): getstatusgetcount >0
V/SipapiActivity( 2385): getasynctask registered
D/BatteryService( 1527): update start
V/ProfileManager( 2385): getaccountstatus
V/ProfileManager( 2385): getstatusgetcount >0
V/SipapiActivity( 2385): getasynctask registered
V/Twilioservice( 2212): (!(interruptrunningthread)   && (count < 10))
V/ProfileManager( 2385): getaccountstatus
V/ProfileManager( 2385): getstatusgetcount >0
V/SipapiActivity( 2385): getasynctask registered
D/BatteryService( 1527): update start
V/ProfileManager( 2385): getaccountstatus
V/ProfileManager( 2385): getstatusgetcount >0
V/SipapiActivity( 2385): getasynctask registered
V/ProfileManager( 2385): getaccountstatus
V/ProfileManager( 2385): getstatusgetcount >0
V/SipapiActivity( 2385): getasynctask registered
D/BatteryService( 1527): update start
V/ProfileManager( 2385): getaccountstatus
V/ProfileManager( 2385): getstatusgetcount >0
V/SipapiActivity( 2385): getasynctask registered
V/Twilioservice( 2212): (!(interruptrunningthread)   && (count < 10))
V/ProfileManager( 2385): getaccountstatus
V/ProfileManager( 2385): getstatusgetcount >0
V/SipapiActivity( 2385): getasynctask registered
D/BatteryService( 1527): update start
V/ProfileManager( 2385): getaccountstatus
V/ProfileManager( 2385): getstatusgetcount >0
V/SipapiActivity( 2385): getasynctask registered
V/ProfileManager( 2385): getaccountstatus
V/ProfileManager( 2385): getstatusgetcount >0
V/SipapiActivity( 2385): getasynctask registered
D/BatteryService( 1527): update start
V/ProfileManager( 2385): getaccountstatus
V/ProfileManager( 2385): getstatusgetcount >0
V/SipapiActivity( 2385): getasynctask registered
V/Twilioservice( 2212): (!(interruptrunningthread)   && (count < 10))
V/ProfileManager( 2385): getaccountstatus
V/ProfileManager( 2385): getstatusgetcount >0
V/SipapiActivity( 2385): getasynctask registered
D/BatteryService( 1527): update start
V/ProfileManager( 2385): getaccountstatus
V/ProfileManager( 2385): getstatusgetcount >0
V/SipapiActivity( 2385): getasynctask registered
V/ProfileManager( 2385): getaccountstatus
V/ProfileManager( 2385): getstatusgetcount >0
V/SipapiActivity( 2385): getasynctask registered
D/BatteryService( 1527): update start
V/ProfileManager( 2385): getaccountstatus
V/ProfileManager( 2385): getstatusgetcount >0
V/SipapiActivity( 2385): getasynctask registered
V/Twilioservice( 2212): (!(interruptrunningthread)   && (count < 10))
V/ProfileManager( 2385): getaccountstatus
D/dalvikvm( 2385): GC_EXPLICIT freed 328K, 48% free 3314K/6279K, external 499K/517K, paused 56ms
V/ProfileManager( 2385): getstatusgetcount >0
V/SipapiActivity( 2385): getasynctask registered
D/BatteryService( 1527): update start
V/ProfileManager( 2385): getaccountstatus
V/ProfileManager( 2385): getstatusgetcount >0
V/SipapiActivity( 2385): getasynctask registered
D/dalvikvm( 2393): GC_EXPLICIT freed 218K, 50% free 3002K/5959K, external 412K/517K, paused 41ms
V/ProfileManager( 2385): getaccountstatus
V/ProfileManager( 2385): getstatusgetcount >0
V/SipapiActivity( 2385): getasynctask registered
D/BatteryService( 1527): update start
V/ProfileManager( 2385): getaccountstatus
V/ProfileManager( 2385): getstatusgetcount >0
V/SipapiActivity( 2385): getasynctask registered
V/ProfileManager( 2385): getaccountstatus
V/ProfileManager( 2385): getstatusgetcount >0
V/SipapiActivity( 2385): getasynctask registered
E/ClockWidget( 1942): clock_bg portrait
E/ClockWidget( 1942): drawDayText
E/ClockWidget( 1942): width= 50
E/ClockWidget( 1942): widthText= 83.0
D/BatteryService( 1527): update start
V/ProfileManager( 2385): getaccountstatus
V/ProfileManager( 2385): getstatusgetcount >0
V/SipapiActivity( 2385): getasynctask registered
V/ProfileManager( 2385): getaccountstatus
V/ProfileManager( 2385): getstatusgetcount >0
V/SipapiActivity( 2385): getasynctask registered
D/dalvikvm( 1942): GC_EXPLICIT freed 19K, 49% free 2807K/5447K, external 412K/517K, paused 37ms
D/BatteryService( 1527): update start
V/Twiliodevice( 2212): deviceoffline()
V/twiliodevice( 2212):  device Ready
V/Twiliodevice( 2212): istokenold()
V/twiliodevice( 2212):  istokenold ereturning false
V/Twilioservice( 2212): (!(interruptrunningthread)   && (count < 10))
V/ProfileManager( 2385): getaccountstatus
V/ProfileManager( 2385): getstatusgetcount >0
V/SipapiActivity( 2385): getasynctask registered
V/ProfileManager( 2385): getaccountstatus
V/ProfileManager( 2385): getstatusgetcount >0
V/SipapiActivity( 2385): getasynctask registered
D/BatteryService( 1527): update start
V/ProfileManager( 2385): getaccountstatus
V/ProfileManager( 2385): getstatusgetcount >0
V/SipapiActivity( 2385): getasynctask registered
V/ProfileManager( 2385): getaccountstatus
V/ProfileManager( 2385): getstatusgetcount >0
V/SipapiActivity( 2385): getasynctask registered
D/BatteryService( 1527): update start
V/Twilioservice( 2212): (!(interruptrunningthread)   && (count < 10))
V/ProfileManager( 2385): getaccountstatus
V/ProfileManager( 2385): getstatusgetcount >0
V/SipapiActivity( 2385): getasynctask registered
V/ProfileManager( 2385): getaccountstatus
V/ProfileManager( 2385): getstatusgetcount >0
V/SipapiActivity( 2385): getasynctask registered
I/InputReader( 1527): dispatchTouch::touch event's action is 0
I/InputDispatcher( 1527): Delivering touch to current input target
D/PowerManagerService( 1527): reactivateScreenLocksLocked mProxIgnoredBecauseScreenTurnedOff=false
I/PowerManagerService( 1527): Ulight 1->3|0
I/InputReader( 1527): dispatchTouch::touch event's action is 1
I/InputDispatcher( 1527): Delivering touch to current input target
I/RATE    ( 2385): Going to start the async task
W/AudioPolicyManager( 1328): getSituationVolume() situation=1, device=0
W/AudioPolicyManager( 1328): getSituationVolume() mSituationVolume=0.500000
V/AudioFlinger( 1328): AudioFlinger::createTrack() sampleRate 44100, format 1, channelCount 1, frameCount 8192
V/AudioFlinger( 1328): AudioFlinger::createTrack() sessionId: 0
V/AudioFlinger( 1328): AudioFlinger::createTrack() lSessionId: 19
V/AudioFlinger( 1328): Track constructor name 4100, calling thread 1527
V/AudioFlinger( 1328): start(4100), calling thread 1527 session 19
V/AudioFlinger( 1328): ? => ACTIVE (4100) on thread 0x96c80
V/AudioPolicyManager( 1328): startOutput() output 1, stream 1, session 19
V/AudioPolicyManager( 1328): startOutput() mHardwareOutput 1, output 1, mPhoneState 0, mRefCount 0, inputSource 0
V/AudioPolicyManager( 1328): getNewDevice() output=1, fromCache=1
E/AudioPolicyManagerBase( 1328): unknown stream type
E/AudioPolicyManagerBase( 1328): unknown stream type
E/AudioPolicyManagerBase( 1328): unknown stream type
V/AudioPolicyManager( 1328): getNewDevice() STRATEGY_MEDIA #2
V/AudioPolicyManager( 1328): getDeviceForStrategy() from cache strategy 0, device 2
V/AudioPolicyManager( 1328): getNewDevice() selected device 2
V/AudioPolicyManager( 1328): setOutputDevice() output 1 device 2 delayMs 0
V/AudioFlinger( 1328): MixerThread 0x6f228 TID 1491 waking up
V/ALSAStreamOps( 1328):  ALSAStreamOps::setParameters() routing=2, mode 0
V/ALSAStreamOps( 1328): routing device = 0x2
V/AudioHardwareALSA( 1328): getNREConoff - mNREConoff: 0
D/ALSA_Default( 1328): route called for devices 00000002 in mode 0...
D/ALSA_Default( 1328): route for_recording  handle->handle 0xba6f0, handle->curDev 0x1
D/ALSA_Default( 1328): extra_devices - 0 devices- 2  mode - 0
D/ALSA_Default( 1328): ALSA_DEFAULT close..START
D/ALSA_Default( 1328): after snd_pcm_drop
D/ALSA_Default( 1328): ALSA_DEFAULT close..END
D/ALSA_Default( 1328): open called for devices 00000002 in mode 0...
D/ALSA_Default( 1328): deviceName:voip_on[0], gvs_on[0], device[0x2]
V/ALSA_Default( 1328): Set PLAYBACK PCM format to S16_LE (Signed 16 bit Little Endian)
V/ALSA_Default( 1328): Using 2 channels for PLAYBACK.
V/ALSA_Default( 1328): Set device 0 sample rate to 44100 HZ
V/ALSA_Default( 1328): Buffer size: 4096
V/ALSA_Default( 1328): Delay: 92879
D/ALSA_Default( 1328): startThreshold=2048 stopThreshold=4096
V/ALSA_Default( 1328): setSoftwareParams Enable Timestamp
D/ALSA_Default( 1328): Initialized ALSA PLAYBACK device AndroidPlayback_Speaker_normal
V/AudioPolicyManager( 1328): applyStreamVolumes() for output 1 and device 2
E/AudioPolicyManager( 1328): Speaker_swa Volume = 0.316228 , device = 2, stream = 0, index = 5
V/AudioPolicyManager( 1328): setStreamVolume() for output 1 stream 0, volume 0.316228, delay 0
E/AudioPolicyManager( 1328): Speaker_swa Volume = 0.089125 , device = 2, stream = 1, index = 1
E/AudioPolicyManager( 1328): Speaker_swa Volume = 1.000000 , device = 2, stream = 2, index = 7
V/AudioPolicyManager( 1328): getNewDevice() output=1, fromCache=0
E/AudioPolicyManagerBase( 1328): unknown stream type
E/AudioPolicyManagerBase( 1328): unknown stream type
E/AudioPolicyManagerBase( 1328): unknown stream type
V/AudioPolicyManager( 1328): getNewDevice() STRATEGY_MEDIA #2
V/AudioPolicyManager( 1328): getDeviceForStrategy() strategy 0, device 2
V/AudioPolicyManager( 1328): getNewDevice() selected device 2
E/AudioPolicyManager( 1328): Speaker_swa Volume = 0.000000 , device = 2, stream = 3, index = 0
E/AudioPolicyManager( 1328): Speaker_swa Volume = 0.668344 , device = 2, stream = 4, index = 6
E/AudioPolicyManager( 1328): Speaker_swa Volume = 0.281838 , device = 2, stream = 5, index = 4
V/AudioPolicyManager( 1328): checkAndSetVolume() cannot set stream 6 volume with force use = 0 for comm
E/AudioPolicyManager( 1328): Speaker_swa Volume = 0.089125 , device = 2, stream = 7, index = 1
E/AudioPolicyManager( 1328): Speaker_swa Volume = 1.000000 , device = 2, stream = 8, index = 15
V/AudioPolicyManager( 1328): getNewDevice() output=1, fromCache=0
E/AudioPolicyManagerBase( 1328): unknown stream type
E/AudioPolicyManagerBase( 1328): unknown stream type
E/AudioPolicyManagerBase( 1328): unknown stream type
V/AudioPolicyManager( 1328): getNewDevice() STRATEGY_MEDIA #2
V/AudioPolicyManager( 1328): getDeviceForStrategy() strategy 0, device 2
V/AudioPolicyManager( 1328): getNewDevice() selected device 2
E/AudioPolicyManager( 1328): Speaker_swa Volume = 0.000000 , device = 2, stream = 9, index = 0
V/AudioPolicyManager( 1328): getNewDevice() output=1, fromCache=0
E/AudioPolicyManagerBase( 1328): unknown stream type
E/AudioPolicyManagerBase( 1328): unknown stream type
E/AudioPolicyManagerBase( 1328): unknown stream type
V/AudioPolicyManager( 1328): getNewDevice() STRATEGY_MEDIA #2
V/AudioPolicyManager( 1328): getDeviceForStrategy() strategy 0, device 2
V/AudioPolicyManager( 1328): getNewDevice() selected device 2
E/AudioPolicyManager( 1328): Speaker_swa Volume = 0.000000 , device = 2, stream = 10, index = 0
V/AudioPolicyManager( 1328): getNewDevice() output=1, fromCache=0
E/AudioPolicyManagerBase( 1328): unknown stream type
E/AudioPolicyManagerBase( 1328): unknown stream type
E/AudioPolicyManagerBase( 1328): unknown stream type
V/AudioPolicyManager( 1328): getNewDevice() STRATEGY_MEDIA #2
V/AudioPolicyManager( 1328): getDeviceForStrategy() strategy 0, device 2
V/AudioPolicyManager( 1328): getNewDevice() selected device 2
E/AudioPolicyManager( 1328): Speaker_swa Volume = 0.000000 , device = 2, stream = 3, index = 0
V/AudioPolicyManager( 1328): getNewDevice() output=1, fromCache=0
E/AudioPolicyManagerBase( 1328): unknown stream type
E/AudioPolicyManagerBase( 1328): unknown stream type
E/AudioPolicyManagerBase( 1328): unknown stream type
V/AudioPolicyManager( 1328): getNewDevice() STRATEGY_MEDIA #2
V/AudioPolicyManager( 1328): getDeviceForStrategy() strategy 0, device 2
V/AudioPolicyManager( 1328): getNewDevice() selected device 2
E/AudioPolicyManager( 1328): Speaker_swa Volume = 0.000000 , device = 2, stream = 9, index = 0
V/AudioPolicyManager( 1328): getNewDevice() output=1, fromCache=0
E/AudioPolicyManagerBase( 1328): unknown stream type
E/AudioPolicyManagerBase( 1328): unknown stream type
E/AudioPolicyManagerBase( 1328): unknown stream type
V/AudioPolicyManager( 1328): getNewDevice() STRATEGY_MEDIA #2
V/AudioPolicyManager( 1328): getDeviceForStrategy() strategy 0, device 2
V/AudioPolicyManager( 1328): getNewDevice() selected device 2
E/AudioPolicyManager( 1328): Speaker_swa Volume = 0.000000 , device = 2, stream = 10, index = 0
E/AudioPolicyManager( 1328): Speaker_swa Volume = 0.089125 , device = 2, stream = 1, index = 1
V/AudioFlinger( 1328): mWaitWorkCV.broadcast
V/AudioPolicyManager( 1328): releaseOutput() 1
V/AudioFlinger( 1328): remove track (4099) and delete from mixer
V/AudioFlinger( 1328): PlaybackThread::Track destructor
I/Rate    ( 2385): Finishing the app
